nohup: ignoring input
/home/adminsrv/openmc_v15/openmc/model/funcs.py:124: FutureWarning: The hexagonal_prism(...) function has been replaced by the HexagonalPrism(...) class. Future versions of OpenMC will not accept hexagonal_prism.
  warn("The hexagonal_prism(...) function has been replaced by the "
/home/adminsrv/openmc_v15/openmc/source.py:658: FutureWarning: This class is deprecated in favor of 'IndependentSource'
  warnings.warn("This class is deprecated in favor of 'IndependentSource'", FutureWarning)
                                %%%%%%%%%%%%%%%
                           %%%%%%%%%%%%%%%%%%%%%%%%
                        %%%%%%%%%%%%%%%%%%%%%%%%%%%%%%
                      %%%%%%%%%%%%%%%%%%%%%%%%%%%%%%%%%%
                    %%%%%%%%%%%%%%%%%%%%%%%%%%%%%%%%%%%%%%
                   %%%%%%%%%%%%%%%%%%%%%%%%%%%%%%%%%%%%%%%%
                                    %%%%%%%%%%%%%%%%%%%%%%%%
                                     %%%%%%%%%%%%%%%%%%%%%%%%
                 ###############      %%%%%%%%%%%%%%%%%%%%%%%%
                ##################     %%%%%%%%%%%%%%%%%%%%%%%
                ###################     %%%%%%%%%%%%%%%%%%%%%%%
                ####################     %%%%%%%%%%%%%%%%%%%%%%
                #####################     %%%%%%%%%%%%%%%%%%%%%
                ######################     %%%%%%%%%%%%%%%%%%%%
                #######################     %%%%%%%%%%%%%%%%%%
                 #######################     %%%%%%%%%%%%%%%%%
                 ######################     %%%%%%%%%%%%%%%%%
                  ####################     %%%%%%%%%%%%%%%%%
                    #################     %%%%%%%%%%%%%%%%%
                     ###############     %%%%%%%%%%%%%%%%
                       ############     %%%%%%%%%%%%%%%
                          ########     %%%%%%%%%%%%%%
                                      %%%%%%%%%%%

                 | The OpenMC Monte Carlo Code
       Copyright | 2011-2025 MIT, UChicago Argonne LLC, and contributors
         License | https://docs.openmc.org/en/latest/license.html
         Version | 0.15.3-dev9
     Commit Hash | 47ca2916aa85a2909a5f6e0a3442ab7c581894b1
       Date/Time | 2025-12-24 17:27:50
  OpenMP Threads | 8

 Reading settings XML file...
 Reading cross sections XML file...
 Reading materials XML file...
 Reading geometry XML file...
 Reading U235 from
 /home/adminsrv/projects/sections/endfb-viii.0-hdf5/neutron/U235.h5
 Reading U238 from
 /home/adminsrv/projects/sections/endfb-viii.0-hdf5/neutron/U238.h5
 Reading O16 from
 /home/adminsrv/projects/sections/endfb-viii.0-hdf5/neutron/O16.h5
 Reading H1 from
 /home/adminsrv/projects/sections/endfb-viii.0-hdf5/neutron/H1.h5
 Reading Zr90 from
 /home/adminsrv/projects/sections/endfb-viii.0-hdf5/neutron/Zr90.h5
 Reading Zr91 from
 /home/adminsrv/projects/sections/endfb-viii.0-hdf5/neutron/Zr91.h5
 Reading Zr92 from
 /home/adminsrv/projects/sections/endfb-viii.0-hdf5/neutron/Zr92.h5
 Reading Zr94 from
 /home/adminsrv/projects/sections/endfb-viii.0-hdf5/neutron/Zr94.h5
 Reading Zr96 from
 /home/adminsrv/projects/sections/endfb-viii.0-hdf5/neutron/Zr96.h5
 WARNING: Negative value(s) found on probability table for nuclide Zr96 at 600K
 Reading Gd152 from
 /home/adminsrv/projects/sections/endfb-viii.0-hdf5/neutron/Gd152.h5
 Reading Gd154 from
 /home/adminsrv/projects/sections/endfb-viii.0-hdf5/neutron/Gd154.h5
 Reading Gd155 from
 /home/adminsrv/projects/sections/endfb-viii.0-hdf5/neutron/Gd155.h5
 Reading Gd156 from
 /home/adminsrv/projects/sections/endfb-viii.0-hdf5/neutron/Gd156.h5
 Reading Gd157 from
 /home/adminsrv/projects/sections/endfb-viii.0-hdf5/neutron/Gd157.h5
 Reading Gd158 from
 /home/adminsrv/projects/sections/endfb-viii.0-hdf5/neutron/Gd158.h5
 Reading Gd160 from
 /home/adminsrv/projects/sections/endfb-viii.0-hdf5/neutron/Gd160.h5
 Reading O17 from
 /home/adminsrv/projects/sections/endfb-viii.0-hdf5/neutron/O17.h5
 Reading O18 from
 /home/adminsrv/projects/sections/endfb-viii.0-hdf5/neutron/O18.h5
 Reading Er162 from
 /home/adminsrv/projects/sections/endfb-viii.0-hdf5/neutron/Er162.h5
 Reading Er164 from
 /home/adminsrv/projects/sections/endfb-viii.0-hdf5/neutron/Er164.h5
 Reading Er166 from
 /home/adminsrv/projects/sections/endfb-viii.0-hdf5/neutron/Er166.h5
 Reading Er167 from
 /home/adminsrv/projects/sections/endfb-viii.0-hdf5/neutron/Er167.h5
 Reading Er168 from
 /home/adminsrv/projects/sections/endfb-viii.0-hdf5/neutron/Er168.h5
 Reading Er170 from
 /home/adminsrv/projects/sections/endfb-viii.0-hdf5/neutron/Er170.h5
 Reading c_H_in_H2O from
 /home/adminsrv/projects/sections/endfb-viii.0-hdf5/neutron/c_H_in_H2O.h5
 Minimum neutron data temperature: 250.0 K
 Maximum neutron data temperature: 2500.0 K
 Preparing distributed cell instances...
 Reading plot XML file...
 Writing summary.h5 file...
 Maximum neutron transport energy: 20000000.0 eV for H1
 Initializing source particles...

 ====================>     K EIGENVALUE SIMULATION     <====================

  Bat./Gen.      k            Average k
  =========   ========   ====================
        1/1    0.80996
        2/1    0.80106
        3/1    0.83587
        4/1    0.82450
        5/1    0.84089
        6/1    0.83176
        7/1    0.83006
        8/1    0.82657
        9/1    0.83940
       10/1    0.85759
       11/1    0.83583
       12/1    0.82526    0.83054 +/- 0.00528
       13/1    0.85305    0.83805 +/- 0.00810
       14/1    0.83986    0.83850 +/- 0.00574
       15/1    0.83193    0.83719 +/- 0.00464
       16/1    0.86603    0.84199 +/- 0.00612
       17/1    0.79185    0.83483 +/- 0.00884
       18/1    0.76557    0.82617 +/- 0.01155
       19/1    0.84825    0.82863 +/- 0.01048
       20/1    0.85653    0.83142 +/- 0.00978
       21/1    0.77355    0.82616 +/- 0.01029
       22/1    0.84551    0.82777 +/- 0.00953
       23/1    0.79426    0.82519 +/- 0.00914
       24/1    0.85394    0.82724 +/- 0.00871
       25/1    0.85279    0.82895 +/- 0.00828
       26/1    0.74114    0.82346 +/- 0.00950
       27/1    0.80065    0.82212 +/- 0.00902
       28/1    0.83858    0.82303 +/- 0.00855
       29/1    0.85096    0.82450 +/- 0.00822
       30/1    0.83186    0.82487 +/- 0.00781
       31/1    0.79883    0.82363 +/- 0.00753
       32/1    0.79032    0.82212 +/- 0.00734
       33/1    0.76043    0.81943 +/- 0.00751
       34/1    0.79518    0.81842 +/- 0.00726
       35/1    0.81842    0.81842 +/- 0.00696
       36/1    0.78033    0.81696 +/- 0.00685
       37/1    0.77324    0.81534 +/- 0.00679
       38/1    0.75827    0.81330 +/- 0.00685
       39/1    0.81312    0.81329 +/- 0.00661
       40/1    0.80083    0.81288 +/- 0.00640
       41/1    0.78640    0.81202 +/- 0.00625
       42/1    0.81910    0.81225 +/- 0.00605
       43/1    0.79344    0.81168 +/- 0.00589
       44/1    0.84170    0.81256 +/- 0.00579
       45/1    0.76672    0.81125 +/- 0.00577
       46/1    0.81784    0.81143 +/- 0.00561
       47/1    0.80150    0.81116 +/- 0.00546
       48/1    0.85147    0.81222 +/- 0.00542
       49/1    0.86843    0.81367 +/- 0.00547
       50/1    0.78328    0.81291 +/- 0.00539
       51/1    0.83266    0.81339 +/- 0.00528
       52/1    0.82160    0.81358 +/- 0.00515
       53/1    0.82438    0.81383 +/- 0.00504
       54/1    0.84448    0.81453 +/- 0.00497
       55/1    0.77604    0.81368 +/- 0.00494
       56/1    0.84515    0.81436 +/- 0.00487
       57/1    0.79632    0.81398 +/- 0.00479
       58/1    0.81729    0.81404 +/- 0.00469
       59/1    0.81187    0.81400 +/- 0.00459
       60/1    0.79358    0.81359 +/- 0.00451
       61/1    0.81006    0.81352 +/- 0.00443
       62/1    0.85178    0.81426 +/- 0.00440
       63/1    0.84448    0.81483 +/- 0.00436
       64/1    0.78711    0.81432 +/- 0.00430
       65/1    0.79855    0.81403 +/- 0.00424
       66/1    0.85986    0.81485 +/- 0.00424
       67/1    0.81430    0.81484 +/- 0.00416
       68/1    0.81701    0.81487 +/- 0.00409
       69/1    0.81831    0.81493 +/- 0.00402
       70/1    0.85498    0.81560 +/- 0.00401
       71/1    0.80089    0.81536 +/- 0.00395
       72/1    0.82197    0.81547 +/- 0.00389
       73/1    0.84448    0.81593 +/- 0.00385
       74/1    0.85977    0.81661 +/- 0.00385
       75/1    0.85284    0.81717 +/- 0.00384
       76/1    0.79652    0.81686 +/- 0.00379
       77/1    0.78228    0.81634 +/- 0.00377
       78/1    0.77034    0.81566 +/- 0.00377
       79/1    0.83206    0.81590 +/- 0.00373
       80/1    0.79757    0.81564 +/- 0.00368
       81/1    0.80384    0.81547 +/- 0.00363
       82/1    0.84390    0.81587 +/- 0.00360
       83/1    0.84981    0.81633 +/- 0.00358
       84/1    0.80002    0.81611 +/- 0.00354
       85/1    0.79363    0.81581 +/- 0.00351
       86/1    0.80270    0.81564 +/- 0.00347
       87/1    0.86174    0.81624 +/- 0.00347
       88/1    0.78578    0.81585 +/- 0.00345
       89/1    0.81630    0.81585 +/- 0.00341
       90/1    0.85343    0.81632 +/- 0.00340
       91/1    0.82778    0.81647 +/- 0.00336
       92/1    0.79441    0.81620 +/- 0.00333
       93/1    0.83724    0.81645 +/- 0.00330
       94/1    0.83058    0.81662 +/- 0.00326
       95/1    0.80859    0.81652 +/- 0.00322
       96/1    0.87661    0.81722 +/- 0.00326
       97/1    0.83866    0.81747 +/- 0.00323
       98/1    0.79982    0.81727 +/- 0.00320
       99/1    0.83961    0.81752 +/- 0.00318
      100/1    0.79162    0.81723 +/- 0.00315
      101/1    0.84424    0.81753 +/- 0.00313
      102/1    0.81832    0.81754 +/- 0.00310
      103/1    0.79998    0.81735 +/- 0.00307
      104/1    0.84141    0.81760 +/- 0.00305
      105/1    0.82316    0.81766 +/- 0.00302
      106/1    0.83591    0.81785 +/- 0.00299
      107/1    0.85665    0.81825 +/- 0.00299
      108/1    0.92391    0.81933 +/- 0.00315
      109/1    0.83222    0.81946 +/- 0.00312
      110/1    0.81714    0.81944 +/- 0.00309
      111/1    0.83305    0.81957 +/- 0.00306
      112/1    0.82115    0.81959 +/- 0.00303
      113/1    0.82483    0.81964 +/- 0.00300
      114/1    0.77817    0.81924 +/- 0.00300
      115/1    0.83396    0.81938 +/- 0.00297
      116/1    0.78956    0.81910 +/- 0.00296
      117/1    0.79388    0.81886 +/- 0.00294
      118/1    0.85866    0.81923 +/- 0.00294
      119/1    0.85079    0.81952 +/- 0.00292
      120/1    0.81423    0.81947 +/- 0.00290
      121/1    0.83096    0.81958 +/- 0.00287
      122/1    0.84705    0.81982 +/- 0.00286
      123/1    0.83746    0.81998 +/- 0.00284
      124/1    0.78516    0.81967 +/- 0.00283
      125/1    0.77057    0.81925 +/- 0.00283
      126/1    0.80968    0.81916 +/- 0.00281
      127/1    0.76926    0.81874 +/- 0.00282
      128/1    0.80344    0.81861 +/- 0.00280
      129/1    0.86356    0.81899 +/- 0.00280
      130/1    0.85073    0.81925 +/- 0.00279
      131/1    0.83386    0.81937 +/- 0.00277
      132/1    0.80475    0.81925 +/- 0.00275
      133/1    0.85656    0.81955 +/- 0.00274
      134/1    0.79747    0.81938 +/- 0.00273
      135/1    0.81165    0.81931 +/- 0.00271
      136/1    0.83973    0.81948 +/- 0.00269
      137/1    0.82860    0.81955 +/- 0.00267
      138/1    0.81388    0.81950 +/- 0.00265
      139/1    0.81943    0.81950 +/- 0.00263
      140/1    0.81064    0.81943 +/- 0.00261
      141/1    0.80105    0.81929 +/- 0.00259
      142/1    0.80349    0.81917 +/- 0.00258
      143/1    0.86302    0.81950 +/- 0.00258
      144/1    0.87224    0.81990 +/- 0.00259
      145/1    0.81309    0.81985 +/- 0.00257
      146/1    0.82070    0.81985 +/- 0.00255
      147/1    0.85267    0.82009 +/- 0.00254
      148/1    0.80636    0.81999 +/- 0.00253
      149/1    0.79709    0.81983 +/- 0.00251
      150/1    0.86051    0.82012 +/- 0.00251
      151/1    0.83003    0.82019 +/- 0.00250
      152/1    0.80501    0.82008 +/- 0.00248
      153/1    0.85293    0.82031 +/- 0.00247
      154/1    0.77659    0.82001 +/- 0.00247
      155/1    0.83818    0.82013 +/- 0.00246
      156/1    0.85794    0.82039 +/- 0.00246
      157/1    0.77460    0.82008 +/- 0.00246
      158/1    0.84055    0.82022 +/- 0.00245
      159/1    0.86820    0.82054 +/- 0.00245
      160/1    0.81126    0.82048 +/- 0.00244
      161/1    0.81443    0.82044 +/- 0.00242
      162/1    0.83977    0.82057 +/- 0.00241
      163/1    0.83288    0.82065 +/- 0.00239
      164/1    0.83851    0.82076 +/- 0.00238
      165/1    0.82603    0.82080 +/- 0.00237
      166/1    0.84421    0.82095 +/- 0.00236
      167/1    0.80150    0.82082 +/- 0.00234
      168/1    0.79957    0.82069 +/- 0.00233
      169/1    0.81580    0.82066 +/- 0.00232
      170/1    0.81993    0.82065 +/- 0.00230
      171/1    0.86868    0.82095 +/- 0.00231
      172/1    0.77261    0.82065 +/- 0.00231
      173/1    0.78580    0.82044 +/- 0.00231
      174/1    0.85370    0.82064 +/- 0.00230
      175/1    0.83144    0.82071 +/- 0.00229
      176/1    0.83214    0.82078 +/- 0.00228
      177/1    0.79720    0.82064 +/- 0.00227
      178/1    0.82655    0.82067 +/- 0.00226
      179/1    0.87393    0.82099 +/- 0.00226
      180/1    0.86036    0.82122 +/- 0.00226
      181/1    0.79128    0.82104 +/- 0.00226
      182/1    0.84006    0.82115 +/- 0.00225
      183/1    0.80891    0.82108 +/- 0.00223
      184/1    0.84437    0.82122 +/- 0.00223
      185/1    0.81843    0.82120 +/- 0.00221
      186/1    0.80075    0.82108 +/- 0.00220
      187/1    0.85326    0.82127 +/- 0.00220
      188/1    0.82849    0.82131 +/- 0.00219
      189/1    0.83069    0.82136 +/- 0.00217
      190/1    0.78389    0.82115 +/- 0.00217
      191/1    0.80230    0.82105 +/- 0.00216
      192/1    0.81844    0.82103 +/- 0.00215
      193/1    0.78369    0.82083 +/- 0.00215
      194/1    0.83402    0.82090 +/- 0.00214
      195/1    0.84950    0.82105 +/- 0.00213
      196/1    0.84617    0.82119 +/- 0.00213
      197/1    0.81504    0.82116 +/- 0.00211
      198/1    0.79993    0.82104 +/- 0.00211
      199/1    0.81785    0.82103 +/- 0.00209
      200/1    0.82860    0.82107 +/- 0.00208
      201/1    0.79405    0.82093 +/- 0.00208
      202/1    0.81449    0.82089 +/- 0.00207
      203/1    0.81992    0.82089 +/- 0.00206
      204/1    0.82444    0.82091 +/- 0.00205
      205/1    0.83159    0.82096 +/- 0.00204
      206/1    0.83932    0.82105 +/- 0.00203
      207/1    0.80994    0.82100 +/- 0.00202
      208/1    0.86495    0.82122 +/- 0.00202
      209/1    0.81186    0.82117 +/- 0.00201
      210/1    0.78647    0.82100 +/- 0.00201
      211/1    0.85109    0.82115 +/- 0.00200
      212/1    0.83775    0.82123 +/- 0.00200
      213/1    0.80670    0.82116 +/- 0.00199
      214/1    0.82369    0.82117 +/- 0.00198
      215/1    0.78422    0.82099 +/- 0.00198
      216/1    0.86422    0.82120 +/- 0.00198
      217/1    0.84330    0.82131 +/- 0.00197
      218/1    0.84600    0.82143 +/- 0.00197
      219/1    0.82104    0.82142 +/- 0.00196
      220/1    0.82191    0.82143 +/- 0.00195
      221/1    0.83111    0.82147 +/- 0.00194
      222/1    0.84214    0.82157 +/- 0.00193
      223/1    0.78249    0.82139 +/- 0.00193
      224/1    0.80802    0.82132 +/- 0.00192
      225/1    0.83273    0.82138 +/- 0.00191
      226/1    0.83946    0.82146 +/- 0.00191
      227/1    0.81653    0.82144 +/- 0.00190
      228/1    0.81779    0.82142 +/- 0.00189
      229/1    0.84538    0.82153 +/- 0.00188
      230/1    0.80215    0.82144 +/- 0.00188
      231/1    0.85653    0.82160 +/- 0.00188
      232/1    0.81343    0.82157 +/- 0.00187
      233/1    0.80700    0.82150 +/- 0.00186
      234/1    0.82167    0.82150 +/- 0.00185
      235/1    0.78960    0.82136 +/- 0.00185
      236/1    0.77833    0.82117 +/- 0.00185
      237/1    0.79477    0.82105 +/- 0.00185
      238/1    0.81072    0.82101 +/- 0.00184
      239/1    0.77281    0.82080 +/- 0.00184
      240/1    0.81269    0.82076 +/- 0.00184
      241/1    0.79824    0.82066 +/- 0.00183
      242/1    0.84366    0.82076 +/- 0.00182
      243/1    0.84494    0.82087 +/- 0.00182
      244/1    0.80442    0.82080 +/- 0.00181
      245/1    0.77325    0.82059 +/- 0.00182
      246/1    0.82356    0.82061 +/- 0.00181
      247/1    0.81870    0.82060 +/- 0.00180
      248/1    0.84759    0.82071 +/- 0.00180
      249/1    0.82721    0.82074 +/- 0.00179
      250/1    0.79675    0.82064 +/- 0.00179
      251/1    0.79364    0.82053 +/- 0.00178
      252/1    0.80469    0.82046 +/- 0.00178
      253/1    0.81032    0.82042 +/- 0.00177
      254/1    0.79623    0.82032 +/- 0.00176
      255/1    0.76075    0.82008 +/- 0.00177
      256/1    0.80900    0.82003 +/- 0.00177
      257/1    0.82403    0.82005 +/- 0.00176
      258/1    0.79468    0.81995 +/- 0.00176
      259/1    0.80997    0.81991 +/- 0.00175
      260/1    0.86313    0.82008 +/- 0.00175
      261/1    0.90288    0.82041 +/- 0.00177
      262/1    0.78964    0.82029 +/- 0.00177
      263/1    0.79064    0.82017 +/- 0.00177
      264/1    0.77388    0.81999 +/- 0.00177
      265/1    0.81455    0.81997 +/- 0.00176
      266/1    0.77476    0.81979 +/- 0.00177
      267/1    0.79625    0.81970 +/- 0.00176
      268/1    0.77736    0.81953 +/- 0.00176
      269/1    0.86613    0.81971 +/- 0.00177
      270/1    0.80336    0.81965 +/- 0.00176
      271/1    0.82971    0.81969 +/- 0.00175
      272/1    0.86702    0.81987 +/- 0.00176
      273/1    0.80850    0.81983 +/- 0.00175
      274/1    0.84231    0.81991 +/- 0.00175
      275/1    0.82250    0.81992 +/- 0.00174
      276/1    0.80245    0.81986 +/- 0.00173
      277/1    0.81384    0.81983 +/- 0.00173
      278/1    0.85024    0.81995 +/- 0.00172
      279/1    0.79793    0.81987 +/- 0.00172
      280/1    0.79930    0.81979 +/- 0.00171
      281/1    0.82643    0.81981 +/- 0.00171
      282/1    0.82116    0.81982 +/- 0.00170
      283/1    0.84971    0.81993 +/- 0.00170
      284/1    0.83269    0.81997 +/- 0.00169
      285/1    0.85621    0.82011 +/- 0.00169
      286/1    0.78373    0.81997 +/- 0.00169
      287/1    0.85490    0.82010 +/- 0.00169
      288/1    0.84959    0.82021 +/- 0.00169
      289/1    0.75477    0.81997 +/- 0.00170
      290/1    0.82221    0.81998 +/- 0.00169
      291/1    0.84467    0.82007 +/- 0.00169
      292/1    0.82330    0.82008 +/- 0.00168
      293/1    0.82205    0.82009 +/- 0.00168
      294/1    0.80721    0.82004 +/- 0.00167
      295/1    0.79983    0.81997 +/- 0.00167
      296/1    0.82011    0.81997 +/- 0.00166
      297/1    0.81477    0.81995 +/- 0.00166
      298/1    0.85483    0.82007 +/- 0.00165
      299/1    0.84016    0.82014 +/- 0.00165
      300/1    0.84990    0.82025 +/- 0.00165
      301/1    0.85899    0.82038 +/- 0.00165
      302/1    0.82372    0.82039 +/- 0.00164
      303/1    0.77644    0.82024 +/- 0.00164
      304/1    0.78377    0.82012 +/- 0.00164
      305/1    0.82410    0.82013 +/- 0.00164
      306/1    0.82845    0.82016 +/- 0.00163
      307/1    0.84125    0.82023 +/- 0.00163
      308/1    0.87225    0.82040 +/- 0.00163
      309/1    0.81592    0.82039 +/- 0.00163
      310/1    0.81123    0.82036 +/- 0.00162
      311/1    0.82228    0.82036 +/- 0.00161
      312/1    0.83801    0.82042 +/- 0.00161
      313/1    0.83798    0.82048 +/- 0.00161
      314/1    0.81828    0.82047 +/- 0.00160
      315/1    0.83809    0.82053 +/- 0.00160
      316/1    0.79474    0.82045 +/- 0.00159
      317/1    0.88038    0.82064 +/- 0.00160
      318/1    0.86344    0.82078 +/- 0.00160
      319/1    0.83555    0.82083 +/- 0.00160
      320/1    0.81811    0.82082 +/- 0.00159
      321/1    0.79181    0.82073 +/- 0.00159
      322/1    0.77211    0.82057 +/- 0.00159
      323/1    0.87122    0.82073 +/- 0.00160
      324/1    0.80676    0.82069 +/- 0.00159
      325/1    0.83836    0.82074 +/- 0.00159
      326/1    0.79983    0.82068 +/- 0.00158
      327/1    0.82174    0.82068 +/- 0.00158
      328/1    0.82734    0.82070 +/- 0.00157
      329/1    0.79161    0.82061 +/- 0.00157
      330/1    0.79469    0.82053 +/- 0.00157
      331/1    0.82127    0.82053 +/- 0.00156
      332/1    0.80226    0.82048 +/- 0.00156
      333/1    0.76854    0.82032 +/- 0.00156
      334/1    0.81921    0.82031 +/- 0.00156
      335/1    0.85609    0.82042 +/- 0.00156
      336/1    0.85312    0.82052 +/- 0.00156
      337/1    0.82370    0.82053 +/- 0.00155
      338/1    0.81400    0.82051 +/- 0.00155
      339/1    0.81901    0.82051 +/- 0.00154
      340/1    0.84685    0.82059 +/- 0.00154
      341/1    0.82147    0.82059 +/- 0.00153
      342/1    0.85299    0.82069 +/- 0.00153
      343/1    0.79232    0.82060 +/- 0.00153
      344/1    0.86131    0.82072 +/- 0.00153
      345/1    0.81788    0.82072 +/- 0.00153
      346/1    0.86832    0.82086 +/- 0.00153
      347/1    0.81743    0.82085 +/- 0.00152
      348/1    0.80718    0.82081 +/- 0.00152
      349/1    0.83719    0.82086 +/- 0.00152
      350/1    0.84093    0.82091 +/- 0.00151
      351/1    0.84074    0.82097 +/- 0.00151
      352/1    0.82730    0.82099 +/- 0.00151
      353/1    0.83179    0.82102 +/- 0.00150
      354/1    0.79535    0.82095 +/- 0.00150
      355/1    0.82023    0.82095 +/- 0.00149
      356/1    0.83550    0.82099 +/- 0.00149
      357/1    0.84143    0.82105 +/- 0.00149
      358/1    0.76022    0.82087 +/- 0.00149
      359/1    0.85356    0.82097 +/- 0.00149
      360/1    0.82488    0.82098 +/- 0.00149
      361/1    0.83191    0.82101 +/- 0.00148
      362/1    0.84106    0.82106 +/- 0.00148
      363/1    0.74235    0.82084 +/- 0.00149
      364/1    0.86829    0.82098 +/- 0.00149
      365/1    0.82897    0.82100 +/- 0.00149
      366/1    0.79540    0.82093 +/- 0.00149
      367/1    0.83711    0.82097 +/- 0.00148
      368/1    0.82584    0.82099 +/- 0.00148
      369/1    0.83841    0.82103 +/- 0.00148
      370/1    0.80698    0.82099 +/- 0.00147
      371/1    0.80933    0.82096 +/- 0.00147
      372/1    0.81248    0.82094 +/- 0.00147
      373/1    0.80390    0.82089 +/- 0.00146
      374/1    0.84460    0.82096 +/- 0.00146
      375/1    0.79783    0.82089 +/- 0.00146
      376/1    0.80548    0.82085 +/- 0.00145
      377/1    0.86471    0.82097 +/- 0.00146
      378/1    0.84549    0.82104 +/- 0.00145
      379/1    0.82149    0.82104 +/- 0.00145
      380/1    0.84203    0.82110 +/- 0.00145
      381/1    0.88079    0.82126 +/- 0.00145
      382/1    0.79868    0.82120 +/- 0.00145
      383/1    0.89929    0.82141 +/- 0.00146
      384/1    0.83254    0.82144 +/- 0.00146
      385/1    0.80344    0.82139 +/- 0.00145
      386/1    0.84709    0.82146 +/- 0.00145
      387/1    0.83327    0.82149 +/- 0.00145
      388/1    0.78576    0.82139 +/- 0.00145
      389/1    0.78260    0.82129 +/- 0.00145
      390/1    0.82883    0.82131 +/- 0.00144
      391/1    0.83570    0.82135 +/- 0.00144
      392/1    0.80399    0.82130 +/- 0.00144
      393/1    0.79474    0.82123 +/- 0.00143
      394/1    0.80972    0.82120 +/- 0.00143
      395/1    0.79801    0.82114 +/- 0.00143
      396/1    0.88415    0.82131 +/- 0.00143
      397/1    0.82863    0.82132 +/- 0.00143
      398/1    0.80451    0.82128 +/- 0.00143
      399/1    0.81710    0.82127 +/- 0.00142
      400/1    0.83297    0.82130 +/- 0.00142
      401/1    0.77813    0.82119 +/- 0.00142
      402/1    0.83920    0.82124 +/- 0.00142
      403/1    0.82624    0.82125 +/- 0.00141
      404/1    0.85403    0.82133 +/- 0.00141
      405/1    0.84773    0.82140 +/- 0.00141
      406/1    0.78552    0.82131 +/- 0.00141
      407/1    0.80643    0.82127 +/- 0.00141
      408/1    0.83896    0.82132 +/- 0.00140
      409/1    0.81673    0.82130 +/- 0.00140
      410/1    0.83243    0.82133 +/- 0.00140
      411/1    0.81617    0.82132 +/- 0.00139
      412/1    0.83848    0.82136 +/- 0.00139
      413/1    0.83371    0.82139 +/- 0.00139
      414/1    0.84040    0.82144 +/- 0.00139
      415/1    0.81876    0.82143 +/- 0.00138
      416/1    0.81277    0.82141 +/- 0.00138
      417/1    0.74288    0.82122 +/- 0.00139
      418/1    0.84000    0.82126 +/- 0.00139
      419/1    0.79650    0.82120 +/- 0.00138
      420/1    0.79537    0.82114 +/- 0.00138
      421/1    0.82247    0.82114 +/- 0.00138
      422/1    0.79766    0.82109 +/- 0.00138
      423/1    0.77504    0.82098 +/- 0.00138
      424/1    0.81506    0.82096 +/- 0.00138
      425/1    0.83298    0.82099 +/- 0.00137
      426/1    0.81014    0.82096 +/- 0.00137
      427/1    0.81548    0.82095 +/- 0.00137
      428/1    0.81472    0.82094 +/- 0.00136
      429/1    0.77145    0.82082 +/- 0.00136
      430/1    0.81067    0.82079 +/- 0.00136
      431/1    0.89139    0.82096 +/- 0.00137
      432/1    0.82796    0.82098 +/- 0.00137
      433/1    0.83951    0.82102 +/- 0.00136
      434/1    0.83512    0.82106 +/- 0.00136
      435/1    0.76844    0.82093 +/- 0.00136
      436/1    0.83717    0.82097 +/- 0.00136
      437/1    0.80574    0.82093 +/- 0.00136
      438/1    0.86018    0.82103 +/- 0.00136
      439/1    0.77683    0.82092 +/- 0.00136
      440/1    0.82629    0.82094 +/- 0.00135
      441/1    0.80002    0.82089 +/- 0.00135
      442/1    0.80526    0.82085 +/- 0.00135
      443/1    0.83837    0.82089 +/- 0.00135
      444/1    0.80226    0.82085 +/- 0.00135
      445/1    0.82499    0.82086 +/- 0.00134
      446/1    0.85811    0.82094 +/- 0.00134
      447/1    0.85981    0.82103 +/- 0.00134
      448/1    0.85774    0.82112 +/- 0.00134
      449/1    0.80132    0.82107 +/- 0.00134
      450/1    0.77930    0.82098 +/- 0.00134
      451/1    0.77285    0.82087 +/- 0.00134
      452/1    0.80244    0.82082 +/- 0.00134
      453/1    0.80370    0.82079 +/- 0.00134
      454/1    0.80777    0.82076 +/- 0.00133
      455/1    0.78992    0.82069 +/- 0.00133
      456/1    0.81937    0.82068 +/- 0.00133
      457/1    0.77664    0.82059 +/- 0.00133
      458/1    0.83181    0.82061 +/- 0.00133
      459/1    0.81074    0.82059 +/- 0.00132
      460/1    0.82658    0.82060 +/- 0.00132
      461/1    0.84777    0.82066 +/- 0.00132
      462/1    0.83568    0.82070 +/- 0.00132
      463/1    0.82395    0.82070 +/- 0.00131
      464/1    0.87421    0.82082 +/- 0.00132
      465/1    0.81599    0.82081 +/- 0.00131
      466/1    0.82616    0.82082 +/- 0.00131
      467/1    0.74662    0.82066 +/- 0.00132
      468/1    0.79962    0.82061 +/- 0.00132
      469/1    0.78959    0.82055 +/- 0.00131
      470/1    0.80865    0.82052 +/- 0.00131
      471/1    0.82963    0.82054 +/- 0.00131
      472/1    0.86326    0.82063 +/- 0.00131
      473/1    0.82349    0.82064 +/- 0.00131
      474/1    0.78335    0.82056 +/- 0.00131
      475/1    0.82894    0.82058 +/- 0.00130
      476/1    0.82199    0.82058 +/- 0.00130
      477/1    0.78190    0.82050 +/- 0.00130
      478/1    0.79615    0.82044 +/- 0.00130
      479/1    0.85006    0.82051 +/- 0.00130
      480/1    0.77931    0.82042 +/- 0.00130
      481/1    0.81820    0.82042 +/- 0.00130
      482/1    0.76228    0.82029 +/- 0.00130
      483/1    0.84234    0.82034 +/- 0.00130
      484/1    0.80306    0.82030 +/- 0.00129
      485/1    0.84289    0.82035 +/- 0.00129
      486/1    0.82765    0.82037 +/- 0.00129
      487/1    0.83491    0.82040 +/- 0.00129
      488/1    0.82438    0.82040 +/- 0.00129
      489/1    0.84653    0.82046 +/- 0.00128
      490/1    0.80775    0.82043 +/- 0.00128
      491/1    0.83286    0.82046 +/- 0.00128
      492/1    0.78300    0.82038 +/- 0.00128
      493/1    0.86917    0.82048 +/- 0.00128
      494/1    0.83121    0.82050 +/- 0.00128
      495/1    0.85320    0.82057 +/- 0.00128
      496/1    0.79954    0.82053 +/- 0.00127
      497/1    0.79850    0.82048 +/- 0.00127
      498/1    0.89475    0.82063 +/- 0.00128
      499/1    0.79615    0.82058 +/- 0.00128
      500/1    0.79115    0.82052 +/- 0.00128
      501/1    0.80259    0.82049 +/- 0.00127
      502/1    0.83770    0.82052 +/- 0.00127
      503/1    0.80733    0.82050 +/- 0.00127
      504/1    0.78733    0.82043 +/- 0.00127
      505/1    0.84619    0.82048 +/- 0.00127
      506/1    0.84641    0.82053 +/- 0.00127
      507/1    0.84387    0.82058 +/- 0.00126
      508/1    0.82613    0.82059 +/- 0.00126
      509/1    0.82948    0.82061 +/- 0.00126
      510/1    0.79152    0.82055 +/- 0.00126
      511/1    0.80720    0.82052 +/- 0.00126
      512/1    0.77525    0.82043 +/- 0.00126
      513/1    0.80959    0.82041 +/- 0.00125
      514/1    0.84089    0.82045 +/- 0.00125
      515/1    0.79392    0.82040 +/- 0.00125
      516/1    0.81647    0.82039 +/- 0.00125
      517/1    0.79640    0.82035 +/- 0.00125
      518/1    0.85809    0.82042 +/- 0.00125
      519/1    0.81438    0.82041 +/- 0.00124
      520/1    0.80916    0.82039 +/- 0.00124
      521/1    0.79886    0.82034 +/- 0.00124
      522/1    0.77769    0.82026 +/- 0.00124
      523/1    0.79562    0.82021 +/- 0.00124
      524/1    0.84833    0.82027 +/- 0.00124
      525/1    0.81807    0.82026 +/- 0.00124
      526/1    0.78964    0.82020 +/- 0.00124
      527/1    0.79253    0.82015 +/- 0.00123
      528/1    0.84687    0.82020 +/- 0.00123
      529/1    0.78950    0.82014 +/- 0.00123
      530/1    0.78850    0.82008 +/- 0.00123
      531/1    0.86221    0.82016 +/- 0.00123
      532/1    0.79727    0.82012 +/- 0.00123
      533/1    0.81978    0.82012 +/- 0.00123
      534/1    0.83757    0.82015 +/- 0.00123
      535/1    0.81945    0.82015 +/- 0.00122
      536/1    0.82622    0.82016 +/- 0.00122
      537/1    0.82865    0.82018 +/- 0.00122
      538/1    0.83137    0.82020 +/- 0.00122
      539/1    0.80341    0.82017 +/- 0.00121
      540/1    0.83521    0.82020 +/- 0.00121
      541/1    0.80396    0.82016 +/- 0.00121
      542/1    0.86633    0.82025 +/- 0.00121
      543/1    0.80579    0.82022 +/- 0.00121
      544/1    0.78743    0.82016 +/- 0.00121
      545/1    0.83263    0.82019 +/- 0.00121
      546/1    0.84240    0.82023 +/- 0.00121
      547/1    0.82692    0.82024 +/- 0.00120
      548/1    0.78067    0.82017 +/- 0.00120
      549/1    0.83862    0.82020 +/- 0.00120
      550/1    0.80914    0.82018 +/- 0.00120
      551/1    0.77494    0.82010 +/- 0.00120
      552/1    0.79735    0.82005 +/- 0.00120
      553/1    0.78958    0.82000 +/- 0.00120
      554/1    0.83593    0.82003 +/- 0.00120
      555/1    0.79454    0.81998 +/- 0.00119
      556/1    0.81185    0.81997 +/- 0.00119
      557/1    0.80334    0.81994 +/- 0.00119
      558/1    0.83190    0.81996 +/- 0.00119
      559/1    0.83850    0.81999 +/- 0.00119
      560/1    0.84722    0.82004 +/- 0.00119
      561/1    0.82297    0.82005 +/- 0.00118
      562/1    0.82696    0.82006 +/- 0.00118
      563/1    0.82415    0.82007 +/- 0.00118
      564/1    0.81460    0.82006 +/- 0.00118
      565/1    0.85197    0.82011 +/- 0.00118
      566/1    0.77274    0.82003 +/- 0.00118
      567/1    0.82660    0.82004 +/- 0.00118
      568/1    0.82756    0.82005 +/- 0.00117
      569/1    0.78002    0.81998 +/- 0.00117
      570/1    0.86007    0.82005 +/- 0.00117
      571/1    0.84273    0.82009 +/- 0.00117
      572/1    0.82675    0.82011 +/- 0.00117
      573/1    0.77752    0.82003 +/- 0.00117
      574/1    0.78790    0.81997 +/- 0.00117
      575/1    0.85732    0.82004 +/- 0.00117
      576/1    0.80667    0.82002 +/- 0.00117
      577/1    0.80186    0.81998 +/- 0.00117
      578/1    0.79363    0.81994 +/- 0.00116
      579/1    0.83132    0.81996 +/- 0.00116
      580/1    0.86792    0.82004 +/- 0.00116
      581/1    0.85738    0.82011 +/- 0.00116
      582/1    0.76930    0.82002 +/- 0.00117
      583/1    0.83158    0.82004 +/- 0.00116
      584/1    0.80814    0.82002 +/- 0.00116
      585/1    0.80939    0.82000 +/- 0.00116
      586/1    0.80510    0.81997 +/- 0.00116
      587/1    0.81709    0.81997 +/- 0.00116
      588/1    0.79997    0.81993 +/- 0.00115
      589/1    0.82073    0.81994 +/- 0.00115
      590/1    0.81511    0.81993 +/- 0.00115
      591/1    0.84461    0.81997 +/- 0.00115
      592/1    0.80629    0.81995 +/- 0.00115
      593/1    0.81546    0.81994 +/- 0.00115
      594/1    0.80123    0.81991 +/- 0.00114
      595/1    0.82264    0.81991 +/- 0.00114
      596/1    0.79847    0.81987 +/- 0.00114
      597/1    0.82274    0.81988 +/- 0.00114
      598/1    0.81701    0.81987 +/- 0.00114
      599/1    0.79180    0.81983 +/- 0.00114
      600/1    0.80840    0.81981 +/- 0.00113
      601/1    0.79422    0.81976 +/- 0.00113
      602/1    0.80919    0.81975 +/- 0.00113
      603/1    0.80818    0.81973 +/- 0.00113
      604/1    0.81292    0.81972 +/- 0.00113
      605/1    0.78136    0.81965 +/- 0.00113
      606/1    0.79045    0.81960 +/- 0.00113
      607/1    0.81006    0.81959 +/- 0.00113
      608/1    0.83312    0.81961 +/- 0.00112
      609/1    0.86185    0.81968 +/- 0.00112
      610/1    0.81286    0.81967 +/- 0.00112
      611/1    0.81818    0.81966 +/- 0.00112
      612/1    0.78871    0.81961 +/- 0.00112
      613/1    0.81719    0.81961 +/- 0.00112
      614/1    0.80030    0.81958 +/- 0.00112
      615/1    0.78124    0.81951 +/- 0.00112
      616/1    0.83688    0.81954 +/- 0.00111
      617/1    0.83728    0.81957 +/- 0.00111
      618/1    0.84059    0.81961 +/- 0.00111
      619/1    0.80616    0.81958 +/- 0.00111
      620/1    0.81460    0.81958 +/- 0.00111
      621/1    0.83638    0.81960 +/- 0.00111
      622/1    0.82805    0.81962 +/- 0.00111
      623/1    0.84024    0.81965 +/- 0.00110
      624/1    0.88020    0.81975 +/- 0.00111
      625/1    0.83079    0.81977 +/- 0.00111
      626/1    0.84295    0.81981 +/- 0.00110
      627/1    0.81670    0.81980 +/- 0.00110
      628/1    0.86969    0.81988 +/- 0.00110
      629/1    0.82572    0.81989 +/- 0.00110
      630/1    0.83310    0.81991 +/- 0.00110
      631/1    0.85709    0.81997 +/- 0.00110
      632/1    0.84475    0.82001 +/- 0.00110
      633/1    0.78471    0.81995 +/- 0.00110
      634/1    0.81688    0.81995 +/- 0.00110
      635/1    0.83025    0.81997 +/- 0.00110
      636/1    0.80278    0.81994 +/- 0.00109
      637/1    0.85683    0.82000 +/- 0.00109
      638/1    0.81820    0.82000 +/- 0.00109
      639/1    0.81699    0.81999 +/- 0.00109
      640/1    0.78923    0.81994 +/- 0.00109
      641/1    0.78421    0.81988 +/- 0.00109
      642/1    0.80535    0.81986 +/- 0.00109
      643/1    0.85020    0.81991 +/- 0.00109
      644/1    0.85537    0.81997 +/- 0.00109
      645/1    0.81212    0.81995 +/- 0.00109
      646/1    0.80829    0.81994 +/- 0.00108
      647/1    0.79090    0.81989 +/- 0.00108
      648/1    0.78789    0.81984 +/- 0.00108
      649/1    0.82009    0.81984 +/- 0.00108
      650/1    0.79860    0.81981 +/- 0.00108
      651/1    0.88062    0.81990 +/- 0.00108
      652/1    0.79919    0.81987 +/- 0.00108
      653/1    0.82509    0.81988 +/- 0.00108
      654/1    0.83239    0.81990 +/- 0.00108
      655/1    0.83335    0.81992 +/- 0.00108
      656/1    0.80852    0.81990 +/- 0.00107
      657/1    0.82762    0.81991 +/- 0.00107
      658/1    0.85114    0.81996 +/- 0.00107
      659/1    0.81367    0.81995 +/- 0.00107
      660/1    0.78069    0.81989 +/- 0.00107
      661/1    0.82024    0.81989 +/- 0.00107
      662/1    0.80773    0.81987 +/- 0.00107
      663/1    0.78584    0.81982 +/- 0.00107
      664/1    0.82147    0.81982 +/- 0.00107
      665/1    0.82569    0.81983 +/- 0.00106
      666/1    0.87255    0.81991 +/- 0.00107
      667/1    0.85066    0.81996 +/- 0.00106
      668/1    0.80108    0.81993 +/- 0.00106
      669/1    0.76078    0.81984 +/- 0.00107
      670/1    0.78835    0.81979 +/- 0.00107
      671/1    0.79558    0.81976 +/- 0.00106
      672/1    0.79176    0.81971 +/- 0.00106
      673/1    0.84541    0.81975 +/- 0.00106
      674/1    0.78428    0.81970 +/- 0.00106
      675/1    0.87279    0.81978 +/- 0.00106
      676/1    0.79929    0.81975 +/- 0.00106
      677/1    0.80967    0.81973 +/- 0.00106
      678/1    0.81596    0.81973 +/- 0.00106
      679/1    0.80061    0.81970 +/- 0.00106
      680/1    0.76723    0.81962 +/- 0.00106
      681/1    0.84651    0.81966 +/- 0.00106
      682/1    0.78387    0.81961 +/- 0.00106
      683/1    0.83593    0.81963 +/- 0.00106
      684/1    0.76242    0.81955 +/- 0.00106
      685/1    0.76002    0.81946 +/- 0.00106
      686/1    0.80322    0.81943 +/- 0.00106
      687/1    0.77740    0.81937 +/- 0.00106
      688/1    0.80319    0.81935 +/- 0.00106
      689/1    0.80479    0.81933 +/- 0.00106
      690/1    0.84340    0.81936 +/- 0.00106
      691/1    0.86090    0.81942 +/- 0.00106
      692/1    0.81826    0.81942 +/- 0.00106
      693/1    0.82200    0.81943 +/- 0.00105
      694/1    0.82586    0.81943 +/- 0.00105
      695/1    0.75009    0.81933 +/- 0.00106
      696/1    0.80592    0.81931 +/- 0.00105
      697/1    0.80473    0.81929 +/- 0.00105
      698/1    0.80123    0.81927 +/- 0.00105
      699/1    0.77888    0.81921 +/- 0.00105
      700/1    0.83535    0.81923 +/- 0.00105
      701/1    0.83348    0.81925 +/- 0.00105
      702/1    0.79693    0.81922 +/- 0.00105
      703/1    0.81260    0.81921 +/- 0.00105
      704/1    0.85165    0.81926 +/- 0.00105
      705/1    0.86580    0.81932 +/- 0.00105
      706/1    0.82051    0.81933 +/- 0.00105
      707/1    0.82376    0.81933 +/- 0.00104
      708/1    0.83485    0.81935 +/- 0.00104
      709/1    0.86448    0.81942 +/- 0.00104
      710/1    0.81898    0.81942 +/- 0.00104
      711/1    0.79295    0.81938 +/- 0.00104
      712/1    0.84527    0.81942 +/- 0.00104
      713/1    0.80921    0.81940 +/- 0.00104
      714/1    0.81928    0.81940 +/- 0.00104
      715/1    0.77368    0.81934 +/- 0.00104
      716/1    0.82070    0.81934 +/- 0.00104
      717/1    0.77899    0.81928 +/- 0.00104
      718/1    0.86703    0.81935 +/- 0.00104
      719/1    0.79267    0.81931 +/- 0.00104
      720/1    0.83169    0.81933 +/- 0.00104
      721/1    0.83596    0.81935 +/- 0.00103
      722/1    0.81685    0.81935 +/- 0.00103
      723/1    0.81835    0.81935 +/- 0.00103
      724/1    0.80092    0.81932 +/- 0.00103
      725/1    0.84891    0.81936 +/- 0.00103
      726/1    0.76864    0.81929 +/- 0.00103
      727/1    0.83284    0.81931 +/- 0.00103
      728/1    0.82441    0.81932 +/- 0.00103
      729/1    0.84329    0.81935 +/- 0.00103
      730/1    0.81794    0.81935 +/- 0.00103
      731/1    0.86558    0.81941 +/- 0.00103
      732/1    0.87103    0.81949 +/- 0.00103
      733/1    0.81063    0.81947 +/- 0.00103
      734/1    0.82046    0.81947 +/- 0.00102
      735/1    0.81819    0.81947 +/- 0.00102
      736/1    0.78647    0.81943 +/- 0.00102
      737/1    0.81503    0.81942 +/- 0.00102
      738/1    0.81104    0.81941 +/- 0.00102
      739/1    0.90317    0.81952 +/- 0.00102
      740/1    0.78893    0.81948 +/- 0.00102
      741/1    0.82695    0.81949 +/- 0.00102
      742/1    0.82840    0.81951 +/- 0.00102
      743/1    0.80682    0.81949 +/- 0.00102
      744/1    0.88291    0.81957 +/- 0.00102
      745/1    0.80805    0.81956 +/- 0.00102
      746/1    0.82734    0.81957 +/- 0.00102
      747/1    0.87181    0.81964 +/- 0.00102
      748/1    0.80738    0.81962 +/- 0.00102
      749/1    0.80570    0.81960 +/- 0.00102
      750/1    0.82308    0.81961 +/- 0.00102
      751/1    0.84357    0.81964 +/- 0.00102
      752/1    0.88073    0.81972 +/- 0.00102
      753/1    0.77066    0.81966 +/- 0.00102
      754/1    0.79800    0.81963 +/- 0.00102
      755/1    0.75816    0.81955 +/- 0.00102
      756/1    0.80261    0.81952 +/- 0.00102
      757/1    0.79291    0.81949 +/- 0.00102
      758/1    0.81837    0.81949 +/- 0.00102
      759/1    0.78871    0.81945 +/- 0.00102
      760/1    0.87461    0.81952 +/- 0.00102
      761/1    0.79428    0.81949 +/- 0.00102
      762/1    0.83503    0.81951 +/- 0.00102
      763/1    0.83027    0.81952 +/- 0.00101
      764/1    0.78620    0.81948 +/- 0.00101
      765/1    0.79808    0.81945 +/- 0.00101
      766/1    0.74395    0.81935 +/- 0.00102
      767/1    0.85279    0.81939 +/- 0.00102
      768/1    0.79533    0.81936 +/- 0.00102
      769/1    0.85287    0.81940 +/- 0.00101
      770/1    0.84043    0.81943 +/- 0.00101
      771/1    0.79053    0.81939 +/- 0.00101
      772/1    0.83352    0.81941 +/- 0.00101
      773/1    0.86122    0.81947 +/- 0.00101
      774/1    0.83515    0.81949 +/- 0.00101
      775/1    0.82589    0.81950 +/- 0.00101
      776/1    0.82878    0.81951 +/- 0.00101
      777/1    0.84673    0.81954 +/- 0.00101
      778/1    0.78592    0.81950 +/- 0.00101
      779/1    0.77396    0.81944 +/- 0.00101
      780/1    0.81157    0.81943 +/- 0.00101
      781/1    0.79498    0.81940 +/- 0.00101
      782/1    0.80692    0.81938 +/- 0.00100
      783/1    0.78306    0.81934 +/- 0.00100
      784/1    0.85619    0.81938 +/- 0.00100
      785/1    0.78164    0.81933 +/- 0.00100
      786/1    0.83434    0.81935 +/- 0.00100
      787/1    0.76946    0.81929 +/- 0.00100
      788/1    0.79746    0.81926 +/- 0.00100
      789/1    0.83464    0.81928 +/- 0.00100
      790/1    0.78956    0.81924 +/- 0.00100
      791/1    0.88382    0.81933 +/- 0.00100
      792/1    0.82071    0.81933 +/- 0.00100
      793/1    0.77119    0.81927 +/- 0.00100
      794/1    0.80173    0.81924 +/- 0.00100
      795/1    0.78899    0.81921 +/- 0.00100
      796/1    0.83372    0.81922 +/- 0.00100
      797/1    0.80751    0.81921 +/- 0.00100
      798/1    0.78351    0.81916 +/- 0.00100
      799/1    0.82725    0.81917 +/- 0.00100
      800/1    0.84918    0.81921 +/- 0.00100
      801/1    0.82872    0.81922 +/- 0.00100
      802/1    0.81320    0.81922 +/- 0.00099
      803/1    0.81206    0.81921 +/- 0.00099
      804/1    0.86304    0.81926 +/- 0.00099
      805/1    0.82548    0.81927 +/- 0.00099
      806/1    0.81291    0.81926 +/- 0.00099
      807/1    0.78582    0.81922 +/- 0.00099
      808/1    0.78699    0.81918 +/- 0.00099
      809/1    0.87532    0.81925 +/- 0.00099
      810/1    0.84659    0.81928 +/- 0.00099
      811/1    0.82860    0.81930 +/- 0.00099
      812/1    0.81489    0.81929 +/- 0.00099
      813/1    0.84980    0.81933 +/- 0.00099
      814/1    0.81448    0.81932 +/- 0.00099
      815/1    0.80349    0.81930 +/- 0.00099
      816/1    0.83711    0.81933 +/- 0.00099
      817/1    0.79126    0.81929 +/- 0.00098
      818/1    0.82064    0.81929 +/- 0.00098
      819/1    0.84186    0.81932 +/- 0.00098
      820/1    0.84583    0.81935 +/- 0.00098
      821/1    0.82773    0.81936 +/- 0.00098
      822/1    0.81993    0.81936 +/- 0.00098
      823/1    0.86661    0.81942 +/- 0.00098
      824/1    0.83850    0.81945 +/- 0.00098
      825/1    0.84595    0.81948 +/- 0.00098
      826/1    0.78069    0.81943 +/- 0.00098
      827/1    0.84771    0.81946 +/- 0.00098
      828/1    0.81519    0.81946 +/- 0.00098
      829/1    0.83201    0.81948 +/- 0.00098
      830/1    0.86344    0.81953 +/- 0.00098
      831/1    0.78273    0.81948 +/- 0.00098
      832/1    0.81349    0.81948 +/- 0.00097
      833/1    0.81070    0.81947 +/- 0.00097
      834/1    0.81709    0.81946 +/- 0.00097
      835/1    0.81336    0.81946 +/- 0.00097
      836/1    0.81648    0.81945 +/- 0.00097
      837/1    0.84367    0.81948 +/- 0.00097
      838/1    0.81854    0.81948 +/- 0.00097
      839/1    0.81071    0.81947 +/- 0.00097
      840/1    0.81821    0.81947 +/- 0.00097
      841/1    0.79323    0.81944 +/- 0.00096
      842/1    0.82606    0.81944 +/- 0.00096
      843/1    0.85066    0.81948 +/- 0.00096
      844/1    0.82000    0.81948 +/- 0.00096
      845/1    0.79713    0.81946 +/- 0.00096
      846/1    0.79034    0.81942 +/- 0.00096
      847/1    0.82573    0.81943 +/- 0.00096
      848/1    0.80340    0.81941 +/- 0.00096
      849/1    0.83073    0.81942 +/- 0.00096
      850/1    0.83537    0.81944 +/- 0.00096
      851/1    0.84274    0.81947 +/- 0.00096
      852/1    0.74988    0.81939 +/- 0.00096
      853/1    0.87755    0.81946 +/- 0.00096
      854/1    0.81335    0.81945 +/- 0.00096
      855/1    0.83205    0.81946 +/- 0.00096
      856/1    0.80169    0.81944 +/- 0.00096
      857/1    0.81911    0.81944 +/- 0.00096
      858/1    0.80023    0.81942 +/- 0.00095
      859/1    0.78906    0.81938 +/- 0.00095
      860/1    0.89202    0.81947 +/- 0.00096
      861/1    0.79730    0.81944 +/- 0.00096
      862/1    0.82665    0.81945 +/- 0.00096
      863/1    0.81360    0.81944 +/- 0.00095
      864/1    0.78813    0.81941 +/- 0.00095
      865/1    0.83647    0.81943 +/- 0.00095
      866/1    0.79258    0.81940 +/- 0.00095
      867/1    0.82185    0.81940 +/- 0.00095
      868/1    0.81463    0.81939 +/- 0.00095
      869/1    0.85218    0.81943 +/- 0.00095
      870/1    0.82516    0.81944 +/- 0.00095
      871/1    0.85373    0.81948 +/- 0.00095
      872/1    0.82223    0.81948 +/- 0.00095
      873/1    0.81013    0.81947 +/- 0.00095
      874/1    0.82779    0.81948 +/- 0.00095
      875/1    0.77906    0.81943 +/- 0.00095
      876/1    0.82725    0.81944 +/- 0.00094
      877/1    0.81496    0.81944 +/- 0.00094
      878/1    0.82366    0.81944 +/- 0.00094
      879/1    0.80280    0.81942 +/- 0.00094
      880/1    0.86904    0.81948 +/- 0.00094
      881/1    0.83519    0.81950 +/- 0.00094
      882/1    0.76665    0.81944 +/- 0.00094
      883/1    0.80926    0.81943 +/- 0.00094
      884/1    0.83611    0.81945 +/- 0.00094
      885/1    0.82640    0.81945 +/- 0.00094
      886/1    0.81465    0.81945 +/- 0.00094
      887/1    0.81831    0.81945 +/- 0.00094
      888/1    0.76865    0.81939 +/- 0.00094
      889/1    0.81546    0.81938 +/- 0.00094
      890/1    0.83663    0.81940 +/- 0.00094
      891/1    0.76332    0.81934 +/- 0.00094
      892/1    0.82593    0.81935 +/- 0.00094
      893/1    0.80049    0.81933 +/- 0.00093
      894/1    0.77707    0.81928 +/- 0.00093
      895/1    0.78166    0.81924 +/- 0.00093
      896/1    0.78426    0.81920 +/- 0.00093
      897/1    0.82253    0.81920 +/- 0.00093
      898/1    0.81703    0.81920 +/- 0.00093
      899/1    0.79264    0.81917 +/- 0.00093
      900/1    0.79087    0.81914 +/- 0.00093
      901/1    0.76168    0.81907 +/- 0.00093
      902/1    0.78066    0.81903 +/- 0.00093
      903/1    0.79538    0.81900 +/- 0.00093
      904/1    0.79326    0.81897 +/- 0.00093
      905/1    0.76505    0.81891 +/- 0.00093
      906/1    0.80018    0.81889 +/- 0.00093
      907/1    0.82104    0.81889 +/- 0.00093
      908/1    0.83056    0.81891 +/- 0.00093
      909/1    0.82469    0.81891 +/- 0.00093
      910/1    0.82505    0.81892 +/- 0.00093
      911/1    0.82851    0.81893 +/- 0.00093
      912/1    0.80881    0.81892 +/- 0.00093
      913/1    0.82631    0.81893 +/- 0.00092
      914/1    0.82246    0.81893 +/- 0.00092
      915/1    0.82594    0.81894 +/- 0.00092
      916/1    0.82955    0.81895 +/- 0.00092
      917/1    0.80601    0.81894 +/- 0.00092
      918/1    0.80542    0.81892 +/- 0.00092
      919/1    0.82857    0.81893 +/- 0.00092
      920/1    0.85363    0.81897 +/- 0.00092
      921/1    0.85037    0.81901 +/- 0.00092
      922/1    0.77201    0.81895 +/- 0.00092
      923/1    0.80952    0.81894 +/- 0.00092
      924/1    0.84383    0.81897 +/- 0.00092
      925/1    0.82156    0.81897 +/- 0.00092
      926/1    0.83012    0.81899 +/- 0.00092
      927/1    0.86839    0.81904 +/- 0.00092
      928/1    0.83788    0.81906 +/- 0.00092
      929/1    0.78228    0.81902 +/- 0.00091
      930/1    0.82371    0.81903 +/- 0.00091
      931/1    0.75127    0.81895 +/- 0.00092
      932/1    0.80434    0.81894 +/- 0.00092
      933/1    0.79341    0.81891 +/- 0.00091
      934/1    0.84429    0.81894 +/- 0.00091
      935/1    0.76539    0.81888 +/- 0.00091
      936/1    0.76853    0.81882 +/- 0.00092
      937/1    0.80861    0.81881 +/- 0.00091
      938/1    0.79869    0.81879 +/- 0.00091
      939/1    0.81217    0.81878 +/- 0.00091
      940/1    0.84545    0.81881 +/- 0.00091
      941/1    0.83747    0.81883 +/- 0.00091
      942/1    0.84795    0.81886 +/- 0.00091
      943/1    0.78778    0.81883 +/- 0.00091
      944/1    0.83152    0.81884 +/- 0.00091
      945/1    0.77324    0.81880 +/- 0.00091
      946/1    0.82792    0.81881 +/- 0.00091
      947/1    0.83902    0.81883 +/- 0.00091
      948/1    0.83255    0.81884 +/- 0.00091
      949/1    0.81693    0.81884 +/- 0.00091
      950/1    0.79563    0.81881 +/- 0.00091
      951/1    0.79419    0.81879 +/- 0.00091
      952/1    0.83742    0.81881 +/- 0.00090
      953/1    0.84960    0.81884 +/- 0.00090
      954/1    0.80875    0.81883 +/- 0.00090
      955/1    0.80063    0.81881 +/- 0.00090
      956/1    0.82890    0.81882 +/- 0.00090
      957/1    0.79230    0.81879 +/- 0.00090
      958/1    0.83271    0.81881 +/- 0.00090
      959/1    0.85334    0.81884 +/- 0.00090
      960/1    0.83538    0.81886 +/- 0.00090
      961/1    0.82126    0.81886 +/- 0.00090
      962/1    0.81555    0.81886 +/- 0.00090
      963/1    0.86034    0.81890 +/- 0.00090
      964/1    0.82517    0.81891 +/- 0.00090
      965/1    0.82510    0.81892 +/- 0.00090
      966/1    0.79006    0.81889 +/- 0.00090
      967/1    0.82088    0.81889 +/- 0.00089
      968/1    0.77665    0.81885 +/- 0.00089
      969/1    0.81297    0.81884 +/- 0.00089
      970/1    0.76595    0.81878 +/- 0.00089
      971/1    0.84656    0.81881 +/- 0.00089
      972/1    0.77794    0.81877 +/- 0.00089
      973/1    0.77884    0.81873 +/- 0.00089
      974/1    0.80900    0.81872 +/- 0.00089
      975/1    0.84684    0.81875 +/- 0.00089
      976/1    0.77384    0.81870 +/- 0.00089
      977/1    0.85531    0.81874 +/- 0.00089
      978/1    0.84286    0.81876 +/- 0.00089
      979/1    0.77160    0.81872 +/- 0.00089
      980/1    0.82342    0.81872 +/- 0.00089
      981/1    0.85608    0.81876 +/- 0.00089
      982/1    0.80191    0.81874 +/- 0.00089
      983/1    0.83357    0.81876 +/- 0.00089
      984/1    0.86501    0.81880 +/- 0.00089
      985/1    0.84105    0.81883 +/- 0.00089
      986/1    0.83206    0.81884 +/- 0.00089
      987/1    0.82062    0.81884 +/- 0.00089
      988/1    0.79810    0.81882 +/- 0.00089
      989/1    0.83614    0.81884 +/- 0.00089
      990/1    0.84766    0.81887 +/- 0.00089
      991/1    0.81014    0.81886 +/- 0.00089
      992/1    0.79139    0.81883 +/- 0.00089
      993/1    0.81284    0.81883 +/- 0.00088
      994/1    0.81970    0.81883 +/- 0.00088
      995/1    0.81833    0.81883 +/- 0.00088
      996/1    0.87212    0.81888 +/- 0.00088
      997/1    0.81330    0.81887 +/- 0.00088
      998/1    0.81855    0.81887 +/- 0.00088
      999/1    0.82298    0.81888 +/- 0.00088
     1000/1    0.81278    0.81887 +/- 0.00088
 Creating state point statepoint.1000.h5...

 =======================>     TIMING STATISTICS     <=======================

 Total time for initialization     = 3.0409e+00 seconds
   Reading cross sections          = 3.0247e+00 seconds
 Total time in simulation          = 1.1649e+01 seconds
   Time in transport only          = 1.1545e+01 seconds
   Time in inactive batches        = 1.1884e-01 seconds
   Time in active batches          = 1.1530e+01 seconds
   Time synchronizing fission bank = 6.8442e-02 seconds
     Sampling source sites         = 6.0499e-02 seconds
     SEND/RECV source sites        = 7.5445e-03 seconds
   Time accumulating tallies       = 2.1481e-04 seconds
   Time writing statepoints        = 2.0991e-03 seconds
 Total time for finalization       = 1.5510e-06 seconds
 Total time elapsed                = 1.4706e+01 seconds
 Calculation Rate (inactive)       = 84143.6 particles/second
 Calculation Rate (active)         = 85862.8 particles/second

 ============================>     RESULTS     <============================

 k-effective (Collision)     = 0.81821 +/- 0.00067
 k-effective (Track-length)  = 0.81887 +/- 0.00088
 k-effective (Absorption)    = 0.81837 +/- 0.00106
 Combined k-effective        = 0.81833 +/- 0.00058
 Leakage Fraction            = 0.00000 +/- 0.00000

