nohup: ignoring input
/home/adminsrv/openmc_v15/openmc/model/funcs.py:124: FutureWarning: The hexagonal_prism(...) function has been replaced by the HexagonalPrism(...) class. Future versions of OpenMC will not accept hexagonal_prism.
  warn("The hexagonal_prism(...) function has been replaced by the "
/home/adminsrv/openmc_v15/openmc/source.py:658: FutureWarning: This class is deprecated in favor of 'IndependentSource'
  warnings.warn("This class is deprecated in favor of 'IndependentSource'", FutureWarning)
                                %%%%%%%%%%%%%%%
                           %%%%%%%%%%%%%%%%%%%%%%%%
                        %%%%%%%%%%%%%%%%%%%%%%%%%%%%%%
                      %%%%%%%%%%%%%%%%%%%%%%%%%%%%%%%%%%
                    %%%%%%%%%%%%%%%%%%%%%%%%%%%%%%%%%%%%%%
                   %%%%%%%%%%%%%%%%%%%%%%%%%%%%%%%%%%%%%%%%
                                    %%%%%%%%%%%%%%%%%%%%%%%%
                                     %%%%%%%%%%%%%%%%%%%%%%%%
                 ###############      %%%%%%%%%%%%%%%%%%%%%%%%
                ##################     %%%%%%%%%%%%%%%%%%%%%%%
                ###################     %%%%%%%%%%%%%%%%%%%%%%%
                ####################     %%%%%%%%%%%%%%%%%%%%%%
                #####################     %%%%%%%%%%%%%%%%%%%%%
                ######################     %%%%%%%%%%%%%%%%%%%%
                #######################     %%%%%%%%%%%%%%%%%%
                 #######################     %%%%%%%%%%%%%%%%%
                 ######################     %%%%%%%%%%%%%%%%%
                  ####################     %%%%%%%%%%%%%%%%%
                    #################     %%%%%%%%%%%%%%%%%
                     ###############     %%%%%%%%%%%%%%%%
                       ############     %%%%%%%%%%%%%%%
                          ########     %%%%%%%%%%%%%%
                                      %%%%%%%%%%%

                 | The OpenMC Monte Carlo Code
       Copyright | 2011-2025 MIT, UChicago Argonne LLC, and contributors
         License | https://docs.openmc.org/en/latest/license.html
         Version | 0.15.3-dev9
     Commit Hash | 47ca2916aa85a2909a5f6e0a3442ab7c581894b1
       Date/Time | 2025-12-24 17:33:16
  OpenMP Threads | 8

 Reading settings XML file...
 Reading cross sections XML file...
 Reading materials XML file...
 Reading geometry XML file...
 Reading U235 from
 /home/adminsrv/projects/sections/endfb-viii.0-hdf5/neutron/U235.h5
 Reading U238 from
 /home/adminsrv/projects/sections/endfb-viii.0-hdf5/neutron/U238.h5
 Reading O16 from
 /home/adminsrv/projects/sections/endfb-viii.0-hdf5/neutron/O16.h5
 Reading H1 from
 /home/adminsrv/projects/sections/endfb-viii.0-hdf5/neutron/H1.h5
 Reading Zr90 from
 /home/adminsrv/projects/sections/endfb-viii.0-hdf5/neutron/Zr90.h5
 Reading Zr91 from
 /home/adminsrv/projects/sections/endfb-viii.0-hdf5/neutron/Zr91.h5
 Reading Zr92 from
 /home/adminsrv/projects/sections/endfb-viii.0-hdf5/neutron/Zr92.h5
 Reading Zr94 from
 /home/adminsrv/projects/sections/endfb-viii.0-hdf5/neutron/Zr94.h5
 Reading Zr96 from
 /home/adminsrv/projects/sections/endfb-viii.0-hdf5/neutron/Zr96.h5
 WARNING: Negative value(s) found on probability table for nuclide Zr96 at 600K
 Reading Gd152 from
 /home/adminsrv/projects/sections/endfb-viii.0-hdf5/neutron/Gd152.h5
 Reading Gd154 from
 /home/adminsrv/projects/sections/endfb-viii.0-hdf5/neutron/Gd154.h5
 Reading Gd155 from
 /home/adminsrv/projects/sections/endfb-viii.0-hdf5/neutron/Gd155.h5
 Reading Gd156 from
 /home/adminsrv/projects/sections/endfb-viii.0-hdf5/neutron/Gd156.h5
 Reading Gd157 from
 /home/adminsrv/projects/sections/endfb-viii.0-hdf5/neutron/Gd157.h5
 Reading Gd158 from
 /home/adminsrv/projects/sections/endfb-viii.0-hdf5/neutron/Gd158.h5
 Reading Gd160 from
 /home/adminsrv/projects/sections/endfb-viii.0-hdf5/neutron/Gd160.h5
 Reading O17 from
 /home/adminsrv/projects/sections/endfb-viii.0-hdf5/neutron/O17.h5
 Reading O18 from
 /home/adminsrv/projects/sections/endfb-viii.0-hdf5/neutron/O18.h5
 Reading Er162 from
 /home/adminsrv/projects/sections/endfb-viii.0-hdf5/neutron/Er162.h5
 Reading Er164 from
 /home/adminsrv/projects/sections/endfb-viii.0-hdf5/neutron/Er164.h5
 Reading Er166 from
 /home/adminsrv/projects/sections/endfb-viii.0-hdf5/neutron/Er166.h5
 Reading Er167 from
 /home/adminsrv/projects/sections/endfb-viii.0-hdf5/neutron/Er167.h5
 Reading Er168 from
 /home/adminsrv/projects/sections/endfb-viii.0-hdf5/neutron/Er168.h5
 Reading Er170 from
 /home/adminsrv/projects/sections/endfb-viii.0-hdf5/neutron/Er170.h5
 Reading c_H_in_H2O from
 /home/adminsrv/projects/sections/endfb-viii.0-hdf5/neutron/c_H_in_H2O.h5
 Minimum neutron data temperature: 250.0 K
 Maximum neutron data temperature: 2500.0 K
 Preparing distributed cell instances...
 Reading plot XML file...
 Writing summary.h5 file...
 Maximum neutron transport energy: 20000000.0 eV for H1
 Initializing source particles...

 ====================>     K EIGENVALUE SIMULATION     <====================

  Bat./Gen.      k            Average k
  =========   ========   ====================
        1/1    1.00645
        2/1    0.93254
        3/1    1.03681
        4/1    0.99867
        5/1    0.94272
        6/1    0.98541
        7/1    0.96511
        8/1    0.99797
        9/1    0.95948
       10/1    0.96737
       11/1    0.96345
       12/1    0.99664    0.98004 +/- 0.01659
       13/1    1.01291    0.99100 +/- 0.01455
       14/1    0.96647    0.98487 +/- 0.01198
       15/1    1.00695    0.98928 +/- 0.01028
       16/1    0.98117    0.98793 +/- 0.00850
       17/1    0.99781    0.98934 +/- 0.00732
       18/1    1.05799    0.99792 +/- 0.01067
       19/1    1.00621    0.99884 +/- 0.00945
       20/1    0.96176    0.99514 +/- 0.00923
       21/1    0.99549    0.99517 +/- 0.00835
       22/1    1.04050    0.99895 +/- 0.00851
       23/1    1.02492    1.00094 +/- 0.00808
       24/1    1.06705    1.00567 +/- 0.00884
       25/1    1.02664    1.00706 +/- 0.00835
       26/1    0.99044    1.00602 +/- 0.00788
       27/1    0.96804    1.00379 +/- 0.00773
       28/1    0.98528    1.00276 +/- 0.00736
       29/1    0.98382    1.00176 +/- 0.00704
       30/1    1.00332    1.00184 +/- 0.00667
       31/1    1.00888    1.00218 +/- 0.00636
       32/1    1.02271    1.00311 +/- 0.00613
       33/1    0.95462    1.00100 +/- 0.00623
       34/1    0.97813    1.00005 +/- 0.00604
       35/1    1.02562    1.00107 +/- 0.00588
       36/1    0.98796    1.00057 +/- 0.00567
       37/1    0.98690    1.00006 +/- 0.00548
       38/1    0.97667    0.99923 +/- 0.00535
       39/1    1.04644    1.00085 +/- 0.00541
       40/1    1.04829    1.00244 +/- 0.00546
       41/1    1.03581    1.00351 +/- 0.00539
       42/1    0.95372    1.00196 +/- 0.00545
       43/1    1.01214    1.00226 +/- 0.00529
       44/1    0.96871    1.00128 +/- 0.00522
       45/1    0.99227    1.00102 +/- 0.00508
       46/1    0.95129    0.99964 +/- 0.00513
       47/1    0.99963    0.99964 +/- 0.00499
       48/1    1.01728    1.00010 +/- 0.00488
       49/1    1.05115    1.00141 +/- 0.00493
       50/1    1.00711    1.00155 +/- 0.00480
       51/1    1.00492    1.00164 +/- 0.00469
       52/1    1.01251    1.00190 +/- 0.00458
       53/1    0.97668    1.00131 +/- 0.00451
       54/1    0.99839    1.00124 +/- 0.00441
       55/1    1.03487    1.00199 +/- 0.00437
       56/1    0.96534    1.00119 +/- 0.00435
       57/1    0.99434    1.00105 +/- 0.00426
       58/1    1.02348    1.00151 +/- 0.00420
       59/1    1.04634    1.00243 +/- 0.00421
       60/1    1.01688    1.00272 +/- 0.00413
       61/1    1.03827    1.00342 +/- 0.00411
       62/1    0.99434    1.00324 +/- 0.00404
       63/1    1.05518    1.00422 +/- 0.00408
       64/1    0.98257    1.00382 +/- 0.00402
       65/1    1.02986    1.00429 +/- 0.00398
       66/1    1.06337    1.00535 +/- 0.00405
       67/1    0.98324    1.00496 +/- 0.00399
       68/1    1.06598    1.00601 +/- 0.00406
       69/1    0.99215    1.00578 +/- 0.00400
       70/1    0.98362    1.00541 +/- 0.00395
       71/1    1.01785    1.00561 +/- 0.00389
       72/1    0.98731    1.00532 +/- 0.00384
       73/1    0.95096    1.00445 +/- 0.00387
       74/1    0.95000    1.00360 +/- 0.00391
       75/1    1.04977    1.00431 +/- 0.00391
       76/1    0.93586    1.00328 +/- 0.00399
       77/1    0.99762    1.00319 +/- 0.00393
       78/1    1.01307    1.00334 +/- 0.00387
       79/1    0.95239    1.00260 +/- 0.00389
       80/1    1.00527    1.00264 +/- 0.00383
       81/1    1.02967    1.00302 +/- 0.00380
       82/1    1.01416    1.00317 +/- 0.00375
       83/1    1.01450    1.00333 +/- 0.00370
       84/1    1.01907    1.00354 +/- 0.00365
       85/1    0.96095    1.00297 +/- 0.00365
       86/1    1.01118    1.00308 +/- 0.00360
       87/1    1.06212    1.00385 +/- 0.00364
       88/1    0.97381    1.00346 +/- 0.00361
       89/1    1.00154    1.00344 +/- 0.00357
       90/1    0.95729    1.00286 +/- 0.00357
       91/1    1.00450    1.00288 +/- 0.00352
       92/1    1.05107    1.00347 +/- 0.00353
       93/1    0.97043    1.00307 +/- 0.00351
       94/1    1.04036    1.00352 +/- 0.00350
       95/1    0.96387    1.00305 +/- 0.00349
       96/1    1.02664    1.00332 +/- 0.00346
       97/1    0.94552    1.00266 +/- 0.00348
       98/1    0.98191    1.00242 +/- 0.00345
       99/1    1.01042    1.00251 +/- 0.00341
      100/1    1.02454    1.00276 +/- 0.00338
      101/1    1.03471    1.00311 +/- 0.00336
      102/1    0.93135    1.00233 +/- 0.00342
      103/1    1.05359    1.00288 +/- 0.00342
      104/1    0.98956    1.00274 +/- 0.00339
      105/1    0.99600    1.00267 +/- 0.00335
      106/1    0.93700    1.00198 +/- 0.00339
      107/1    1.01643    1.00213 +/- 0.00336
      108/1    1.00831    1.00219 +/- 0.00332
      109/1    1.07148    1.00289 +/- 0.00336
      110/1    0.98625    1.00273 +/- 0.00333
      111/1    1.06514    1.00335 +/- 0.00336
      112/1    0.98658    1.00318 +/- 0.00333
      113/1    1.01423    1.00329 +/- 0.00330
      114/1    0.98888    1.00315 +/- 0.00327
      115/1    0.99383    1.00306 +/- 0.00324
      116/1    1.01666    1.00319 +/- 0.00321
      117/1    1.04980    1.00363 +/- 0.00321
      118/1    1.00113    1.00360 +/- 0.00318
      119/1    0.93900    1.00301 +/- 0.00321
      120/1    0.99145    1.00290 +/- 0.00318
      121/1    0.96292    1.00254 +/- 0.00317
      122/1    1.07672    1.00321 +/- 0.00321
      123/1    1.01054    1.00327 +/- 0.00318
      124/1    1.00285    1.00327 +/- 0.00316
      125/1    1.00242    1.00326 +/- 0.00313
      126/1    0.99455    1.00319 +/- 0.00310
      127/1    0.95395    1.00276 +/- 0.00310
      128/1    1.01008    1.00283 +/- 0.00308
      129/1    0.99193    1.00274 +/- 0.00305
      130/1    0.99542    1.00267 +/- 0.00303
      131/1    0.98816    1.00255 +/- 0.00301
      132/1    0.99390    1.00248 +/- 0.00298
      133/1    1.04350    1.00282 +/- 0.00298
      134/1    0.95419    1.00242 +/- 0.00298
      135/1    1.03417    1.00268 +/- 0.00296
      136/1    1.01144    1.00275 +/- 0.00294
      137/1    1.00013    1.00273 +/- 0.00292
      138/1    1.03681    1.00299 +/- 0.00291
      139/1    1.06811    1.00350 +/- 0.00293
      140/1    0.98464    1.00335 +/- 0.00291
      141/1    0.96847    1.00309 +/- 0.00290
      142/1    1.03125    1.00330 +/- 0.00289
      143/1    1.00992    1.00335 +/- 0.00286
      144/1    0.93385    1.00283 +/- 0.00289
      145/1    0.96963    1.00259 +/- 0.00288
      146/1    1.00030    1.00257 +/- 0.00286
      147/1    1.02478    1.00273 +/- 0.00284
      148/1    0.97942    1.00256 +/- 0.00283
      149/1    1.01640    1.00266 +/- 0.00281
      150/1    1.02994    1.00286 +/- 0.00279
      151/1    1.02599    1.00302 +/- 0.00278
      152/1    0.99797    1.00299 +/- 0.00276
      153/1    1.02915    1.00317 +/- 0.00275
      154/1    0.99328    1.00310 +/- 0.00273
      155/1    1.01618    1.00319 +/- 0.00271
      156/1    1.01932    1.00330 +/- 0.00269
      157/1    1.00681    1.00332 +/- 0.00268
      158/1    0.98976    1.00323 +/- 0.00266
      159/1    1.04774    1.00353 +/- 0.00266
      160/1    0.99711    1.00349 +/- 0.00264
      161/1    1.00142    1.00347 +/- 0.00262
      162/1    1.12097    1.00425 +/- 0.00272
      163/1    1.00491    1.00425 +/- 0.00270
      164/1    0.99740    1.00421 +/- 0.00268
      165/1    0.92829    1.00372 +/- 0.00271
      166/1    1.02845    1.00388 +/- 0.00270
      167/1    0.99022    1.00379 +/- 0.00268
      168/1    0.99830    1.00375 +/- 0.00267
      169/1    0.98955    1.00367 +/- 0.00265
      170/1    1.02399    1.00379 +/- 0.00264
      171/1    1.06488    1.00417 +/- 0.00265
      172/1    0.98191    1.00403 +/- 0.00263
      173/1    1.01184    1.00408 +/- 0.00262
      174/1    1.00594    1.00409 +/- 0.00260
      175/1    1.06694    1.00447 +/- 0.00261
      176/1    0.91049    1.00391 +/- 0.00266
      177/1    1.01691    1.00399 +/- 0.00265
      178/1    0.98078    1.00385 +/- 0.00263
      179/1    1.09543    1.00439 +/- 0.00267
      180/1    1.02903    1.00453 +/- 0.00266
      181/1    1.06476    1.00489 +/- 0.00267
      182/1    0.95088    1.00457 +/- 0.00267
      183/1    1.06615    1.00493 +/- 0.00268
      184/1    1.00853    1.00495 +/- 0.00266
      185/1    0.96758    1.00474 +/- 0.00266
      186/1    1.04378    1.00496 +/- 0.00265
      187/1    0.92976    1.00453 +/- 0.00267
      188/1    1.02066    1.00462 +/- 0.00266
      189/1    0.94630    1.00430 +/- 0.00266
      190/1    1.05168    1.00456 +/- 0.00266
      191/1    1.01134    1.00460 +/- 0.00265
      192/1    1.00378    1.00459 +/- 0.00263
      193/1    0.96458    1.00438 +/- 0.00263
      194/1    0.96731    1.00417 +/- 0.00262
      195/1    1.01456    1.00423 +/- 0.00261
      196/1    1.04249    1.00444 +/- 0.00260
      197/1    1.02536    1.00455 +/- 0.00259
      198/1    0.99449    1.00449 +/- 0.00258
      199/1    1.02945    1.00463 +/- 0.00257
      200/1    0.93987    1.00429 +/- 0.00257
      201/1    0.95842    1.00405 +/- 0.00257
      202/1    0.97189    1.00388 +/- 0.00256
      203/1    0.96026    1.00365 +/- 0.00256
      204/1    0.99288    1.00360 +/- 0.00255
      205/1    0.99710    1.00356 +/- 0.00254
      206/1    0.96802    1.00338 +/- 0.00253
      207/1    0.96618    1.00319 +/- 0.00252
      208/1    0.97873    1.00307 +/- 0.00251
      209/1    1.05348    1.00332 +/- 0.00251
      210/1    1.00504    1.00333 +/- 0.00250
      211/1    1.02639    1.00345 +/- 0.00249
      212/1    1.05800    1.00372 +/- 0.00249
      213/1    0.96766    1.00354 +/- 0.00249
      214/1    0.99464    1.00349 +/- 0.00248
      215/1    1.08092    1.00387 +/- 0.00249
      216/1    0.96964    1.00371 +/- 0.00249
      217/1    0.93866    1.00339 +/- 0.00249
      218/1    1.02452    1.00349 +/- 0.00248
      219/1    1.04411    1.00369 +/- 0.00248
      220/1    1.00921    1.00371 +/- 0.00247
      221/1    0.96403    1.00353 +/- 0.00246
      222/1    0.99427    1.00348 +/- 0.00245
      223/1    0.99167    1.00343 +/- 0.00244
      224/1    1.02961    1.00355 +/- 0.00243
      225/1    0.92557    1.00319 +/- 0.00245
      226/1    1.01917    1.00326 +/- 0.00244
      227/1    0.99632    1.00323 +/- 0.00243
      228/1    1.08471    1.00360 +/- 0.00244
      229/1    1.01771    1.00367 +/- 0.00243
      230/1    0.99983    1.00365 +/- 0.00242
      231/1    1.03038    1.00377 +/- 0.00242
      232/1    1.04741    1.00397 +/- 0.00241
      233/1    1.02863    1.00408 +/- 0.00240
      234/1    1.08796    1.00445 +/- 0.00242
      235/1    0.93782    1.00416 +/- 0.00243
      236/1    0.93851    1.00387 +/- 0.00244
      237/1    0.90996    1.00345 +/- 0.00246
      238/1    0.95552    1.00324 +/- 0.00246
      239/1    1.05994    1.00349 +/- 0.00246
      240/1    1.01142    1.00352 +/- 0.00245
      241/1    1.06781    1.00380 +/- 0.00246
      242/1    1.01029    1.00383 +/- 0.00244
      243/1    0.95735    1.00363 +/- 0.00244
      244/1    0.98277    1.00354 +/- 0.00243
      245/1    0.96575    1.00338 +/- 0.00243
      246/1    0.97572    1.00326 +/- 0.00242
      247/1    0.97864    1.00316 +/- 0.00241
      248/1    1.02055    1.00323 +/- 0.00240
      249/1    1.03022    1.00335 +/- 0.00240
      250/1    0.96965    1.00320 +/- 0.00239
      251/1    0.97565    1.00309 +/- 0.00238
      252/1    0.98359    1.00301 +/- 0.00238
      253/1    0.98050    1.00292 +/- 0.00237
      254/1    1.00518    1.00293 +/- 0.00236
      255/1    1.03433    1.00305 +/- 0.00235
      256/1    0.98717    1.00299 +/- 0.00234
      257/1    0.98906    1.00293 +/- 0.00233
      258/1    1.01400    1.00298 +/- 0.00232
      259/1    1.03688    1.00311 +/- 0.00232
      260/1    1.01142    1.00315 +/- 0.00231
      261/1    0.97020    1.00302 +/- 0.00230
      262/1    0.97264    1.00290 +/- 0.00230
      263/1    0.98527    1.00283 +/- 0.00229
      264/1    1.06814    1.00308 +/- 0.00230
      265/1    0.97243    1.00296 +/- 0.00229
      266/1    0.89650    1.00255 +/- 0.00232
      267/1    0.97950    1.00246 +/- 0.00231
      268/1    1.00318    1.00246 +/- 0.00230
      269/1    0.97457    1.00235 +/- 0.00230
      270/1    1.02377    1.00244 +/- 0.00229
      271/1    1.01577    1.00249 +/- 0.00228
      272/1    0.97596    1.00238 +/- 0.00227
      273/1    0.94351    1.00216 +/- 0.00228
      274/1    1.01268    1.00220 +/- 0.00227
      275/1    0.98836    1.00215 +/- 0.00226
      276/1    0.92479    1.00186 +/- 0.00227
      277/1    0.99269    1.00182 +/- 0.00226
      278/1    0.97983    1.00174 +/- 0.00226
      279/1    0.94660    1.00154 +/- 0.00226
      280/1    1.00099    1.00153 +/- 0.00225
      281/1    0.99708    1.00152 +/- 0.00224
      282/1    1.02677    1.00161 +/- 0.00223
      283/1    0.97192    1.00150 +/- 0.00223
      284/1    1.01587    1.00155 +/- 0.00222
      285/1    1.00654    1.00157 +/- 0.00221
      286/1    0.98247    1.00150 +/- 0.00221
      287/1    0.97070    1.00139 +/- 0.00220
      288/1    0.96891    1.00128 +/- 0.00220
      289/1    1.03565    1.00140 +/- 0.00219
      290/1    1.00441    1.00141 +/- 0.00218
      291/1    0.99652    1.00139 +/- 0.00218
      292/1    1.00758    1.00141 +/- 0.00217
      293/1    0.99501    1.00139 +/- 0.00216
      294/1    1.08413    1.00168 +/- 0.00217
      295/1    0.94698    1.00149 +/- 0.00217
      296/1    1.06491    1.00171 +/- 0.00218
      297/1    0.96484    1.00158 +/- 0.00217
      298/1    1.07976    1.00186 +/- 0.00218
      299/1    1.00959    1.00188 +/- 0.00218
      300/1    0.96444    1.00175 +/- 0.00217
      301/1    0.95486    1.00159 +/- 0.00217
      302/1    1.01524    1.00164 +/- 0.00216
      303/1    1.03908    1.00177 +/- 0.00216
      304/1    1.00629    1.00178 +/- 0.00215
      305/1    1.00156    1.00178 +/- 0.00214
      306/1    1.01248    1.00182 +/- 0.00214
      307/1    0.99221    1.00178 +/- 0.00213
      308/1    1.02750    1.00187 +/- 0.00213
      309/1    0.98531    1.00182 +/- 0.00212
      310/1    1.01289    1.00185 +/- 0.00211
      311/1    1.02169    1.00192 +/- 0.00211
      312/1    1.02952    1.00201 +/- 0.00210
      313/1    1.00598    1.00202 +/- 0.00209
      314/1    1.00306    1.00203 +/- 0.00209
      315/1    1.01749    1.00208 +/- 0.00208
      316/1    1.01129    1.00211 +/- 0.00207
      317/1    0.94773    1.00193 +/- 0.00208
      318/1    0.94189    1.00174 +/- 0.00208
      319/1    0.93922    1.00153 +/- 0.00208
      320/1    0.99716    1.00152 +/- 0.00207
      321/1    0.97087    1.00142 +/- 0.00207
      322/1    0.96498    1.00130 +/- 0.00207
      323/1    1.07578    1.00154 +/- 0.00207
      324/1    0.96638    1.00143 +/- 0.00207
      325/1    0.98352    1.00137 +/- 0.00206
      326/1    0.96980    1.00127 +/- 0.00206
      327/1    0.98336    1.00122 +/- 0.00205
      328/1    1.06418    1.00141 +/- 0.00206
      329/1    0.99358    1.00139 +/- 0.00205
      330/1    0.96523    1.00128 +/- 0.00205
      331/1    1.03620    1.00139 +/- 0.00204
      332/1    0.95736    1.00125 +/- 0.00204
      333/1    1.00646    1.00126 +/- 0.00204
      334/1    1.06117    1.00145 +/- 0.00204
      335/1    0.93221    1.00124 +/- 0.00204
      336/1    0.99858    1.00123 +/- 0.00204
      337/1    1.02927    1.00131 +/- 0.00203
      338/1    0.94673    1.00115 +/- 0.00203
      339/1    1.00420    1.00116 +/- 0.00203
      340/1    0.96889    1.00106 +/- 0.00202
      341/1    0.98723    1.00102 +/- 0.00202
      342/1    0.99607    1.00100 +/- 0.00201
      343/1    0.94724    1.00084 +/- 0.00201
      344/1    1.00993    1.00087 +/- 0.00201
      345/1    0.97723    1.00080 +/- 0.00200
      346/1    1.03282    1.00089 +/- 0.00200
      347/1    1.00993    1.00092 +/- 0.00199
      348/1    0.96505    1.00081 +/- 0.00199
      349/1    0.98782    1.00078 +/- 0.00198
      350/1    0.98422    1.00073 +/- 0.00198
      351/1    0.95556    1.00059 +/- 0.00198
      352/1    0.98520    1.00055 +/- 0.00197
      353/1    1.02773    1.00063 +/- 0.00197
      354/1    1.02669    1.00070 +/- 0.00196
      355/1    1.02686    1.00078 +/- 0.00196
      356/1    1.02041    1.00084 +/- 0.00195
      357/1    0.98782    1.00080 +/- 0.00195
      358/1    0.97711    1.00073 +/- 0.00194
      359/1    1.05611    1.00089 +/- 0.00195
      360/1    0.98392    1.00084 +/- 0.00194
      361/1    0.94327    1.00068 +/- 0.00194
      362/1    1.04071    1.00079 +/- 0.00194
      363/1    0.93895    1.00062 +/- 0.00194
      364/1    0.93589    1.00043 +/- 0.00195
      365/1    0.99334    1.00041 +/- 0.00194
      366/1    0.96703    1.00032 +/- 0.00194
      367/1    1.00141    1.00032 +/- 0.00193
      368/1    0.97076    1.00024 +/- 0.00193
      369/1    1.03016    1.00032 +/- 0.00192
      370/1    1.00697    1.00034 +/- 0.00192
      371/1    1.03769    1.00045 +/- 0.00192
      372/1    1.04351    1.00056 +/- 0.00191
      373/1    0.93294    1.00038 +/- 0.00192
      374/1    1.12097    1.00071 +/- 0.00194
      375/1    1.00707    1.00073 +/- 0.00194
      376/1    1.01871    1.00078 +/- 0.00193
      377/1    1.01042    1.00080 +/- 0.00193
      378/1    0.99729    1.00079 +/- 0.00192
      379/1    1.00127    1.00079 +/- 0.00192
      380/1    1.01810    1.00084 +/- 0.00191
      381/1    0.95579    1.00072 +/- 0.00191
      382/1    0.98451    1.00068 +/- 0.00191
      383/1    1.07103    1.00086 +/- 0.00191
      384/1    0.96534    1.00077 +/- 0.00191
      385/1    0.94162    1.00061 +/- 0.00191
      386/1    1.06853    1.00079 +/- 0.00191
      387/1    0.93246    1.00061 +/- 0.00192
      388/1    1.04446    1.00073 +/- 0.00191
      389/1    0.99866    1.00072 +/- 0.00191
      390/1    0.98419    1.00068 +/- 0.00190
      391/1    0.94846    1.00054 +/- 0.00190
      392/1    0.99256    1.00052 +/- 0.00190
      393/1    1.06781    1.00070 +/- 0.00190
      394/1    0.95693    1.00058 +/- 0.00190
      395/1    0.99635    1.00057 +/- 0.00190
      396/1    1.04446    1.00068 +/- 0.00189
      397/1    0.98685    1.00065 +/- 0.00189
      398/1    1.06086    1.00080 +/- 0.00189
      399/1    1.01930    1.00085 +/- 0.00189
      400/1    0.94375    1.00070 +/- 0.00189
      401/1    0.97248    1.00063 +/- 0.00188
      402/1    1.00802    1.00065 +/- 0.00188
      403/1    0.96782    1.00057 +/- 0.00188
      404/1    1.00145    1.00057 +/- 0.00187
      405/1    0.94643    1.00043 +/- 0.00187
      406/1    0.99437    1.00042 +/- 0.00187
      407/1    0.94496    1.00028 +/- 0.00187
      408/1    1.00619    1.00029 +/- 0.00186
      409/1    1.01673    1.00033 +/- 0.00186
      410/1    0.99165    1.00031 +/- 0.00185
      411/1    1.01478    1.00035 +/- 0.00185
      412/1    1.04207    1.00045 +/- 0.00185
      413/1    0.99401    1.00044 +/- 0.00184
      414/1    0.97780    1.00038 +/- 0.00184
      415/1    1.00039    1.00038 +/- 0.00184
      416/1    1.00380    1.00039 +/- 0.00183
      417/1    1.01985    1.00044 +/- 0.00183
      418/1    1.06795    1.00060 +/- 0.00183
      419/1    0.97069    1.00053 +/- 0.00183
      420/1    1.02342    1.00058 +/- 0.00182
      421/1    1.00025    1.00058 +/- 0.00182
      422/1    0.96291    1.00049 +/- 0.00182
      423/1    1.01180    1.00052 +/- 0.00181
      424/1    1.02448    1.00058 +/- 0.00181
      425/1    0.99263    1.00056 +/- 0.00181
      426/1    0.99858    1.00055 +/- 0.00180
      427/1    1.03275    1.00063 +/- 0.00180
      428/1    0.98904    1.00060 +/- 0.00179
      429/1    1.02637    1.00066 +/- 0.00179
      430/1    0.94630    1.00054 +/- 0.00179
      431/1    1.01122    1.00056 +/- 0.00179
      432/1    1.06777    1.00072 +/- 0.00179
      433/1    0.98033    1.00067 +/- 0.00179
      434/1    1.00886    1.00069 +/- 0.00178
      435/1    0.92048    1.00050 +/- 0.00179
      436/1    1.09289    1.00072 +/- 0.00180
      437/1    1.09171    1.00093 +/- 0.00181
      438/1    0.97590    1.00087 +/- 0.00180
      439/1    1.01972    1.00092 +/- 0.00180
      440/1    0.97022    1.00085 +/- 0.00180
      441/1    0.98471    1.00081 +/- 0.00179
      442/1    1.00872    1.00083 +/- 0.00179
      443/1    1.02643    1.00089 +/- 0.00179
      444/1    1.00492    1.00090 +/- 0.00178
      445/1    0.99308    1.00088 +/- 0.00178
      446/1    0.97175    1.00081 +/- 0.00177
      447/1    1.01011    1.00083 +/- 0.00177
      448/1    1.05513    1.00096 +/- 0.00177
      449/1    1.04172    1.00105 +/- 0.00177
      450/1    1.03366    1.00112 +/- 0.00177
      451/1    1.05528    1.00125 +/- 0.00177
      452/1    0.99758    1.00124 +/- 0.00176
      453/1    0.99764    1.00123 +/- 0.00176
      454/1    0.99674    1.00122 +/- 0.00175
      455/1    1.03545    1.00130 +/- 0.00175
      456/1    1.01867    1.00134 +/- 0.00175
      457/1    1.00462    1.00134 +/- 0.00175
      458/1    0.99465    1.00133 +/- 0.00174
      459/1    0.97283    1.00126 +/- 0.00174
      460/1    1.00470    1.00127 +/- 0.00173
      461/1    0.97203    1.00121 +/- 0.00173
      462/1    0.99753    1.00120 +/- 0.00173
      463/1    1.00081    1.00120 +/- 0.00172
      464/1    1.10274    1.00142 +/- 0.00174
      465/1    0.96054    1.00133 +/- 0.00173
      466/1    1.04582    1.00143 +/- 0.00173
      467/1    0.96143    1.00134 +/- 0.00173
      468/1    1.02370    1.00139 +/- 0.00173
      469/1    1.03306    1.00146 +/- 0.00173
      470/1    1.02625    1.00151 +/- 0.00172
      471/1    0.99222    1.00149 +/- 0.00172
      472/1    0.96519    1.00141 +/- 0.00172
      473/1    1.01941    1.00145 +/- 0.00171
      474/1    0.96564    1.00138 +/- 0.00171
      475/1    1.03825    1.00146 +/- 0.00171
      476/1    0.98546    1.00142 +/- 0.00171
      477/1    0.98768    1.00139 +/- 0.00170
      478/1    1.07264    1.00154 +/- 0.00171
      479/1    0.96538    1.00147 +/- 0.00170
      480/1    1.00291    1.00147 +/- 0.00170
      481/1    1.01185    1.00149 +/- 0.00170
      482/1    1.05693    1.00161 +/- 0.00170
      483/1    1.00815    1.00162 +/- 0.00169
      484/1    0.98387    1.00159 +/- 0.00169
      485/1    0.94916    1.00148 +/- 0.00169
      486/1    1.02244    1.00152 +/- 0.00169
      487/1    0.99214    1.00150 +/- 0.00168
      488/1    0.99327    1.00148 +/- 0.00168
      489/1    0.99869    1.00148 +/- 0.00168
      490/1    1.01578    1.00151 +/- 0.00167
      491/1    0.97137    1.00144 +/- 0.00167
      492/1    1.03203    1.00151 +/- 0.00167
      493/1    0.99821    1.00150 +/- 0.00167
      494/1    1.04180    1.00158 +/- 0.00167
      495/1    0.99602    1.00157 +/- 0.00166
      496/1    0.94251    1.00145 +/- 0.00166
      497/1    1.02144    1.00149 +/- 0.00166
      498/1    0.99323    1.00148 +/- 0.00166
      499/1    1.06470    1.00160 +/- 0.00166
      500/1    0.96665    1.00153 +/- 0.00166
      501/1    1.04602    1.00162 +/- 0.00166
      502/1    1.01893    1.00166 +/- 0.00165
      503/1    0.99882    1.00165 +/- 0.00165
      504/1    1.00295    1.00166 +/- 0.00165
      505/1    1.02187    1.00170 +/- 0.00164
      506/1    0.98438    1.00166 +/- 0.00164
      507/1    1.03884    1.00174 +/- 0.00164
      508/1    1.02788    1.00179 +/- 0.00164
      509/1    0.94548    1.00168 +/- 0.00164
      510/1    1.03369    1.00174 +/- 0.00163
      511/1    1.00127    1.00174 +/- 0.00163
      512/1    0.99901    1.00173 +/- 0.00163
      513/1    0.94594    1.00162 +/- 0.00163
      514/1    0.95669    1.00153 +/- 0.00163
      515/1    0.99628    1.00152 +/- 0.00162
      516/1    1.05747    1.00163 +/- 0.00163
      517/1    0.91757    1.00147 +/- 0.00163
      518/1    0.99314    1.00145 +/- 0.00163
      519/1    1.00156    1.00145 +/- 0.00162
      520/1    1.04872    1.00154 +/- 0.00162
      521/1    0.99089    1.00152 +/- 0.00162
      522/1    0.90993    1.00134 +/- 0.00163
      523/1    1.02534    1.00139 +/- 0.00162
      524/1    0.93019    1.00125 +/- 0.00163
      525/1    1.02332    1.00130 +/- 0.00162
      526/1    0.96739    1.00123 +/- 0.00162
      527/1    0.99493    1.00122 +/- 0.00162
      528/1    1.06614    1.00134 +/- 0.00162
      529/1    0.94902    1.00124 +/- 0.00162
      530/1    0.99640    1.00123 +/- 0.00162
      531/1    1.00931    1.00125 +/- 0.00162
      532/1    0.93803    1.00113 +/- 0.00162
      533/1    0.97495    1.00108 +/- 0.00161
      534/1    1.02048    1.00111 +/- 0.00161
      535/1    1.01104    1.00113 +/- 0.00161
      536/1    1.00718    1.00115 +/- 0.00161
      537/1    0.97156    1.00109 +/- 0.00160
      538/1    0.99487    1.00108 +/- 0.00160
      539/1    0.95097    1.00098 +/- 0.00160
      540/1    1.02380    1.00103 +/- 0.00160
      541/1    1.05316    1.00112 +/- 0.00160
      542/1    0.98532    1.00109 +/- 0.00160
      543/1    1.01233    1.00112 +/- 0.00159
      544/1    0.97369    1.00106 +/- 0.00159
      545/1    0.96540    1.00100 +/- 0.00159
      546/1    1.02432    1.00104 +/- 0.00159
      547/1    0.99246    1.00102 +/- 0.00158
      548/1    0.97066    1.00097 +/- 0.00158
      549/1    1.01602    1.00100 +/- 0.00158
      550/1    0.92378    1.00085 +/- 0.00158
      551/1    0.98021    1.00081 +/- 0.00158
      552/1    1.03864    1.00088 +/- 0.00158
      553/1    0.94580    1.00078 +/- 0.00158
      554/1    1.01770    1.00081 +/- 0.00158
      555/1    1.02779    1.00086 +/- 0.00157
      556/1    0.98851    1.00084 +/- 0.00157
      557/1    0.99670    1.00083 +/- 0.00157
      558/1    0.96296    1.00076 +/- 0.00157
      559/1    1.07541    1.00090 +/- 0.00157
      560/1    1.07187    1.00103 +/- 0.00157
      561/1    0.97461    1.00098 +/- 0.00157
      562/1    1.03651    1.00105 +/- 0.00157
      563/1    1.00424    1.00105 +/- 0.00157
      564/1    0.96516    1.00099 +/- 0.00157
      565/1    0.98890    1.00097 +/- 0.00156
      566/1    0.97713    1.00092 +/- 0.00156
      567/1    0.93833    1.00081 +/- 0.00156
      568/1    1.01722    1.00084 +/- 0.00156
      569/1    1.02009    1.00087 +/- 0.00156
      570/1    1.03184    1.00093 +/- 0.00155
      571/1    1.00461    1.00094 +/- 0.00155
      572/1    0.93491    1.00082 +/- 0.00155
      573/1    1.04951    1.00090 +/- 0.00155
      574/1    0.98073    1.00087 +/- 0.00155
      575/1    1.01324    1.00089 +/- 0.00155
      576/1    1.00932    1.00091 +/- 0.00155
      577/1    1.10145    1.00108 +/- 0.00155
      578/1    1.00964    1.00110 +/- 0.00155
      579/1    1.02346    1.00114 +/- 0.00155
      580/1    0.95955    1.00106 +/- 0.00155
      581/1    0.93737    1.00095 +/- 0.00155
      582/1    0.99594    1.00094 +/- 0.00155
      583/1    1.05060    1.00103 +/- 0.00155
      584/1    1.05670    1.00113 +/- 0.00155
      585/1    1.09165    1.00129 +/- 0.00155
      586/1    0.99269    1.00127 +/- 0.00155
      587/1    0.97215    1.00122 +/- 0.00155
      588/1    1.03352    1.00128 +/- 0.00155
      589/1    0.99325    1.00126 +/- 0.00154
      590/1    1.00625    1.00127 +/- 0.00154
      591/1    1.03654    1.00133 +/- 0.00154
      592/1    0.97627    1.00129 +/- 0.00154
      593/1    1.03221    1.00134 +/- 0.00153
      594/1    0.97263    1.00129 +/- 0.00153
      595/1    0.95156    1.00121 +/- 0.00153
      596/1    0.95968    1.00114 +/- 0.00153
      597/1    1.01114    1.00115 +/- 0.00153
      598/1    0.92697    1.00103 +/- 0.00153
      599/1    0.99710    1.00102 +/- 0.00153
      600/1    0.97535    1.00098 +/- 0.00153
      601/1    1.00449    1.00098 +/- 0.00152
      602/1    1.03480    1.00104 +/- 0.00152
      603/1    1.00741    1.00105 +/- 0.00152
      604/1    0.95636    1.00098 +/- 0.00152
      605/1    0.98398    1.00095 +/- 0.00152
      606/1    1.02260    1.00098 +/- 0.00152
      607/1    0.99345    1.00097 +/- 0.00151
      608/1    0.96506    1.00091 +/- 0.00151
      609/1    1.04445    1.00098 +/- 0.00151
      610/1    0.95636    1.00091 +/- 0.00151
      611/1    1.04177    1.00098 +/- 0.00151
      612/1    0.98871    1.00096 +/- 0.00151
      613/1    1.04327    1.00103 +/- 0.00151
      614/1    1.02175    1.00106 +/- 0.00150
      615/1    0.99545    1.00105 +/- 0.00150
      616/1    0.97966    1.00102 +/- 0.00150
      617/1    1.08691    1.00116 +/- 0.00150
      618/1    1.04788    1.00123 +/- 0.00150
      619/1    1.04317    1.00130 +/- 0.00150
      620/1    1.02193    1.00134 +/- 0.00150
      621/1    1.01571    1.00136 +/- 0.00150
      622/1    1.06013    1.00146 +/- 0.00150
      623/1    0.99501    1.00145 +/- 0.00150
      624/1    1.01436    1.00147 +/- 0.00149
      625/1    1.01322    1.00149 +/- 0.00149
      626/1    1.03874    1.00155 +/- 0.00149
      627/1    0.96841    1.00149 +/- 0.00149
      628/1    1.05958    1.00159 +/- 0.00149
      629/1    0.96165    1.00152 +/- 0.00149
      630/1    0.95885    1.00145 +/- 0.00149
      631/1    1.06195    1.00155 +/- 0.00149
      632/1    0.97570    1.00151 +/- 0.00149
      633/1    1.04255    1.00158 +/- 0.00149
      634/1    0.99084    1.00156 +/- 0.00148
      635/1    1.01756    1.00158 +/- 0.00148
      636/1    0.99886    1.00158 +/- 0.00148
      637/1    0.98333    1.00155 +/- 0.00148
      638/1    1.02170    1.00158 +/- 0.00147
      639/1    0.97652    1.00154 +/- 0.00147
      640/1    1.03174    1.00159 +/- 0.00147
      641/1    1.06804    1.00170 +/- 0.00147
      642/1    0.99560    1.00169 +/- 0.00147
      643/1    0.98432    1.00166 +/- 0.00147
      644/1    0.95764    1.00159 +/- 0.00147
      645/1    1.01738    1.00161 +/- 0.00147
      646/1    1.01597    1.00164 +/- 0.00146
      647/1    1.01919    1.00166 +/- 0.00146
      648/1    1.00510    1.00167 +/- 0.00146
      649/1    0.99862    1.00167 +/- 0.00146
      650/1    1.03363    1.00172 +/- 0.00146
      651/1    1.05061    1.00179 +/- 0.00146
      652/1    0.99705    1.00178 +/- 0.00145
      653/1    0.98042    1.00175 +/- 0.00145
      654/1    1.03002    1.00179 +/- 0.00145
      655/1    0.99553    1.00178 +/- 0.00145
      656/1    0.98545    1.00176 +/- 0.00145
      657/1    1.06828    1.00186 +/- 0.00145
      658/1    0.99291    1.00185 +/- 0.00144
      659/1    0.99785    1.00184 +/- 0.00144
      660/1    1.04466    1.00191 +/- 0.00144
      661/1    0.97926    1.00187 +/- 0.00144
      662/1    1.08014    1.00199 +/- 0.00144
      663/1    0.97087    1.00195 +/- 0.00144
      664/1    0.96112    1.00188 +/- 0.00144
      665/1    1.00887    1.00189 +/- 0.00144
      666/1    1.04204    1.00196 +/- 0.00144
      667/1    0.94111    1.00186 +/- 0.00144
      668/1    0.98537    1.00184 +/- 0.00144
      669/1    0.95535    1.00177 +/- 0.00144
      670/1    1.02111    1.00180 +/- 0.00143
      671/1    0.98872    1.00178 +/- 0.00143
      672/1    0.95186    1.00170 +/- 0.00143
      673/1    0.98637    1.00168 +/- 0.00143
      674/1    1.06433    1.00177 +/- 0.00143
      675/1    0.97588    1.00173 +/- 0.00143
      676/1    1.04003    1.00179 +/- 0.00143
      677/1    1.08340    1.00191 +/- 0.00143
      678/1    1.02846    1.00195 +/- 0.00143
      679/1    0.97003    1.00191 +/- 0.00143
      680/1    0.89669    1.00175 +/- 0.00143
      681/1    1.01185    1.00176 +/- 0.00143
      682/1    0.95941    1.00170 +/- 0.00143
      683/1    0.98699    1.00168 +/- 0.00143
      684/1    0.96215    1.00162 +/- 0.00143
      685/1    1.00517    1.00163 +/- 0.00143
      686/1    0.97619    1.00159 +/- 0.00143
      687/1    1.07632    1.00170 +/- 0.00143
      688/1    1.00545    1.00170 +/- 0.00143
      689/1    1.00083    1.00170 +/- 0.00142
      690/1    1.05938    1.00179 +/- 0.00142
      691/1    0.98845    1.00177 +/- 0.00142
      692/1    1.05080    1.00184 +/- 0.00142
      693/1    1.03112    1.00188 +/- 0.00142
      694/1    0.99500    1.00187 +/- 0.00142
      695/1    0.93132    1.00177 +/- 0.00142
      696/1    0.93916    1.00168 +/- 0.00142
      697/1    1.01315    1.00169 +/- 0.00142
      698/1    1.00243    1.00170 +/- 0.00142
      699/1    0.99178    1.00168 +/- 0.00141
      700/1    1.01815    1.00171 +/- 0.00141
      701/1    0.98121    1.00168 +/- 0.00141
      702/1    0.96296    1.00162 +/- 0.00141
      703/1    1.01490    1.00164 +/- 0.00141
      704/1    1.03582    1.00169 +/- 0.00141
      705/1    1.01044    1.00170 +/- 0.00140
      706/1    0.96851    1.00165 +/- 0.00140
      707/1    0.92781    1.00155 +/- 0.00141
      708/1    0.99713    1.00154 +/- 0.00140
      709/1    0.96992    1.00150 +/- 0.00140
      710/1    1.04172    1.00155 +/- 0.00140
      711/1    0.99542    1.00154 +/- 0.00140
      712/1    1.00025    1.00154 +/- 0.00140
      713/1    0.93689    1.00145 +/- 0.00140
      714/1    0.98336    1.00142 +/- 0.00140
      715/1    1.06101    1.00151 +/- 0.00140
      716/1    1.00858    1.00152 +/- 0.00140
      717/1    0.96367    1.00147 +/- 0.00139
      718/1    1.01675    1.00149 +/- 0.00139
      719/1    0.98775    1.00147 +/- 0.00139
      720/1    0.99089    1.00145 +/- 0.00139
      721/1    0.98201    1.00143 +/- 0.00139
      722/1    0.99202    1.00141 +/- 0.00139
      723/1    1.06238    1.00150 +/- 0.00139
      724/1    1.01695    1.00152 +/- 0.00138
      725/1    1.06237    1.00160 +/- 0.00138
      726/1    0.99089    1.00159 +/- 0.00138
      727/1    0.98384    1.00156 +/- 0.00138
      728/1    1.05048    1.00163 +/- 0.00138
      729/1    0.98342    1.00161 +/- 0.00138
      730/1    1.01000    1.00162 +/- 0.00138
      731/1    1.00599    1.00163 +/- 0.00138
      732/1    1.05496    1.00170 +/- 0.00138
      733/1    1.00851    1.00171 +/- 0.00137
      734/1    0.98392    1.00168 +/- 0.00137
      735/1    1.06796    1.00178 +/- 0.00137
      736/1    1.02644    1.00181 +/- 0.00137
      737/1    0.99761    1.00180 +/- 0.00137
      738/1    1.01143    1.00182 +/- 0.00137
      739/1    0.98129    1.00179 +/- 0.00137
      740/1    0.99378    1.00178 +/- 0.00136
      741/1    1.00849    1.00179 +/- 0.00136
      742/1    0.89432    1.00164 +/- 0.00137
      743/1    0.97500    1.00160 +/- 0.00137
      744/1    0.99409    1.00159 +/- 0.00137
      745/1    1.01192    1.00161 +/- 0.00136
      746/1    1.00829    1.00162 +/- 0.00136
      747/1    0.98100    1.00159 +/- 0.00136
      748/1    0.99058    1.00157 +/- 0.00136
      749/1    1.05102    1.00164 +/- 0.00136
      750/1    1.06981    1.00173 +/- 0.00136
      751/1    0.97549    1.00170 +/- 0.00136
      752/1    1.01526    1.00172 +/- 0.00136
      753/1    0.95892    1.00166 +/- 0.00136
      754/1    0.94909    1.00159 +/- 0.00136
      755/1    1.01748    1.00161 +/- 0.00135
      756/1    1.03205    1.00165 +/- 0.00135
      757/1    1.00525    1.00165 +/- 0.00135
      758/1    1.02471    1.00169 +/- 0.00135
      759/1    0.99561    1.00168 +/- 0.00135
      760/1    1.07286    1.00177 +/- 0.00135
      761/1    0.98084    1.00174 +/- 0.00135
      762/1    0.97444    1.00171 +/- 0.00135
      763/1    1.05540    1.00178 +/- 0.00135
      764/1    0.99672    1.00177 +/- 0.00135
      765/1    0.99686    1.00177 +/- 0.00134
      766/1    1.08086    1.00187 +/- 0.00135
      767/1    1.00447    1.00187 +/- 0.00134
      768/1    1.09793    1.00200 +/- 0.00135
      769/1    1.01721    1.00202 +/- 0.00135
      770/1    1.04520    1.00208 +/- 0.00135
      771/1    0.99932    1.00207 +/- 0.00134
      772/1    0.99757    1.00207 +/- 0.00134
      773/1    0.94092    1.00199 +/- 0.00134
      774/1    0.97228    1.00195 +/- 0.00134
      775/1    0.89486    1.00181 +/- 0.00135
      776/1    1.02861    1.00184 +/- 0.00135
      777/1    1.00260    1.00184 +/- 0.00134
      778/1    1.03849    1.00189 +/- 0.00134
      779/1    0.96919    1.00185 +/- 0.00134
      780/1    0.99923    1.00185 +/- 0.00134
      781/1    1.01024    1.00186 +/- 0.00134
      782/1    1.02738    1.00189 +/- 0.00134
      783/1    1.02160    1.00192 +/- 0.00134
      784/1    0.96044    1.00186 +/- 0.00134
      785/1    0.97422    1.00183 +/- 0.00133
      786/1    0.99780    1.00182 +/- 0.00133
      787/1    0.96302    1.00177 +/- 0.00133
      788/1    1.06343    1.00185 +/- 0.00133
      789/1    0.95795    1.00179 +/- 0.00133
      790/1    0.97534    1.00176 +/- 0.00133
      791/1    0.99890    1.00176 +/- 0.00133
      792/1    1.00195    1.00176 +/- 0.00133
      793/1    0.95107    1.00169 +/- 0.00133
      794/1    1.05184    1.00176 +/- 0.00133
      795/1    1.03338    1.00180 +/- 0.00133
      796/1    1.04142    1.00185 +/- 0.00133
      797/1    1.02151    1.00187 +/- 0.00132
      798/1    0.97012    1.00183 +/- 0.00132
      799/1    0.98394    1.00181 +/- 0.00132
      800/1    1.04595    1.00187 +/- 0.00132
      801/1    1.00684    1.00187 +/- 0.00132
      802/1    0.97953    1.00184 +/- 0.00132
      803/1    0.99584    1.00184 +/- 0.00132
      804/1    1.03210    1.00187 +/- 0.00132
      805/1    0.91836    1.00177 +/- 0.00132
      806/1    0.96253    1.00172 +/- 0.00132
      807/1    1.05151    1.00178 +/- 0.00132
      808/1    0.95766    1.00173 +/- 0.00132
      809/1    0.98369    1.00170 +/- 0.00131
      810/1    0.97627    1.00167 +/- 0.00131
      811/1    0.97891    1.00164 +/- 0.00131
      812/1    0.99794    1.00164 +/- 0.00131
      813/1    1.01950    1.00166 +/- 0.00131
      814/1    1.00214    1.00166 +/- 0.00131
      815/1    0.99491    1.00165 +/- 0.00131
      816/1    1.01657    1.00167 +/- 0.00130
      817/1    1.00503    1.00168 +/- 0.00130
      818/1    1.00208    1.00168 +/- 0.00130
      819/1    0.94471    1.00161 +/- 0.00130
      820/1    1.01997    1.00163 +/- 0.00130
      821/1    1.01463    1.00165 +/- 0.00130
      822/1    0.92298    1.00155 +/- 0.00130
      823/1    0.99571    1.00154 +/- 0.00130
      824/1    1.06278    1.00162 +/- 0.00130
      825/1    1.02068    1.00164 +/- 0.00130
      826/1    0.98090    1.00161 +/- 0.00130
      827/1    1.04980    1.00167 +/- 0.00130
      828/1    0.95246    1.00161 +/- 0.00130
      829/1    0.99109    1.00160 +/- 0.00129
      830/1    0.98228    1.00158 +/- 0.00129
      831/1    0.96267    1.00153 +/- 0.00129
      832/1    1.01134    1.00154 +/- 0.00129
      833/1    0.93902    1.00147 +/- 0.00129
      834/1    0.96678    1.00142 +/- 0.00129
      835/1    1.01434    1.00144 +/- 0.00129
      836/1    0.98785    1.00142 +/- 0.00129
      837/1    1.00694    1.00143 +/- 0.00129
      838/1    0.96152    1.00138 +/- 0.00129
      839/1    1.00184    1.00138 +/- 0.00128
      840/1    1.02607    1.00141 +/- 0.00128
      841/1    1.02861    1.00144 +/- 0.00128
      842/1    0.96172    1.00140 +/- 0.00128
      843/1    1.09675    1.00151 +/- 0.00128
      844/1    0.98078    1.00149 +/- 0.00128
      845/1    0.99780    1.00148 +/- 0.00128
      846/1    0.95516    1.00143 +/- 0.00128
      847/1    0.95352    1.00137 +/- 0.00128
      848/1    1.02763    1.00140 +/- 0.00128
      849/1    1.05087    1.00146 +/- 0.00128
      850/1    1.02118    1.00148 +/- 0.00128
      851/1    1.04610    1.00154 +/- 0.00128
      852/1    1.03856    1.00158 +/- 0.00128
      853/1    1.05684    1.00164 +/- 0.00128
      854/1    0.95549    1.00159 +/- 0.00128
      855/1    1.04105    1.00164 +/- 0.00128
      856/1    1.00419    1.00164 +/- 0.00128
      857/1    1.03230    1.00168 +/- 0.00127
      858/1    1.00518    1.00168 +/- 0.00127
      859/1    0.97997    1.00165 +/- 0.00127
      860/1    0.96464    1.00161 +/- 0.00127
      861/1    0.98321    1.00159 +/- 0.00127
      862/1    0.97602    1.00156 +/- 0.00127
      863/1    1.06603    1.00164 +/- 0.00127
      864/1    1.06839    1.00171 +/- 0.00127
      865/1    1.04250    1.00176 +/- 0.00127
      866/1    0.97959    1.00174 +/- 0.00127
      867/1    1.05843    1.00180 +/- 0.00127
      868/1    0.97427    1.00177 +/- 0.00127
      869/1    1.03563    1.00181 +/- 0.00127
      870/1    1.01811    1.00183 +/- 0.00127
      871/1    1.01492    1.00184 +/- 0.00126
      872/1    1.04744    1.00190 +/- 0.00126
      873/1    0.97136    1.00186 +/- 0.00126
      874/1    0.97457    1.00183 +/- 0.00126
      875/1    0.98951    1.00181 +/- 0.00126
      876/1    1.00881    1.00182 +/- 0.00126
      877/1    1.01331    1.00184 +/- 0.00126
      878/1    0.95337    1.00178 +/- 0.00126
      879/1    1.01411    1.00179 +/- 0.00126
      880/1    1.01819    1.00181 +/- 0.00125
      881/1    0.95667    1.00176 +/- 0.00125
      882/1    0.91756    1.00166 +/- 0.00126
      883/1    1.02824    1.00170 +/- 0.00126
      884/1    1.02301    1.00172 +/- 0.00125
      885/1    0.99978    1.00172 +/- 0.00125
      886/1    0.97375    1.00169 +/- 0.00125
      887/1    0.99791    1.00168 +/- 0.00125
      888/1    1.00001    1.00168 +/- 0.00125
      889/1    1.06441    1.00175 +/- 0.00125
      890/1    1.03223    1.00179 +/- 0.00125
      891/1    0.98989    1.00177 +/- 0.00125
      892/1    1.04185    1.00182 +/- 0.00125
      893/1    1.03906    1.00186 +/- 0.00125
      894/1    0.98380    1.00184 +/- 0.00124
      895/1    0.99366    1.00183 +/- 0.00124
      896/1    1.01142    1.00184 +/- 0.00124
      897/1    1.03220    1.00187 +/- 0.00124
      898/1    0.99907    1.00187 +/- 0.00124
      899/1    0.99435    1.00186 +/- 0.00124
      900/1    1.00027    1.00186 +/- 0.00124
      901/1    1.06648    1.00193 +/- 0.00124
      902/1    1.01747    1.00195 +/- 0.00124
      903/1    1.01443    1.00197 +/- 0.00123
      904/1    1.01024    1.00197 +/- 0.00123
      905/1    1.01632    1.00199 +/- 0.00123
      906/1    0.98748    1.00197 +/- 0.00123
      907/1    1.00590    1.00198 +/- 0.00123
      908/1    1.01588    1.00199 +/- 0.00123
      909/1    1.05147    1.00205 +/- 0.00123
      910/1    0.98597    1.00203 +/- 0.00123
      911/1    0.96447    1.00199 +/- 0.00123
      912/1    0.98338    1.00197 +/- 0.00123
      913/1    1.00010    1.00197 +/- 0.00122
      914/1    0.99605    1.00196 +/- 0.00122
      915/1    1.03419    1.00200 +/- 0.00122
      916/1    1.04711    1.00205 +/- 0.00122
      917/1    1.02086    1.00207 +/- 0.00122
      918/1    1.06724    1.00214 +/- 0.00122
      919/1    1.02055    1.00216 +/- 0.00122
      920/1    1.04007    1.00220 +/- 0.00122
      921/1    1.04846    1.00225 +/- 0.00122
      922/1    1.04304    1.00230 +/- 0.00122
      923/1    0.95654    1.00225 +/- 0.00122
      924/1    0.97832    1.00222 +/- 0.00122
      925/1    1.00759    1.00223 +/- 0.00122
      926/1    0.98793    1.00221 +/- 0.00121
      927/1    1.01199    1.00222 +/- 0.00121
      928/1    1.04896    1.00227 +/- 0.00121
      929/1    0.97330    1.00224 +/- 0.00121
      930/1    0.99612    1.00223 +/- 0.00121
      931/1    1.02631    1.00226 +/- 0.00121
      932/1    1.06970    1.00233 +/- 0.00121
      933/1    0.97362    1.00230 +/- 0.00121
      934/1    1.01895    1.00232 +/- 0.00121
      935/1    0.97704    1.00229 +/- 0.00121
      936/1    0.95368    1.00224 +/- 0.00121
      937/1    0.96285    1.00220 +/- 0.00121
      938/1    0.98150    1.00217 +/- 0.00121
      939/1    1.01502    1.00219 +/- 0.00120
      940/1    0.93379    1.00211 +/- 0.00121
      941/1    1.02453    1.00214 +/- 0.00120
      942/1    0.94628    1.00208 +/- 0.00120
      943/1    0.95679    1.00203 +/- 0.00120
      944/1    1.03007    1.00206 +/- 0.00120
      945/1    0.96906    1.00203 +/- 0.00120
      946/1    0.94679    1.00197 +/- 0.00120
      947/1    1.05622    1.00202 +/- 0.00120
      948/1    0.97179    1.00199 +/- 0.00120
      949/1    1.03275    1.00202 +/- 0.00120
      950/1    0.95351    1.00197 +/- 0.00120
      951/1    0.96654    1.00194 +/- 0.00120
      952/1    1.04149    1.00198 +/- 0.00120
      953/1    1.05224    1.00203 +/- 0.00120
      954/1    1.02379    1.00205 +/- 0.00120
      955/1    1.01939    1.00207 +/- 0.00120
      956/1    0.97374    1.00204 +/- 0.00120
      957/1    0.99217    1.00203 +/- 0.00120
      958/1    1.02489    1.00206 +/- 0.00119
      959/1    0.99156    1.00204 +/- 0.00119
      960/1    1.01784    1.00206 +/- 0.00119
      961/1    1.00221    1.00206 +/- 0.00119
      962/1    1.04225    1.00210 +/- 0.00119
      963/1    1.04361    1.00215 +/- 0.00119
      964/1    0.99222    1.00214 +/- 0.00119
      965/1    0.99832    1.00213 +/- 0.00119
      966/1    0.96473    1.00209 +/- 0.00119
      967/1    1.00853    1.00210 +/- 0.00119
      968/1    1.05350    1.00215 +/- 0.00119
      969/1    0.98396    1.00214 +/- 0.00118
      970/1    0.99435    1.00213 +/- 0.00118
      971/1    0.96795    1.00209 +/- 0.00118
      972/1    1.01837    1.00211 +/- 0.00118
      973/1    1.02463    1.00213 +/- 0.00118
      974/1    0.92170    1.00205 +/- 0.00118
      975/1    1.00990    1.00206 +/- 0.00118
      976/1    0.99639    1.00205 +/- 0.00118
      977/1    1.04003    1.00209 +/- 0.00118
      978/1    1.04166    1.00213 +/- 0.00118
      979/1    0.98394    1.00211 +/- 0.00118
      980/1    1.01373    1.00212 +/- 0.00118
      981/1    1.00537    1.00213 +/- 0.00118
      982/1    1.02213    1.00215 +/- 0.00117
      983/1    0.99880    1.00214 +/- 0.00117
      984/1    1.03679    1.00218 +/- 0.00117
      985/1    1.01389    1.00219 +/- 0.00117
      986/1    0.97553    1.00216 +/- 0.00117
      987/1    0.99102    1.00215 +/- 0.00117
      988/1    1.05448    1.00221 +/- 0.00117
      989/1    1.03127    1.00224 +/- 0.00117
      990/1    0.96960    1.00220 +/- 0.00117
      991/1    1.04465    1.00225 +/- 0.00117
      992/1    1.01555    1.00226 +/- 0.00117
      993/1    1.01178    1.00227 +/- 0.00117
      994/1    1.01739    1.00229 +/- 0.00116
      995/1    1.05283    1.00234 +/- 0.00116
      996/1    0.97786    1.00231 +/- 0.00116
      997/1    0.94256    1.00225 +/- 0.00116
      998/1    0.98963    1.00224 +/- 0.00116
      999/1    1.01639    1.00225 +/- 0.00116
     1000/1    1.05813    1.00231 +/- 0.00116
 Creating state point statepoint.1000.h5...

 =======================>     TIMING STATISTICS     <=======================

 Total time for initialization     = 2.9990e+00 seconds
   Reading cross sections          = 2.9833e+00 seconds
 Total time in simulation          = 1.2407e+01 seconds
   Time in transport only          = 1.2303e+01 seconds
   Time in inactive batches        = 1.2324e-01 seconds
   Time in active batches          = 1.2284e+01 seconds
   Time synchronizing fission bank = 6.9864e-02 seconds
     Sampling source sites         = 6.1970e-02 seconds
     SEND/RECV source sites        = 7.4584e-03 seconds
   Time accumulating tallies       = 2.0388e-04 seconds
   Time writing statepoints        = 2.1007e-03 seconds
 Total time for finalization       = 1.2600e-06 seconds
 Total time elapsed                = 1.5422e+01 seconds
 Calculation Rate (inactive)       = 81142.0 particles/second
 Calculation Rate (active)         = 80594.3 particles/second

 ============================>     RESULTS     <============================

 k-effective (Collision)     = 1.00148 +/- 0.00088
 k-effective (Track-length)  = 1.00231 +/- 0.00116
 k-effective (Absorption)    = 1.00328 +/- 0.00103
 Combined k-effective        = 1.00228 +/- 0.00069
 Leakage Fraction            = 0.00000 +/- 0.00000

