nohup: ignoring input
/home/adminsrv/openmc_v15/openmc/model/funcs.py:124: FutureWarning: The hexagonal_prism(...) function has been replaced by the HexagonalPrism(...) class. Future versions of OpenMC will not accept hexagonal_prism.
  warn("The hexagonal_prism(...) function has been replaced by the "
/home/adminsrv/openmc_v15/openmc/source.py:658: FutureWarning: This class is deprecated in favor of 'IndependentSource'
  warnings.warn("This class is deprecated in favor of 'IndependentSource'", FutureWarning)
                                %%%%%%%%%%%%%%%
                           %%%%%%%%%%%%%%%%%%%%%%%%
                        %%%%%%%%%%%%%%%%%%%%%%%%%%%%%%
                      %%%%%%%%%%%%%%%%%%%%%%%%%%%%%%%%%%
                    %%%%%%%%%%%%%%%%%%%%%%%%%%%%%%%%%%%%%%
                   %%%%%%%%%%%%%%%%%%%%%%%%%%%%%%%%%%%%%%%%
                                    %%%%%%%%%%%%%%%%%%%%%%%%
                                     %%%%%%%%%%%%%%%%%%%%%%%%
                 ###############      %%%%%%%%%%%%%%%%%%%%%%%%
                ##################     %%%%%%%%%%%%%%%%%%%%%%%
                ###################     %%%%%%%%%%%%%%%%%%%%%%%
                ####################     %%%%%%%%%%%%%%%%%%%%%%
                #####################     %%%%%%%%%%%%%%%%%%%%%
                ######################     %%%%%%%%%%%%%%%%%%%%
                #######################     %%%%%%%%%%%%%%%%%%
                 #######################     %%%%%%%%%%%%%%%%%
                 ######################     %%%%%%%%%%%%%%%%%
                  ####################     %%%%%%%%%%%%%%%%%
                    #################     %%%%%%%%%%%%%%%%%
                     ###############     %%%%%%%%%%%%%%%%
                       ############     %%%%%%%%%%%%%%%
                          ########     %%%%%%%%%%%%%%
                                      %%%%%%%%%%%

                 | The OpenMC Monte Carlo Code
       Copyright | 2011-2025 MIT, UChicago Argonne LLC, and contributors
         License | https://docs.openmc.org/en/latest/license.html
         Version | 0.15.3-dev9
     Commit Hash | 47ca2916aa85a2909a5f6e0a3442ab7c581894b1
       Date/Time | 2025-12-24 15:04:37
  OpenMP Threads | 8

 Reading settings XML file...
 Reading cross sections XML file...
 Reading materials XML file...
 Reading geometry XML file...
 Reading U235 from
 /home/adminsrv/projects/sections/endfb-viii.0-hdf5/neutron/U235.h5
 Reading U238 from
 /home/adminsrv/projects/sections/endfb-viii.0-hdf5/neutron/U238.h5
 Reading O16 from
 /home/adminsrv/projects/sections/endfb-viii.0-hdf5/neutron/O16.h5
 Reading H1 from
 /home/adminsrv/projects/sections/endfb-viii.0-hdf5/neutron/H1.h5
 Reading Zr90 from
 /home/adminsrv/projects/sections/endfb-viii.0-hdf5/neutron/Zr90.h5
 Reading Zr91 from
 /home/adminsrv/projects/sections/endfb-viii.0-hdf5/neutron/Zr91.h5
 Reading Zr92 from
 /home/adminsrv/projects/sections/endfb-viii.0-hdf5/neutron/Zr92.h5
 Reading Zr94 from
 /home/adminsrv/projects/sections/endfb-viii.0-hdf5/neutron/Zr94.h5
 Reading Zr96 from
 /home/adminsrv/projects/sections/endfb-viii.0-hdf5/neutron/Zr96.h5
 WARNING: Negative value(s) found on probability table for nuclide Zr96 at 600K
 Reading Gd152 from
 /home/adminsrv/projects/sections/endfb-viii.0-hdf5/neutron/Gd152.h5
 Reading Gd154 from
 /home/adminsrv/projects/sections/endfb-viii.0-hdf5/neutron/Gd154.h5
 Reading Gd155 from
 /home/adminsrv/projects/sections/endfb-viii.0-hdf5/neutron/Gd155.h5
 Reading Gd156 from
 /home/adminsrv/projects/sections/endfb-viii.0-hdf5/neutron/Gd156.h5
 Reading Gd157 from
 /home/adminsrv/projects/sections/endfb-viii.0-hdf5/neutron/Gd157.h5
 Reading Gd158 from
 /home/adminsrv/projects/sections/endfb-viii.0-hdf5/neutron/Gd158.h5
 Reading Gd160 from
 /home/adminsrv/projects/sections/endfb-viii.0-hdf5/neutron/Gd160.h5
 Reading O17 from
 /home/adminsrv/projects/sections/endfb-viii.0-hdf5/neutron/O17.h5
 Reading O18 from
 /home/adminsrv/projects/sections/endfb-viii.0-hdf5/neutron/O18.h5
 Reading Er162 from
 /home/adminsrv/projects/sections/endfb-viii.0-hdf5/neutron/Er162.h5
 Reading Er164 from
 /home/adminsrv/projects/sections/endfb-viii.0-hdf5/neutron/Er164.h5
 Reading Er166 from
 /home/adminsrv/projects/sections/endfb-viii.0-hdf5/neutron/Er166.h5
 Reading Er167 from
 /home/adminsrv/projects/sections/endfb-viii.0-hdf5/neutron/Er167.h5
 Reading Er168 from
 /home/adminsrv/projects/sections/endfb-viii.0-hdf5/neutron/Er168.h5
 Reading Er170 from
 /home/adminsrv/projects/sections/endfb-viii.0-hdf5/neutron/Er170.h5
 Reading c_H_in_H2O from
 /home/adminsrv/projects/sections/endfb-viii.0-hdf5/neutron/c_H_in_H2O.h5
 Minimum neutron data temperature: 250.0 K
 Maximum neutron data temperature: 2500.0 K
 Preparing distributed cell instances...
 Reading plot XML file...
 Writing summary.h5 file...
 Maximum neutron transport energy: 20000000.0 eV for H1
 Initializing source particles...

 ====================>     K EIGENVALUE SIMULATION     <====================

  Bat./Gen.      k            Average k
  =========   ========   ====================
        1/1    0.84775
        2/1    0.84097
        3/1    0.89959
        4/1    0.82512
        5/1    0.88226
        6/1    0.89544
        7/1    0.83973
        8/1    0.86242
        9/1    0.88755
       10/1    0.86557
       11/1    0.83401
       12/1    0.86765    0.85083 +/- 0.01682
       13/1    0.87475    0.85881 +/- 0.01256
       14/1    0.90641    0.87071 +/- 0.01485
       15/1    0.85812    0.86819 +/- 0.01178
       16/1    0.83964    0.86343 +/- 0.01073
       17/1    0.83908    0.85995 +/- 0.00971
       18/1    0.81901    0.85483 +/- 0.00985
       19/1    0.86518    0.85598 +/- 0.00876
       20/1    0.85287    0.85567 +/- 0.00784
       21/1    0.85776    0.85586 +/- 0.00709
       22/1    0.90852    0.86025 +/- 0.00782
       23/1    0.79720    0.85540 +/- 0.00868
       24/1    0.87275    0.85664 +/- 0.00813
       25/1    0.86837    0.85742 +/- 0.00761
       26/1    0.83234    0.85585 +/- 0.00729
       27/1    0.87237    0.85683 +/- 0.00691
       28/1    0.87324    0.85774 +/- 0.00658
       29/1    0.82064    0.85578 +/- 0.00652
       30/1    0.86448    0.85622 +/- 0.00621
       31/1    0.86037    0.85642 +/- 0.00591
       32/1    0.83527    0.85546 +/- 0.00571
       33/1    0.81618    0.85375 +/- 0.00572
       34/1    0.84677    0.85346 +/- 0.00548
       35/1    0.87587    0.85435 +/- 0.00534
       36/1    0.93054    0.85728 +/- 0.00590
       37/1    0.85802    0.85731 +/- 0.00568
       38/1    0.84046    0.85671 +/- 0.00551
       39/1    0.85088    0.85651 +/- 0.00532
       40/1    0.85917    0.85660 +/- 0.00514
       41/1    0.85029    0.85639 +/- 0.00497
       42/1    0.86740    0.85674 +/- 0.00483
       43/1    0.86020    0.85684 +/- 0.00468
       44/1    0.84319    0.85644 +/- 0.00456
       45/1    0.87082    0.85685 +/- 0.00445
       46/1    0.81265    0.85562 +/- 0.00449
       47/1    0.89370    0.85665 +/- 0.00449
       48/1    0.84946    0.85646 +/- 0.00437
       49/1    0.84876    0.85627 +/- 0.00426
       50/1    0.83685    0.85578 +/- 0.00418
       51/1    0.87767    0.85631 +/- 0.00412
       52/1    0.84587    0.85607 +/- 0.00402
       53/1    0.84053    0.85570 +/- 0.00395
       54/1    0.85025    0.85558 +/- 0.00386
       55/1    0.85536    0.85558 +/- 0.00377
       56/1    0.83477    0.85512 +/- 0.00372
       57/1    0.84332    0.85487 +/- 0.00364
       58/1    0.84691    0.85471 +/- 0.00357
       59/1    0.82432    0.85409 +/- 0.00355
       60/1    0.88944    0.85479 +/- 0.00355
       61/1    0.82729    0.85425 +/- 0.00352
       62/1    0.84575    0.85409 +/- 0.00346
       63/1    0.88817    0.85473 +/- 0.00345
       64/1    0.87274    0.85507 +/- 0.00340
       65/1    0.84035    0.85480 +/- 0.00335
       66/1    0.84169    0.85457 +/- 0.00330
       67/1    0.88563    0.85511 +/- 0.00329
       68/1    0.86103    0.85521 +/- 0.00323
       69/1    0.80947    0.85444 +/- 0.00327
       70/1    0.86613    0.85463 +/- 0.00322
       71/1    0.87536    0.85497 +/- 0.00319
       72/1    0.86154    0.85508 +/- 0.00314
       73/1    0.83748    0.85480 +/- 0.00310
       74/1    0.85531    0.85481 +/- 0.00305
       75/1    0.84206    0.85461 +/- 0.00301
       76/1    0.83832    0.85436 +/- 0.00297
       77/1    0.85196    0.85433 +/- 0.00293
       78/1    0.86704    0.85451 +/- 0.00289
       79/1    0.85705    0.85455 +/- 0.00285
       80/1    0.87141    0.85479 +/- 0.00282
       81/1    0.83900    0.85457 +/- 0.00279
       82/1    0.84793    0.85448 +/- 0.00275
       83/1    0.83894    0.85426 +/- 0.00272
       84/1    0.86409    0.85440 +/- 0.00269
       85/1    0.81306    0.85385 +/- 0.00271
       86/1    0.83290    0.85357 +/- 0.00269
       87/1    0.86899    0.85377 +/- 0.00266
       88/1    0.88925    0.85423 +/- 0.00266
       89/1    0.84084    0.85406 +/- 0.00263
       90/1    0.88400    0.85443 +/- 0.00263
       91/1    0.80653    0.85384 +/- 0.00266
       92/1    0.82895    0.85354 +/- 0.00265
       93/1    0.88532    0.85392 +/- 0.00264
       94/1    0.82600    0.85359 +/- 0.00263
       95/1    0.88558    0.85396 +/- 0.00263
       96/1    0.83953    0.85379 +/- 0.00260
       97/1    0.87773    0.85407 +/- 0.00259
       98/1    0.87880    0.85435 +/- 0.00257
       99/1    0.85147    0.85432 +/- 0.00254
      100/1    0.84768    0.85424 +/- 0.00252
      101/1    0.85161    0.85422 +/- 0.00249
      102/1    0.84794    0.85415 +/- 0.00246
      103/1    0.80149    0.85358 +/- 0.00250
      104/1    0.85400    0.85359 +/- 0.00247
      105/1    0.84975    0.85355 +/- 0.00245
      106/1    0.86800    0.85370 +/- 0.00243
      107/1    0.83608    0.85351 +/- 0.00241
      108/1    0.90780    0.85407 +/- 0.00245
      109/1    0.86381    0.85417 +/- 0.00243
      110/1    0.84553    0.85408 +/- 0.00240
      111/1    0.84429    0.85398 +/- 0.00238
      112/1    0.84476    0.85389 +/- 0.00236
      113/1    0.83692    0.85373 +/- 0.00234
      114/1    0.86632    0.85385 +/- 0.00232
      115/1    0.85873    0.85390 +/- 0.00230
      116/1    0.90639    0.85439 +/- 0.00233
      117/1    0.83940    0.85425 +/- 0.00231
      118/1    0.88760    0.85456 +/- 0.00231
      119/1    0.86923    0.85469 +/- 0.00230
      120/1    0.86558    0.85479 +/- 0.00228
      121/1    0.89033    0.85511 +/- 0.00228
      122/1    0.82977    0.85489 +/- 0.00227
      123/1    0.85648    0.85490 +/- 0.00225
      124/1    0.87266    0.85506 +/- 0.00224
      125/1    0.86519    0.85514 +/- 0.00222
      126/1    0.84509    0.85506 +/- 0.00220
      127/1    0.87717    0.85525 +/- 0.00219
      128/1    0.84608    0.85517 +/- 0.00217
      129/1    0.91299    0.85566 +/- 0.00221
      130/1    0.84793    0.85559 +/- 0.00219
      131/1    0.82734    0.85536 +/- 0.00218
      132/1    0.82756    0.85513 +/- 0.00218
      133/1    0.85016    0.85509 +/- 0.00216
      134/1    0.84685    0.85502 +/- 0.00214
      135/1    0.81878    0.85473 +/- 0.00215
      136/1    0.83557    0.85458 +/- 0.00214
      137/1    0.81892    0.85430 +/- 0.00214
      138/1    0.86642    0.85439 +/- 0.00212
      139/1    0.87312    0.85454 +/- 0.00211
      140/1    0.87582    0.85470 +/- 0.00210
      141/1    0.84403    0.85462 +/- 0.00209
      142/1    0.83572    0.85448 +/- 0.00208
      143/1    0.87377    0.85462 +/- 0.00207
      144/1    0.87764    0.85480 +/- 0.00206
      145/1    0.80527    0.85443 +/- 0.00207
      146/1    0.83453    0.85428 +/- 0.00206
      147/1    0.90368    0.85464 +/- 0.00208
      148/1    0.87298    0.85478 +/- 0.00207
      149/1    0.82716    0.85458 +/- 0.00206
      150/1    0.86218    0.85463 +/- 0.00205
      151/1    0.83900    0.85452 +/- 0.00204
      152/1    0.85369    0.85452 +/- 0.00202
      153/1    0.81178    0.85422 +/- 0.00203
      154/1    0.85908    0.85425 +/- 0.00202
      155/1    0.82595    0.85405 +/- 0.00201
      156/1    0.84321    0.85398 +/- 0.00200
      157/1    0.87590    0.85413 +/- 0.00199
      158/1    0.84055    0.85404 +/- 0.00198
      159/1    0.87102    0.85415 +/- 0.00197
      160/1    0.86471    0.85422 +/- 0.00196
      161/1    0.84314    0.85415 +/- 0.00195
      162/1    0.84171    0.85407 +/- 0.00194
      163/1    0.84126    0.85398 +/- 0.00193
      164/1    0.87340    0.85411 +/- 0.00192
      165/1    0.83863    0.85401 +/- 0.00191
      166/1    0.80707    0.85371 +/- 0.00192
      167/1    0.87233    0.85383 +/- 0.00191
      168/1    0.86059    0.85387 +/- 0.00190
      169/1    0.82470    0.85369 +/- 0.00190
      170/1    0.84591    0.85364 +/- 0.00188
      171/1    0.88449    0.85383 +/- 0.00188
      172/1    0.85187    0.85382 +/- 0.00187
      173/1    0.83754    0.85372 +/- 0.00186
      174/1    0.83825    0.85362 +/- 0.00185
      175/1    0.84062    0.85354 +/- 0.00184
      176/1    0.88967    0.85376 +/- 0.00185
      177/1    0.83288    0.85364 +/- 0.00184
      178/1    0.84999    0.85362 +/- 0.00183
      179/1    0.80335    0.85332 +/- 0.00184
      180/1    0.86348    0.85338 +/- 0.00183
      181/1    0.84806    0.85335 +/- 0.00182
      182/1    0.85842    0.85338 +/- 0.00181
      183/1    0.87970    0.85353 +/- 0.00181
      184/1    0.86961    0.85362 +/- 0.00180
      185/1    0.89666    0.85387 +/- 0.00181
      186/1    0.84263    0.85380 +/- 0.00180
      187/1    0.86425    0.85386 +/- 0.00179
      188/1    0.84453    0.85381 +/- 0.00178
      189/1    0.85825    0.85383 +/- 0.00177
      190/1    0.84116    0.85376 +/- 0.00176
      191/1    0.86056    0.85380 +/- 0.00175
      192/1    0.89211    0.85401 +/- 0.00175
      193/1    0.82556    0.85386 +/- 0.00175
      194/1    0.88968    0.85405 +/- 0.00175
      195/1    0.86870    0.85413 +/- 0.00174
      196/1    0.84917    0.85410 +/- 0.00173
      197/1    0.88614    0.85427 +/- 0.00173
      198/1    0.85089    0.85426 +/- 0.00172
      199/1    0.88378    0.85441 +/- 0.00172
      200/1    0.84045    0.85434 +/- 0.00172
      201/1    0.84814    0.85431 +/- 0.00171
      202/1    0.86938    0.85439 +/- 0.00170
      203/1    0.88116    0.85452 +/- 0.00170
      204/1    0.92694    0.85490 +/- 0.00173
      205/1    0.84547    0.85485 +/- 0.00172
      206/1    0.87987    0.85498 +/- 0.00172
      207/1    0.86838    0.85504 +/- 0.00171
      208/1    0.81597    0.85485 +/- 0.00171
      209/1    0.83314    0.85474 +/- 0.00171
      210/1    0.79267    0.85443 +/- 0.00173
      211/1    0.81871    0.85425 +/- 0.00173
      212/1    0.83204    0.85414 +/- 0.00172
      213/1    0.84380    0.85409 +/- 0.00171
      214/1    0.84838    0.85406 +/- 0.00171
      215/1    0.85151    0.85405 +/- 0.00170
      216/1    0.85977    0.85408 +/- 0.00169
      217/1    0.86146    0.85411 +/- 0.00168
      218/1    0.82763    0.85399 +/- 0.00168
      219/1    0.90088    0.85421 +/- 0.00168
      220/1    0.88504    0.85436 +/- 0.00168
      221/1    0.88911    0.85452 +/- 0.00168
      222/1    0.87531    0.85462 +/- 0.00168
      223/1    0.86430    0.85466 +/- 0.00167
      224/1    0.78775    0.85435 +/- 0.00169
      225/1    0.84678    0.85432 +/- 0.00168
      226/1    0.85266    0.85431 +/- 0.00168
      227/1    0.82278    0.85416 +/- 0.00168
      228/1    0.88850    0.85432 +/- 0.00168
      229/1    0.82176    0.85417 +/- 0.00167
      230/1    0.83234    0.85407 +/- 0.00167
      231/1    0.87908    0.85419 +/- 0.00167
      232/1    0.84669    0.85415 +/- 0.00166
      233/1    0.85434    0.85415 +/- 0.00165
      234/1    0.91471    0.85442 +/- 0.00167
      235/1    0.87210    0.85450 +/- 0.00166
      236/1    0.82174    0.85436 +/- 0.00166
      237/1    0.83326    0.85426 +/- 0.00165
      238/1    0.81856    0.85411 +/- 0.00165
      239/1    0.90303    0.85432 +/- 0.00166
      240/1    0.85103    0.85431 +/- 0.00165
      241/1    0.83148    0.85421 +/- 0.00165
      242/1    0.89560    0.85439 +/- 0.00165
      243/1    0.80919    0.85419 +/- 0.00166
      244/1    0.80683    0.85399 +/- 0.00166
      245/1    0.86995    0.85406 +/- 0.00166
      246/1    0.87229    0.85414 +/- 0.00165
      247/1    0.91743    0.85440 +/- 0.00167
      248/1    0.82859    0.85429 +/- 0.00166
      249/1    0.82908    0.85419 +/- 0.00166
      250/1    0.85343    0.85419 +/- 0.00165
      251/1    0.84458    0.85415 +/- 0.00165
      252/1    0.85126    0.85413 +/- 0.00164
      253/1    0.83501    0.85406 +/- 0.00163
      254/1    0.87818    0.85415 +/- 0.00163
      255/1    0.82441    0.85403 +/- 0.00163
      256/1    0.82963    0.85393 +/- 0.00162
      257/1    0.84235    0.85389 +/- 0.00162
      258/1    0.85380    0.85389 +/- 0.00161
      259/1    0.85553    0.85389 +/- 0.00161
      260/1    0.86215    0.85393 +/- 0.00160
      261/1    0.88656    0.85406 +/- 0.00160
      262/1    0.86653    0.85411 +/- 0.00159
      263/1    0.81890    0.85397 +/- 0.00159
      264/1    0.87481    0.85405 +/- 0.00159
      265/1    0.87027    0.85411 +/- 0.00158
      266/1    0.85445    0.85411 +/- 0.00158
      267/1    0.84134    0.85406 +/- 0.00157
      268/1    0.90226    0.85425 +/- 0.00158
      269/1    0.86765    0.85430 +/- 0.00157
      270/1    0.86141    0.85433 +/- 0.00157
      271/1    0.88956    0.85446 +/- 0.00157
      272/1    0.87426    0.85454 +/- 0.00156
      273/1    0.86104    0.85456 +/- 0.00156
      274/1    0.85776    0.85458 +/- 0.00155
      275/1    0.84962    0.85456 +/- 0.00154
      276/1    0.88895    0.85469 +/- 0.00154
      277/1    0.88494    0.85480 +/- 0.00154
      278/1    0.85477    0.85480 +/- 0.00154
      279/1    0.86645    0.85484 +/- 0.00153
      280/1    0.82480    0.85473 +/- 0.00153
      281/1    0.83965    0.85468 +/- 0.00152
      282/1    0.86832    0.85473 +/- 0.00152
      283/1    0.78835    0.85448 +/- 0.00153
      284/1    0.87239    0.85455 +/- 0.00153
      285/1    0.83016    0.85446 +/- 0.00153
      286/1    0.83216    0.85438 +/- 0.00152
      287/1    0.83458    0.85431 +/- 0.00152
      288/1    0.88289    0.85441 +/- 0.00152
      289/1    0.80575    0.85424 +/- 0.00152
      290/1    0.87967    0.85433 +/- 0.00152
      291/1    0.84198    0.85428 +/- 0.00151
      292/1    0.84204    0.85424 +/- 0.00151
      293/1    0.84497    0.85421 +/- 0.00150
      294/1    0.84739    0.85418 +/- 0.00150
      295/1    0.84094    0.85414 +/- 0.00149
      296/1    0.84671    0.85411 +/- 0.00149
      297/1    0.88729    0.85423 +/- 0.00149
      298/1    0.83373    0.85416 +/- 0.00149
      299/1    0.91955    0.85438 +/- 0.00150
      300/1    0.83617    0.85432 +/- 0.00149
      301/1    0.86065    0.85434 +/- 0.00149
      302/1    0.83881    0.85429 +/- 0.00148
      303/1    0.85923    0.85430 +/- 0.00148
      304/1    0.86720    0.85435 +/- 0.00148
      305/1    0.88060    0.85444 +/- 0.00147
      306/1    0.89225    0.85456 +/- 0.00147
      307/1    0.84033    0.85452 +/- 0.00147
      308/1    0.85030    0.85450 +/- 0.00146
      309/1    0.86445    0.85454 +/- 0.00146
      310/1    0.85488    0.85454 +/- 0.00146
      311/1    0.83145    0.85446 +/- 0.00145
      312/1    0.88049    0.85455 +/- 0.00145
      313/1    0.82542    0.85445 +/- 0.00145
      314/1    0.84929    0.85443 +/- 0.00144
      315/1    0.81218    0.85430 +/- 0.00145
      316/1    0.79753    0.85411 +/- 0.00145
      317/1    0.86722    0.85415 +/- 0.00145
      318/1    0.86896    0.85420 +/- 0.00144
      319/1    0.86482    0.85423 +/- 0.00144
      320/1    0.85056    0.85422 +/- 0.00144
      321/1    0.87199    0.85428 +/- 0.00143
      322/1    0.86070    0.85430 +/- 0.00143
      323/1    0.86046    0.85432 +/- 0.00142
      324/1    0.82567    0.85423 +/- 0.00142
      325/1    0.87810    0.85430 +/- 0.00142
      326/1    0.84163    0.85426 +/- 0.00142
      327/1    0.83018    0.85419 +/- 0.00141
      328/1    0.86333    0.85422 +/- 0.00141
      329/1    0.84212    0.85418 +/- 0.00141
      330/1    0.85560    0.85418 +/- 0.00140
      331/1    0.84501    0.85416 +/- 0.00140
      332/1    0.86633    0.85419 +/- 0.00139
      333/1    0.82505    0.85410 +/- 0.00139
      334/1    0.85793    0.85411 +/- 0.00139
      335/1    0.81896    0.85401 +/- 0.00139
      336/1    0.78504    0.85380 +/- 0.00140
      337/1    0.88848    0.85390 +/- 0.00140
      338/1    0.81658    0.85379 +/- 0.00140
      339/1    0.79511    0.85361 +/- 0.00141
      340/1    0.82564    0.85352 +/- 0.00140
      341/1    0.86323    0.85355 +/- 0.00140
      342/1    0.86342    0.85358 +/- 0.00140
      343/1    0.85282    0.85358 +/- 0.00139
      344/1    0.82816    0.85350 +/- 0.00139
      345/1    0.83847    0.85346 +/- 0.00139
      346/1    0.85562    0.85347 +/- 0.00138
      347/1    0.91318    0.85364 +/- 0.00139
      348/1    0.90057    0.85378 +/- 0.00139
      349/1    0.87607    0.85385 +/- 0.00139
      350/1    0.82802    0.85377 +/- 0.00139
      351/1    0.85721    0.85378 +/- 0.00138
      352/1    0.86665    0.85382 +/- 0.00138
      353/1    0.85464    0.85382 +/- 0.00138
      354/1    0.83397    0.85376 +/- 0.00137
      355/1    0.85103    0.85376 +/- 0.00137
      356/1    0.85323    0.85376 +/- 0.00137
      357/1    0.82555    0.85367 +/- 0.00136
      358/1    0.87388    0.85373 +/- 0.00136
      359/1    0.85505    0.85374 +/- 0.00136
      360/1    0.89956    0.85387 +/- 0.00136
      361/1    0.83898    0.85382 +/- 0.00136
      362/1    0.83111    0.85376 +/- 0.00135
      363/1    0.85186    0.85375 +/- 0.00135
      364/1    0.88609    0.85385 +/- 0.00135
      365/1    0.84111    0.85381 +/- 0.00135
      366/1    0.83217    0.85375 +/- 0.00134
      367/1    0.91499    0.85392 +/- 0.00135
      368/1    0.82766    0.85385 +/- 0.00135
      369/1    0.89236    0.85395 +/- 0.00135
      370/1    0.86853    0.85400 +/- 0.00135
      371/1    0.90611    0.85414 +/- 0.00135
      372/1    0.82081    0.85405 +/- 0.00135
      373/1    0.83167    0.85399 +/- 0.00135
      374/1    0.89963    0.85411 +/- 0.00135
      375/1    0.86410    0.85414 +/- 0.00135
      376/1    0.85319    0.85414 +/- 0.00134
      377/1    0.84788    0.85412 +/- 0.00134
      378/1    0.82785    0.85405 +/- 0.00134
      379/1    0.86388    0.85407 +/- 0.00133
      380/1    0.88653    0.85416 +/- 0.00133
      381/1    0.83888    0.85412 +/- 0.00133
      382/1    0.85811    0.85413 +/- 0.00133
      383/1    0.85693    0.85414 +/- 0.00132
      384/1    0.84331    0.85411 +/- 0.00132
      385/1    0.86757    0.85415 +/- 0.00132
      386/1    0.88380    0.85422 +/- 0.00132
      387/1    0.89304    0.85433 +/- 0.00132
      388/1    0.82590    0.85425 +/- 0.00132
      389/1    0.85266    0.85425 +/- 0.00131
      390/1    0.87533    0.85430 +/- 0.00131
      391/1    0.87937    0.85437 +/- 0.00131
      392/1    0.83294    0.85431 +/- 0.00131
      393/1    0.83753    0.85427 +/- 0.00130
      394/1    0.81041    0.85416 +/- 0.00130
      395/1    0.85445    0.85416 +/- 0.00130
      396/1    0.86016    0.85417 +/- 0.00130
      397/1    0.86128    0.85419 +/- 0.00129
      398/1    0.90960    0.85433 +/- 0.00130
      399/1    0.83300    0.85428 +/- 0.00130
      400/1    0.85779    0.85429 +/- 0.00129
      401/1    0.86816    0.85432 +/- 0.00129
      402/1    0.81893    0.85423 +/- 0.00129
      403/1    0.84048    0.85420 +/- 0.00129
      404/1    0.79524    0.85405 +/- 0.00129
      405/1    0.84869    0.85403 +/- 0.00129
      406/1    0.87104    0.85408 +/- 0.00129
      407/1    0.80945    0.85396 +/- 0.00129
      408/1    0.85098    0.85396 +/- 0.00129
      409/1    0.80722    0.85384 +/- 0.00129
      410/1    0.87701    0.85390 +/- 0.00129
      411/1    0.84618    0.85388 +/- 0.00128
      412/1    0.81268    0.85378 +/- 0.00128
      413/1    0.86779    0.85381 +/- 0.00128
      414/1    0.83880    0.85377 +/- 0.00128
      415/1    0.88233    0.85384 +/- 0.00128
      416/1    0.86705    0.85388 +/- 0.00127
      417/1    0.87594    0.85393 +/- 0.00127
      418/1    0.85835    0.85394 +/- 0.00127
      419/1    0.84981    0.85393 +/- 0.00127
      420/1    0.81464    0.85384 +/- 0.00127
      421/1    0.85535    0.85384 +/- 0.00126
      422/1    0.82901    0.85378 +/- 0.00126
      423/1    0.85518    0.85378 +/- 0.00126
      424/1    0.88774    0.85386 +/- 0.00126
      425/1    0.85076    0.85386 +/- 0.00126
      426/1    0.90010    0.85397 +/- 0.00126
      427/1    0.86338    0.85399 +/- 0.00126
      428/1    0.84938    0.85398 +/- 0.00125
      429/1    0.86328    0.85400 +/- 0.00125
      430/1    0.83253    0.85395 +/- 0.00125
      431/1    0.82178    0.85387 +/- 0.00125
      432/1    0.86458    0.85390 +/- 0.00124
      433/1    0.85706    0.85391 +/- 0.00124
      434/1    0.88029    0.85397 +/- 0.00124
      435/1    0.86801    0.85400 +/- 0.00124
      436/1    0.87695    0.85406 +/- 0.00124
      437/1    0.90009    0.85416 +/- 0.00124
      438/1    0.87294    0.85421 +/- 0.00124
      439/1    0.89910    0.85431 +/- 0.00124
      440/1    0.82107    0.85424 +/- 0.00124
      441/1    0.86020    0.85425 +/- 0.00123
      442/1    0.84204    0.85422 +/- 0.00123
      443/1    0.82804    0.85416 +/- 0.00123
      444/1    0.84833    0.85415 +/- 0.00123
      445/1    0.90331    0.85426 +/- 0.00123
      446/1    0.85686    0.85427 +/- 0.00123
      447/1    0.82897    0.85421 +/- 0.00123
      448/1    0.83203    0.85416 +/- 0.00122
      449/1    0.89600    0.85425 +/- 0.00122
      450/1    0.89059    0.85434 +/- 0.00122
      451/1    0.83902    0.85430 +/- 0.00122
      452/1    0.89648    0.85440 +/- 0.00122
      453/1    0.83014    0.85434 +/- 0.00122
      454/1    0.84501    0.85432 +/- 0.00122
      455/1    0.86583    0.85435 +/- 0.00122
      456/1    0.85851    0.85436 +/- 0.00121
      457/1    0.87491    0.85440 +/- 0.00121
      458/1    0.83471    0.85436 +/- 0.00121
      459/1    0.84445    0.85434 +/- 0.00121
      460/1    0.87941    0.85439 +/- 0.00121
      461/1    0.89961    0.85449 +/- 0.00121
      462/1    0.86955    0.85452 +/- 0.00121
      463/1    0.84855    0.85451 +/- 0.00120
      464/1    0.86181    0.85453 +/- 0.00120
      465/1    0.84993    0.85452 +/- 0.00120
      466/1    0.85902    0.85453 +/- 0.00120
      467/1    0.84022    0.85450 +/- 0.00119
      468/1    0.88287    0.85456 +/- 0.00119
      469/1    0.87367    0.85460 +/- 0.00119
      470/1    0.88624    0.85467 +/- 0.00119
      471/1    0.81750    0.85459 +/- 0.00119
      472/1    0.87927    0.85464 +/- 0.00119
      473/1    0.83043    0.85459 +/- 0.00119
      474/1    0.81461    0.85450 +/- 0.00119
      475/1    0.82736    0.85444 +/- 0.00119
      476/1    0.88930    0.85452 +/- 0.00119
      477/1    0.86187    0.85454 +/- 0.00118
      478/1    0.81899    0.85446 +/- 0.00118
      479/1    0.83509    0.85442 +/- 0.00118
      480/1    0.84081    0.85439 +/- 0.00118
      481/1    0.87494    0.85443 +/- 0.00118
      482/1    0.88455    0.85450 +/- 0.00118
      483/1    0.84836    0.85448 +/- 0.00117
      484/1    0.81725    0.85440 +/- 0.00117
      485/1    0.83900    0.85437 +/- 0.00117
      486/1    0.81310    0.85429 +/- 0.00117
      487/1    0.89177    0.85436 +/- 0.00117
      488/1    0.79974    0.85425 +/- 0.00118
      489/1    0.85483    0.85425 +/- 0.00117
      490/1    0.84006    0.85422 +/- 0.00117
      491/1    0.88397    0.85428 +/- 0.00117
      492/1    0.83795    0.85425 +/- 0.00117
      493/1    0.86812    0.85428 +/- 0.00117
      494/1    0.82602    0.85422 +/- 0.00117
      495/1    0.86242    0.85424 +/- 0.00116
      496/1    0.84061    0.85421 +/- 0.00116
      497/1    0.85973    0.85422 +/- 0.00116
      498/1    0.88124    0.85428 +/- 0.00116
      499/1    0.87910    0.85433 +/- 0.00116
      500/1    0.84747    0.85431 +/- 0.00116
      501/1    0.87121    0.85435 +/- 0.00115
      502/1    0.88282    0.85440 +/- 0.00115
      503/1    0.84869    0.85439 +/- 0.00115
      504/1    0.86397    0.85441 +/- 0.00115
      505/1    0.88706    0.85448 +/- 0.00115
      506/1    0.82071    0.85441 +/- 0.00115
      507/1    0.85883    0.85442 +/- 0.00115
      508/1    0.83791    0.85439 +/- 0.00114
      509/1    0.86295    0.85440 +/- 0.00114
      510/1    0.81806    0.85433 +/- 0.00114
      511/1    0.84553    0.85431 +/- 0.00114
      512/1    0.84550    0.85430 +/- 0.00114
      513/1    0.86328    0.85431 +/- 0.00113
      514/1    0.79558    0.85420 +/- 0.00114
      515/1    0.86598    0.85422 +/- 0.00114
      516/1    0.82379    0.85416 +/- 0.00114
      517/1    0.84298    0.85414 +/- 0.00113
      518/1    0.87132    0.85417 +/- 0.00113
      519/1    0.86837    0.85420 +/- 0.00113
      520/1    0.83816    0.85417 +/- 0.00113
      521/1    0.84362    0.85415 +/- 0.00113
      522/1    0.89608    0.85423 +/- 0.00113
      523/1    0.90568    0.85433 +/- 0.00113
      524/1    0.86431    0.85435 +/- 0.00113
      525/1    0.84712    0.85434 +/- 0.00113
      526/1    0.80274    0.85424 +/- 0.00113
      527/1    0.81179    0.85415 +/- 0.00113
      528/1    0.84837    0.85414 +/- 0.00113
      529/1    0.86366    0.85416 +/- 0.00112
      530/1    0.86994    0.85419 +/- 0.00112
      531/1    0.84117    0.85417 +/- 0.00112
      532/1    0.83895    0.85414 +/- 0.00112
      533/1    0.85952    0.85415 +/- 0.00112
      534/1    0.80972    0.85406 +/- 0.00112
      535/1    0.83013    0.85402 +/- 0.00112
      536/1    0.85580    0.85402 +/- 0.00111
      537/1    0.81850    0.85395 +/- 0.00111
      538/1    0.87418    0.85399 +/- 0.00111
      539/1    0.86611    0.85401 +/- 0.00111
      540/1    0.84762    0.85400 +/- 0.00111
      541/1    0.84560    0.85399 +/- 0.00111
      542/1    0.87765    0.85403 +/- 0.00111
      543/1    0.87097    0.85406 +/- 0.00110
      544/1    0.89154    0.85413 +/- 0.00110
      545/1    0.84278    0.85411 +/- 0.00110
      546/1    0.87815    0.85416 +/- 0.00110
      547/1    0.87454    0.85419 +/- 0.00110
      548/1    0.84812    0.85418 +/- 0.00110
      549/1    0.86241    0.85420 +/- 0.00110
      550/1    0.84794    0.85419 +/- 0.00109
      551/1    0.81565    0.85411 +/- 0.00109
      552/1    0.88328    0.85417 +/- 0.00109
      553/1    0.82280    0.85411 +/- 0.00109
      554/1    0.85190    0.85411 +/- 0.00109
      555/1    0.85086    0.85410 +/- 0.00109
      556/1    0.86211    0.85412 +/- 0.00109
      557/1    0.91552    0.85423 +/- 0.00109
      558/1    0.83534    0.85419 +/- 0.00109
      559/1    0.85529    0.85420 +/- 0.00109
      560/1    0.88696    0.85425 +/- 0.00109
      561/1    0.84724    0.85424 +/- 0.00109
      562/1    0.81482    0.85417 +/- 0.00109
      563/1    0.91082    0.85427 +/- 0.00109
      564/1    0.84876    0.85426 +/- 0.00109
      565/1    0.85321    0.85426 +/- 0.00108
      566/1    0.84675    0.85425 +/- 0.00108
      567/1    0.84281    0.85423 +/- 0.00108
      568/1    0.81482    0.85416 +/- 0.00108
      569/1    0.86121    0.85417 +/- 0.00108
      570/1    0.86211    0.85418 +/- 0.00108
      571/1    0.83859    0.85416 +/- 0.00108
      572/1    0.83280    0.85412 +/- 0.00108
      573/1    0.89481    0.85419 +/- 0.00108
      574/1    0.81482    0.85412 +/- 0.00108
      575/1    0.87689    0.85416 +/- 0.00107
      576/1    0.81027    0.85408 +/- 0.00108
      577/1    0.84026    0.85406 +/- 0.00107
      578/1    0.86710    0.85408 +/- 0.00107
      579/1    0.81338    0.85401 +/- 0.00107
      580/1    0.89218    0.85408 +/- 0.00107
      581/1    0.87945    0.85412 +/- 0.00107
      582/1    0.87540    0.85416 +/- 0.00107
      583/1    0.90542    0.85425 +/- 0.00107
      584/1    0.86252    0.85426 +/- 0.00107
      585/1    0.87485    0.85430 +/- 0.00107
      586/1    0.85034    0.85429 +/- 0.00107
      587/1    0.82331    0.85424 +/- 0.00107
      588/1    0.81136    0.85416 +/- 0.00107
      589/1    0.88162    0.85421 +/- 0.00107
      590/1    0.85222    0.85421 +/- 0.00107
      591/1    0.85266    0.85420 +/- 0.00106
      592/1    0.76220    0.85405 +/- 0.00107
      593/1    0.88164    0.85409 +/- 0.00107
      594/1    0.89135    0.85416 +/- 0.00107
      595/1    0.80060    0.85407 +/- 0.00107
      596/1    0.81878    0.85401 +/- 0.00107
      597/1    0.83035    0.85397 +/- 0.00107
      598/1    0.85508    0.85397 +/- 0.00107
      599/1    0.90835    0.85406 +/- 0.00107
      600/1    0.83162    0.85402 +/- 0.00107
      601/1    0.88402    0.85407 +/- 0.00107
      602/1    0.88512    0.85413 +/- 0.00107
      603/1    0.83129    0.85409 +/- 0.00107
      604/1    0.84405    0.85407 +/- 0.00107
      605/1    0.85412    0.85407 +/- 0.00107
      606/1    0.84322    0.85405 +/- 0.00107
      607/1    0.86956    0.85408 +/- 0.00106
      608/1    0.81449    0.85401 +/- 0.00106
      609/1    0.88233    0.85406 +/- 0.00106
      610/1    0.87947    0.85410 +/- 0.00106
      611/1    0.88499    0.85415 +/- 0.00106
      612/1    0.82560    0.85410 +/- 0.00106
      613/1    0.83861    0.85408 +/- 0.00106
      614/1    0.86984    0.85411 +/- 0.00106
      615/1    0.92273    0.85422 +/- 0.00106
      616/1    0.85796    0.85422 +/- 0.00106
      617/1    0.86279    0.85424 +/- 0.00106
      618/1    0.87931    0.85428 +/- 0.00106
      619/1    0.84676    0.85427 +/- 0.00106
      620/1    0.82262    0.85422 +/- 0.00106
      621/1    0.82418    0.85417 +/- 0.00106
      622/1    0.90302    0.85425 +/- 0.00106
      623/1    0.83394    0.85421 +/- 0.00106
      624/1    0.84792    0.85420 +/- 0.00105
      625/1    0.86800    0.85423 +/- 0.00105
      626/1    0.87400    0.85426 +/- 0.00105
      627/1    0.82054    0.85420 +/- 0.00105
      628/1    0.88563    0.85425 +/- 0.00105
      629/1    0.82811    0.85421 +/- 0.00105
      630/1    0.88901    0.85427 +/- 0.00105
      631/1    0.83684    0.85424 +/- 0.00105
      632/1    0.87458    0.85427 +/- 0.00105
      633/1    0.85404    0.85427 +/- 0.00105
      634/1    0.85333    0.85427 +/- 0.00104
      635/1    0.86307    0.85428 +/- 0.00104
      636/1    0.86846    0.85431 +/- 0.00104
      637/1    0.82761    0.85426 +/- 0.00104
      638/1    0.86931    0.85429 +/- 0.00104
      639/1    0.83399    0.85426 +/- 0.00104
      640/1    0.81862    0.85420 +/- 0.00104
      641/1    0.87220    0.85423 +/- 0.00104
      642/1    0.86209    0.85424 +/- 0.00103
      643/1    0.94271    0.85438 +/- 0.00104
      644/1    0.89052    0.85444 +/- 0.00104
      645/1    0.83092    0.85440 +/- 0.00104
      646/1    0.88875    0.85445 +/- 0.00104
      647/1    0.86601    0.85447 +/- 0.00104
      648/1    0.85561    0.85447 +/- 0.00104
      649/1    0.83985    0.85445 +/- 0.00104
      650/1    0.86773    0.85447 +/- 0.00104
      651/1    0.84843    0.85446 +/- 0.00103
      652/1    0.89662    0.85453 +/- 0.00103
      653/1    0.85737    0.85453 +/- 0.00103
      654/1    0.86747    0.85455 +/- 0.00103
      655/1    0.83008    0.85452 +/- 0.00103
      656/1    0.83534    0.85449 +/- 0.00103
      657/1    0.84524    0.85447 +/- 0.00103
      658/1    0.90270    0.85455 +/- 0.00103
      659/1    0.82186    0.85450 +/- 0.00103
      660/1    0.85083    0.85449 +/- 0.00103
      661/1    0.85115    0.85448 +/- 0.00103
      662/1    0.89405    0.85455 +/- 0.00103
      663/1    0.87182    0.85457 +/- 0.00102
      664/1    0.82785    0.85453 +/- 0.00102
      665/1    0.85416    0.85453 +/- 0.00102
      666/1    0.84801    0.85452 +/- 0.00102
      667/1    0.82896    0.85448 +/- 0.00102
      668/1    0.82400    0.85444 +/- 0.00102
      669/1    0.89618    0.85450 +/- 0.00102
      670/1    0.85754    0.85450 +/- 0.00102
      671/1    0.86203    0.85451 +/- 0.00102
      672/1    0.85417    0.85451 +/- 0.00101
      673/1    0.85107    0.85451 +/- 0.00101
      674/1    0.86403    0.85452 +/- 0.00101
      675/1    0.80850    0.85445 +/- 0.00101
      676/1    0.81255    0.85439 +/- 0.00101
      677/1    0.85634    0.85439 +/- 0.00101
      678/1    0.88983    0.85445 +/- 0.00101
      679/1    0.88452    0.85449 +/- 0.00101
      680/1    0.86916    0.85451 +/- 0.00101
      681/1    0.84548    0.85450 +/- 0.00101
      682/1    0.87106    0.85452 +/- 0.00101
      683/1    0.87862    0.85456 +/- 0.00101
      684/1    0.81219    0.85450 +/- 0.00101
      685/1    0.84405    0.85448 +/- 0.00101
      686/1    0.81522    0.85442 +/- 0.00101
      687/1    0.84468    0.85441 +/- 0.00100
      688/1    0.83378    0.85438 +/- 0.00100
      689/1    0.81235    0.85432 +/- 0.00100
      690/1    0.88905    0.85437 +/- 0.00100
      691/1    0.82544    0.85433 +/- 0.00100
      692/1    0.90582    0.85440 +/- 0.00100
      693/1    0.83272    0.85437 +/- 0.00100
      694/1    0.86386    0.85438 +/- 0.00100
      695/1    0.85076    0.85438 +/- 0.00100
      696/1    0.82686    0.85434 +/- 0.00100
      697/1    0.85627    0.85434 +/- 0.00100
      698/1    0.88212    0.85438 +/- 0.00100
      699/1    0.85841    0.85439 +/- 0.00100
      700/1    0.84073    0.85437 +/- 0.00100
      701/1    0.87368    0.85440 +/- 0.00099
      702/1    0.84956    0.85439 +/- 0.00099
      703/1    0.83712    0.85436 +/- 0.00099
      704/1    0.88961    0.85441 +/- 0.00099
      705/1    0.84938    0.85441 +/- 0.00099
      706/1    0.88791    0.85446 +/- 0.00099
      707/1    0.88429    0.85450 +/- 0.00099
      708/1    0.85917    0.85450 +/- 0.00099
      709/1    0.85738    0.85451 +/- 0.00099
      710/1    0.83340    0.85448 +/- 0.00099
      711/1    0.84745    0.85447 +/- 0.00098
      712/1    0.88381    0.85451 +/- 0.00098
      713/1    0.80267    0.85444 +/- 0.00098
      714/1    0.90989    0.85452 +/- 0.00099
      715/1    0.86169    0.85453 +/- 0.00099
      716/1    0.82555    0.85448 +/- 0.00098
      717/1    0.83402    0.85446 +/- 0.00098
      718/1    0.82749    0.85442 +/- 0.00098
      719/1    0.82970    0.85438 +/- 0.00098
      720/1    0.89767    0.85444 +/- 0.00098
      721/1    0.87301    0.85447 +/- 0.00098
      722/1    0.85627    0.85447 +/- 0.00098
      723/1    0.82925    0.85444 +/- 0.00098
      724/1    0.85853    0.85444 +/- 0.00098
      725/1    0.86401    0.85446 +/- 0.00098
      726/1    0.82047    0.85441 +/- 0.00098
      727/1    0.86374    0.85442 +/- 0.00098
      728/1    0.81641    0.85437 +/- 0.00098
      729/1    0.84938    0.85436 +/- 0.00097
      730/1    0.80208    0.85429 +/- 0.00098
      731/1    0.79210    0.85420 +/- 0.00098
      732/1    0.86991    0.85422 +/- 0.00098
      733/1    0.86657    0.85424 +/- 0.00098
      734/1    0.87164    0.85427 +/- 0.00097
      735/1    0.82736    0.85423 +/- 0.00097
      736/1    0.83800    0.85421 +/- 0.00097
      737/1    0.85438    0.85421 +/- 0.00097
      738/1    0.82748    0.85417 +/- 0.00097
      739/1    0.88603    0.85421 +/- 0.00097
      740/1    0.85592    0.85422 +/- 0.00097
      741/1    0.82603    0.85418 +/- 0.00097
      742/1    0.83693    0.85415 +/- 0.00097
      743/1    0.88730    0.85420 +/- 0.00097
      744/1    0.85444    0.85420 +/- 0.00097
      745/1    0.90970    0.85427 +/- 0.00097
      746/1    0.84090    0.85426 +/- 0.00097
      747/1    0.85633    0.85426 +/- 0.00097
      748/1    0.81411    0.85421 +/- 0.00097
      749/1    0.87650    0.85424 +/- 0.00096
      750/1    0.85989    0.85424 +/- 0.00096
      751/1    0.87369    0.85427 +/- 0.00096
      752/1    0.82990    0.85424 +/- 0.00096
      753/1    0.84280    0.85422 +/- 0.00096
      754/1    0.91196    0.85430 +/- 0.00096
      755/1    0.82894    0.85426 +/- 0.00096
      756/1    0.86183    0.85427 +/- 0.00096
      757/1    0.84287    0.85426 +/- 0.00096
      758/1    0.83221    0.85423 +/- 0.00096
      759/1    0.86144    0.85424 +/- 0.00096
      760/1    0.83678    0.85422 +/- 0.00096
      761/1    0.84405    0.85420 +/- 0.00096
      762/1    0.84769    0.85419 +/- 0.00095
      763/1    0.83116    0.85416 +/- 0.00095
      764/1    0.87796    0.85420 +/- 0.00095
      765/1    0.83460    0.85417 +/- 0.00095
      766/1    0.86534    0.85418 +/- 0.00095
      767/1    0.85167    0.85418 +/- 0.00095
      768/1    0.84385    0.85417 +/- 0.00095
      769/1    0.79564    0.85409 +/- 0.00095
      770/1    0.82787    0.85406 +/- 0.00095
      771/1    0.84570    0.85404 +/- 0.00095
      772/1    0.85550    0.85405 +/- 0.00095
      773/1    0.85709    0.85405 +/- 0.00095
      774/1    0.82860    0.85402 +/- 0.00094
      775/1    0.83972    0.85400 +/- 0.00094
      776/1    0.83771    0.85398 +/- 0.00094
      777/1    0.83312    0.85395 +/- 0.00094
      778/1    0.84971    0.85394 +/- 0.00094
      779/1    0.91781    0.85403 +/- 0.00094
      780/1    0.84426    0.85401 +/- 0.00094
      781/1    0.87180    0.85404 +/- 0.00094
      782/1    0.86659    0.85405 +/- 0.00094
      783/1    0.86233    0.85406 +/- 0.00094
      784/1    0.83891    0.85405 +/- 0.00094
      785/1    0.84199    0.85403 +/- 0.00094
      786/1    0.86618    0.85405 +/- 0.00094
      787/1    0.82943    0.85401 +/- 0.00094
      788/1    0.82819    0.85398 +/- 0.00093
      789/1    0.90417    0.85404 +/- 0.00094
      790/1    0.84919    0.85404 +/- 0.00093
      791/1    0.84932    0.85403 +/- 0.00093
      792/1    0.85594    0.85403 +/- 0.00093
      793/1    0.86134    0.85404 +/- 0.00093
      794/1    0.82254    0.85400 +/- 0.00093
      795/1    0.84799    0.85400 +/- 0.00093
      796/1    0.82485    0.85396 +/- 0.00093
      797/1    0.86498    0.85397 +/- 0.00093
      798/1    0.86423    0.85399 +/- 0.00093
      799/1    0.84038    0.85397 +/- 0.00093
      800/1    0.80887    0.85391 +/- 0.00093
      801/1    0.89715    0.85397 +/- 0.00093
      802/1    0.85914    0.85397 +/- 0.00093
      803/1    0.87469    0.85400 +/- 0.00092
      804/1    0.85833    0.85400 +/- 0.00092
      805/1    0.84708    0.85400 +/- 0.00092
      806/1    0.91003    0.85407 +/- 0.00092
      807/1    0.83334    0.85404 +/- 0.00092
      808/1    0.89934    0.85410 +/- 0.00092
      809/1    0.87337    0.85412 +/- 0.00092
      810/1    0.79810    0.85405 +/- 0.00092
      811/1    0.82860    0.85402 +/- 0.00092
      812/1    0.83772    0.85400 +/- 0.00092
      813/1    0.85821    0.85400 +/- 0.00092
      814/1    0.84923    0.85400 +/- 0.00092
      815/1    0.83750    0.85398 +/- 0.00092
      816/1    0.83282    0.85395 +/- 0.00092
      817/1    0.82714    0.85392 +/- 0.00092
      818/1    0.78667    0.85384 +/- 0.00092
      819/1    0.87959    0.85387 +/- 0.00092
      820/1    0.86963    0.85389 +/- 0.00092
      821/1    0.86122    0.85390 +/- 0.00092
      822/1    0.84942    0.85389 +/- 0.00092
      823/1    0.84643    0.85388 +/- 0.00092
      824/1    0.84865    0.85387 +/- 0.00092
      825/1    0.83064    0.85385 +/- 0.00091
      826/1    0.87508    0.85387 +/- 0.00091
      827/1    0.85954    0.85388 +/- 0.00091
      828/1    0.82938    0.85385 +/- 0.00091
      829/1    0.80787    0.85379 +/- 0.00091
      830/1    0.85677    0.85380 +/- 0.00091
      831/1    0.82616    0.85376 +/- 0.00091
      832/1    0.84765    0.85376 +/- 0.00091
      833/1    0.84893    0.85375 +/- 0.00091
      834/1    0.88343    0.85379 +/- 0.00091
      835/1    0.86389    0.85380 +/- 0.00091
      836/1    0.92376    0.85388 +/- 0.00091
      837/1    0.89695    0.85393 +/- 0.00091
      838/1    0.82481    0.85390 +/- 0.00091
      839/1    0.84882    0.85389 +/- 0.00091
      840/1    0.87210    0.85392 +/- 0.00091
      841/1    0.83996    0.85390 +/- 0.00091
      842/1    0.85768    0.85390 +/- 0.00091
      843/1    0.84746    0.85390 +/- 0.00091
      844/1    0.83991    0.85388 +/- 0.00090
      845/1    0.85602    0.85388 +/- 0.00090
      846/1    0.81273    0.85383 +/- 0.00090
      847/1    0.86345    0.85384 +/- 0.00090
      848/1    0.84478    0.85383 +/- 0.00090
      849/1    0.88373    0.85387 +/- 0.00090
      850/1    0.87101    0.85389 +/- 0.00090
      851/1    0.82719    0.85386 +/- 0.00090
      852/1    0.84881    0.85385 +/- 0.00090
      853/1    0.86752    0.85387 +/- 0.00090
      854/1    0.88179    0.85390 +/- 0.00090
      855/1    0.84218    0.85389 +/- 0.00090
      856/1    0.87608    0.85391 +/- 0.00090
      857/1    0.83038    0.85388 +/- 0.00090
      858/1    0.90202    0.85394 +/- 0.00090
      859/1    0.83272    0.85392 +/- 0.00090
      860/1    0.83726    0.85390 +/- 0.00089
      861/1    0.85797    0.85390 +/- 0.00089
      862/1    0.83943    0.85388 +/- 0.00089
      863/1    0.85330    0.85388 +/- 0.00089
      864/1    0.87600    0.85391 +/- 0.00089
      865/1    0.88785    0.85395 +/- 0.00089
      866/1    0.84864    0.85394 +/- 0.00089
      867/1    0.86922    0.85396 +/- 0.00089
      868/1    0.86979    0.85398 +/- 0.00089
      869/1    0.85883    0.85399 +/- 0.00089
      870/1    0.88430    0.85402 +/- 0.00089
      871/1    0.85639    0.85402 +/- 0.00089
      872/1    0.87530    0.85405 +/- 0.00088
      873/1    0.85201    0.85405 +/- 0.00088
      874/1    0.82351    0.85401 +/- 0.00088
      875/1    0.82265    0.85397 +/- 0.00088
      876/1    0.84719    0.85397 +/- 0.00088
      877/1    0.90981    0.85403 +/- 0.00088
      878/1    0.85559    0.85403 +/- 0.00088
      879/1    0.85283    0.85403 +/- 0.00088
      880/1    0.85515    0.85403 +/- 0.00088
      881/1    0.86426    0.85404 +/- 0.00088
      882/1    0.85326    0.85404 +/- 0.00088
      883/1    0.80825    0.85399 +/- 0.00088
      884/1    0.80866    0.85394 +/- 0.00088
      885/1    0.86726    0.85395 +/- 0.00088
      886/1    0.83666    0.85393 +/- 0.00088
      887/1    0.81846    0.85389 +/- 0.00088
      888/1    0.84984    0.85389 +/- 0.00088
      889/1    0.86883    0.85391 +/- 0.00088
      890/1    0.87157    0.85393 +/- 0.00088
      891/1    0.87413    0.85395 +/- 0.00087
      892/1    0.80905    0.85390 +/- 0.00088
      893/1    0.82754    0.85387 +/- 0.00087
      894/1    0.86840    0.85388 +/- 0.00087
      895/1    0.86652    0.85390 +/- 0.00087
      896/1    0.84563    0.85389 +/- 0.00087
      897/1    0.83779    0.85387 +/- 0.00087
      898/1    0.88623    0.85391 +/- 0.00087
      899/1    0.80951    0.85386 +/- 0.00087
      900/1    0.87309    0.85388 +/- 0.00087
      901/1    0.86835    0.85390 +/- 0.00087
      902/1    0.84176    0.85388 +/- 0.00087
      903/1    0.86367    0.85389 +/- 0.00087
      904/1    0.86018    0.85390 +/- 0.00087
      905/1    0.81630    0.85386 +/- 0.00087
      906/1    0.84291    0.85385 +/- 0.00087
      907/1    0.83483    0.85383 +/- 0.00087
      908/1    0.82970    0.85380 +/- 0.00087
      909/1    0.86081    0.85381 +/- 0.00086
      910/1    0.86392    0.85382 +/- 0.00086
      911/1    0.84087    0.85380 +/- 0.00086
      912/1    0.87467    0.85383 +/- 0.00086
      913/1    0.85431    0.85383 +/- 0.00086
      914/1    0.86693    0.85384 +/- 0.00086
      915/1    0.85932    0.85385 +/- 0.00086
      916/1    0.91470    0.85391 +/- 0.00086
      917/1    0.86461    0.85393 +/- 0.00086
      918/1    0.82084    0.85389 +/- 0.00086
      919/1    0.82680    0.85386 +/- 0.00086
      920/1    0.88943    0.85390 +/- 0.00086
      921/1    0.79275    0.85383 +/- 0.00086
      922/1    0.84359    0.85382 +/- 0.00086
      923/1    0.91002    0.85388 +/- 0.00086
      924/1    0.84436    0.85387 +/- 0.00086
      925/1    0.86978    0.85389 +/- 0.00086
      926/1    0.87282    0.85391 +/- 0.00086
      927/1    0.83412    0.85389 +/- 0.00086
      928/1    0.87248    0.85391 +/- 0.00086
      929/1    0.84834    0.85390 +/- 0.00086
      930/1    0.77746    0.85382 +/- 0.00086
      931/1    0.82870    0.85379 +/- 0.00086
      932/1    0.85868    0.85380 +/- 0.00086
      933/1    0.86700    0.85381 +/- 0.00086
      934/1    0.87009    0.85383 +/- 0.00086
      935/1    0.85806    0.85383 +/- 0.00086
      936/1    0.83001    0.85381 +/- 0.00086
      937/1    0.81477    0.85377 +/- 0.00086
      938/1    0.84795    0.85376 +/- 0.00085
      939/1    0.80289    0.85370 +/- 0.00086
      940/1    0.86343    0.85372 +/- 0.00085
      941/1    0.84946    0.85371 +/- 0.00085
      942/1    0.86947    0.85373 +/- 0.00085
      943/1    0.82687    0.85370 +/- 0.00085
      944/1    0.82849    0.85367 +/- 0.00085
      945/1    0.83757    0.85365 +/- 0.00085
      946/1    0.87663    0.85368 +/- 0.00085
      947/1    0.86081    0.85369 +/- 0.00085
      948/1    0.88322    0.85372 +/- 0.00085
      949/1    0.82442    0.85369 +/- 0.00085
      950/1    0.90840    0.85375 +/- 0.00085
      951/1    0.83607    0.85373 +/- 0.00085
      952/1    0.92074    0.85380 +/- 0.00085
      953/1    0.87714    0.85382 +/- 0.00085
      954/1    0.81208    0.85378 +/- 0.00085
      955/1    0.85893    0.85378 +/- 0.00085
      956/1    0.84637    0.85378 +/- 0.00085
      957/1    0.84468    0.85377 +/- 0.00085
      958/1    0.86286    0.85378 +/- 0.00085
      959/1    0.89752    0.85382 +/- 0.00085
      960/1    0.84797    0.85382 +/- 0.00085
      961/1    0.85810    0.85382 +/- 0.00085
      962/1    0.87361    0.85384 +/- 0.00085
      963/1    0.85096    0.85384 +/- 0.00084
      964/1    0.86487    0.85385 +/- 0.00084
      965/1    0.88379    0.85388 +/- 0.00084
      966/1    0.83279    0.85386 +/- 0.00084
      967/1    0.79364    0.85380 +/- 0.00084
      968/1    0.80205    0.85374 +/- 0.00085
      969/1    0.81183    0.85370 +/- 0.00085
      970/1    0.86546    0.85371 +/- 0.00085
      971/1    0.86880    0.85373 +/- 0.00084
      972/1    0.89318    0.85377 +/- 0.00084
      973/1    0.84310    0.85376 +/- 0.00084
      974/1    0.89365    0.85380 +/- 0.00084
      975/1    0.83873    0.85378 +/- 0.00084
      976/1    0.85454    0.85378 +/- 0.00084
      977/1    0.78084    0.85371 +/- 0.00084
      978/1    0.87008    0.85372 +/- 0.00084
      979/1    0.87193    0.85374 +/- 0.00084
      980/1    0.86285    0.85375 +/- 0.00084
      981/1    0.85976    0.85376 +/- 0.00084
      982/1    0.86941    0.85377 +/- 0.00084
      983/1    0.83470    0.85376 +/- 0.00084
      984/1    0.86114    0.85376 +/- 0.00084
      985/1    0.86091    0.85377 +/- 0.00084
      986/1    0.82417    0.85374 +/- 0.00084
      987/1    0.86781    0.85375 +/- 0.00084
      988/1    0.83124    0.85373 +/- 0.00084
      989/1    0.86754    0.85375 +/- 0.00084
      990/1    0.88431    0.85378 +/- 0.00084
      991/1    0.86848    0.85379 +/- 0.00084
      992/1    0.89562    0.85383 +/- 0.00084
      993/1    0.79950    0.85378 +/- 0.00084
      994/1    0.81528    0.85374 +/- 0.00084
      995/1    0.88765    0.85377 +/- 0.00084
      996/1    0.83125    0.85375 +/- 0.00084
      997/1    0.87068    0.85377 +/- 0.00084
      998/1    0.85402    0.85377 +/- 0.00083
      999/1    0.85426    0.85377 +/- 0.00083
     1000/1    0.82977    0.85374 +/- 0.00083
 Creating state point statepoint.1000.h5...

 =======================>     TIMING STATISTICS     <=======================

 Total time for initialization     = 3.3369e+00 seconds
   Reading cross sections          = 3.2954e+00 seconds
 Total time in simulation          = 3.8242e+01 seconds
   Time in transport only          = 3.7914e+01 seconds
   Time in inactive batches        = 3.1403e-01 seconds
   Time in active batches          = 3.7928e+01 seconds
   Time synchronizing fission bank = 9.2143e-02 seconds
     Sampling source sites         = 7.8080e-02 seconds
     SEND/RECV source sites        = 1.3201e-02 seconds
   Time accumulating tallies       = 4.7882e-04 seconds
   Time writing statepoints        = 2.0067e-03 seconds
 Total time for finalization       = 1.9310e-06 seconds
 Total time elapsed                = 4.1615e+01 seconds
 Calculation Rate (inactive)       = 31844.4 particles/second
 Calculation Rate (active)         = 26101.9 particles/second

 ============================>     RESULTS     <============================

 k-effective (Collision)     = 0.85450 +/- 0.00063
 k-effective (Track-length)  = 0.85374 +/- 0.00083
 k-effective (Absorption)    = 0.85512 +/- 0.00098
 Combined k-effective        = 0.85451 +/- 0.00056
 Leakage Fraction            = 0.00000 +/- 0.00000

