nohup: ignoring input
/home/adminsrv/openmc_v15/openmc/model/funcs.py:124: FutureWarning: The hexagonal_prism(...) function has been replaced by the HexagonalPrism(...) class. Future versions of OpenMC will not accept hexagonal_prism.
  warn("The hexagonal_prism(...) function has been replaced by the "
/home/adminsrv/openmc_v15/openmc/source.py:658: FutureWarning: This class is deprecated in favor of 'IndependentSource'
  warnings.warn("This class is deprecated in favor of 'IndependentSource'", FutureWarning)
                                %%%%%%%%%%%%%%%
                           %%%%%%%%%%%%%%%%%%%%%%%%
                        %%%%%%%%%%%%%%%%%%%%%%%%%%%%%%
                      %%%%%%%%%%%%%%%%%%%%%%%%%%%%%%%%%%
                    %%%%%%%%%%%%%%%%%%%%%%%%%%%%%%%%%%%%%%
                   %%%%%%%%%%%%%%%%%%%%%%%%%%%%%%%%%%%%%%%%
                                    %%%%%%%%%%%%%%%%%%%%%%%%
                                     %%%%%%%%%%%%%%%%%%%%%%%%
                 ###############      %%%%%%%%%%%%%%%%%%%%%%%%
                ##################     %%%%%%%%%%%%%%%%%%%%%%%
                ###################     %%%%%%%%%%%%%%%%%%%%%%%
                ####################     %%%%%%%%%%%%%%%%%%%%%%
                #####################     %%%%%%%%%%%%%%%%%%%%%
                ######################     %%%%%%%%%%%%%%%%%%%%
                #######################     %%%%%%%%%%%%%%%%%%
                 #######################     %%%%%%%%%%%%%%%%%
                 ######################     %%%%%%%%%%%%%%%%%
                  ####################     %%%%%%%%%%%%%%%%%
                    #################     %%%%%%%%%%%%%%%%%
                     ###############     %%%%%%%%%%%%%%%%
                       ############     %%%%%%%%%%%%%%%
                          ########     %%%%%%%%%%%%%%
                                      %%%%%%%%%%%

                 | The OpenMC Monte Carlo Code
       Copyright | 2011-2025 MIT, UChicago Argonne LLC, and contributors
         License | https://docs.openmc.org/en/latest/license.html
         Version | 0.15.3-dev9
     Commit Hash | 47ca2916aa85a2909a5f6e0a3442ab7c581894b1
       Date/Time | 2025-12-24 15:11:20
  OpenMP Threads | 8

 Reading settings XML file...
 Reading cross sections XML file...
 Reading materials XML file...
 Reading geometry XML file...
 Reading U235 from
 /home/adminsrv/projects/sections/endfb-viii.0-hdf5/neutron/U235.h5
 Reading U238 from
 /home/adminsrv/projects/sections/endfb-viii.0-hdf5/neutron/U238.h5
 Reading O16 from
 /home/adminsrv/projects/sections/endfb-viii.0-hdf5/neutron/O16.h5
 Reading H1 from
 /home/adminsrv/projects/sections/endfb-viii.0-hdf5/neutron/H1.h5
 Reading Zr90 from
 /home/adminsrv/projects/sections/endfb-viii.0-hdf5/neutron/Zr90.h5
 Reading Zr91 from
 /home/adminsrv/projects/sections/endfb-viii.0-hdf5/neutron/Zr91.h5
 Reading Zr92 from
 /home/adminsrv/projects/sections/endfb-viii.0-hdf5/neutron/Zr92.h5
 Reading Zr94 from
 /home/adminsrv/projects/sections/endfb-viii.0-hdf5/neutron/Zr94.h5
 Reading Zr96 from
 /home/adminsrv/projects/sections/endfb-viii.0-hdf5/neutron/Zr96.h5
 WARNING: Negative value(s) found on probability table for nuclide Zr96 at 600K
 Reading Gd152 from
 /home/adminsrv/projects/sections/endfb-viii.0-hdf5/neutron/Gd152.h5
 Reading Gd154 from
 /home/adminsrv/projects/sections/endfb-viii.0-hdf5/neutron/Gd154.h5
 Reading Gd155 from
 /home/adminsrv/projects/sections/endfb-viii.0-hdf5/neutron/Gd155.h5
 Reading Gd156 from
 /home/adminsrv/projects/sections/endfb-viii.0-hdf5/neutron/Gd156.h5
 Reading Gd157 from
 /home/adminsrv/projects/sections/endfb-viii.0-hdf5/neutron/Gd157.h5
 Reading Gd158 from
 /home/adminsrv/projects/sections/endfb-viii.0-hdf5/neutron/Gd158.h5
 Reading Gd160 from
 /home/adminsrv/projects/sections/endfb-viii.0-hdf5/neutron/Gd160.h5
 Reading O17 from
 /home/adminsrv/projects/sections/endfb-viii.0-hdf5/neutron/O17.h5
 Reading O18 from
 /home/adminsrv/projects/sections/endfb-viii.0-hdf5/neutron/O18.h5
 Reading Er162 from
 /home/adminsrv/projects/sections/endfb-viii.0-hdf5/neutron/Er162.h5
 Reading Er164 from
 /home/adminsrv/projects/sections/endfb-viii.0-hdf5/neutron/Er164.h5
 Reading Er166 from
 /home/adminsrv/projects/sections/endfb-viii.0-hdf5/neutron/Er166.h5
 Reading Er167 from
 /home/adminsrv/projects/sections/endfb-viii.0-hdf5/neutron/Er167.h5
 Reading Er168 from
 /home/adminsrv/projects/sections/endfb-viii.0-hdf5/neutron/Er168.h5
 Reading Er170 from
 /home/adminsrv/projects/sections/endfb-viii.0-hdf5/neutron/Er170.h5
 Reading c_H_in_H2O from
 /home/adminsrv/projects/sections/endfb-viii.0-hdf5/neutron/c_H_in_H2O.h5
 Minimum neutron data temperature: 250.0 K
 Maximum neutron data temperature: 2500.0 K
 Preparing distributed cell instances...
 Reading plot XML file...
 Writing summary.h5 file...
 Maximum neutron transport energy: 20000000.0 eV for H1
 Initializing source particles...

 ====================>     K EIGENVALUE SIMULATION     <====================

  Bat./Gen.      k            Average k
  =========   ========   ====================
        1/1    1.03654
        2/1    1.07123
        3/1    1.11397
        4/1    1.03016
        5/1    1.04622
        6/1    1.13040
        7/1    1.02315
        8/1    0.99950
        9/1    1.08030
       10/1    1.06079
       11/1    1.07435
       12/1    1.09616    1.08526 +/- 0.01090
       13/1    1.05242    1.07431 +/- 0.01263
       14/1    1.02842    1.06284 +/- 0.01454
       15/1    1.08200    1.06667 +/- 0.01190
       16/1    1.06723    1.06676 +/- 0.00971
       17/1    1.06007    1.06581 +/- 0.00826
       18/1    1.02713    1.06097 +/- 0.00864
       19/1    1.00403    1.05465 +/- 0.00990
       20/1    1.06982    1.05616 +/- 0.00899
       21/1    1.03957    1.05466 +/- 0.00827
       22/1    1.04259    1.05365 +/- 0.00761
       23/1    1.06413    1.05446 +/- 0.00705
       24/1    0.99720    1.05037 +/- 0.00770
       25/1    1.01859    1.04825 +/- 0.00748
       26/1    1.09595    1.05123 +/- 0.00760
       27/1    1.07498    1.05263 +/- 0.00728
       28/1    1.07428    1.05383 +/- 0.00697
       29/1    1.09318    1.05590 +/- 0.00691
       30/1    1.06625    1.05642 +/- 0.00657
       31/1    1.03584    1.05544 +/- 0.00633
       32/1    1.03492    1.05451 +/- 0.00611
       33/1    1.00719    1.05245 +/- 0.00619
       34/1    1.04431    1.05211 +/- 0.00593
       35/1    1.08869    1.05357 +/- 0.00588
       36/1    1.04777    1.05335 +/- 0.00565
       37/1    1.06099    1.05363 +/- 0.00544
       38/1    1.12635    1.05623 +/- 0.00585
       39/1    1.10088    1.05777 +/- 0.00585
       40/1    1.06910    1.05815 +/- 0.00567
       41/1    1.12920    1.06044 +/- 0.00594
       42/1    1.06231    1.06050 +/- 0.00575
       43/1    1.03857    1.05983 +/- 0.00562
       44/1    1.09554    1.06088 +/- 0.00555
       45/1    1.06557    1.06102 +/- 0.00539
       46/1    1.07005    1.06127 +/- 0.00524
       47/1    1.04878    1.06093 +/- 0.00511
       48/1    1.08905    1.06167 +/- 0.00503
       49/1    1.07166    1.06193 +/- 0.00491
       50/1    1.02283    1.06095 +/- 0.00488
       51/1    1.04015    1.06044 +/- 0.00479
       52/1    1.06988    1.06067 +/- 0.00468
       53/1    1.06116    1.06068 +/- 0.00457
       54/1    1.06967    1.06088 +/- 0.00447
       55/1    1.02818    1.06016 +/- 0.00443
       56/1    1.00962    1.05906 +/- 0.00447
       57/1    1.03783    1.05861 +/- 0.00439
       58/1    1.04710    1.05837 +/- 0.00431
       59/1    1.12455    1.05972 +/- 0.00443
       60/1    1.02316    1.05899 +/- 0.00440
       61/1    1.14684    1.06071 +/- 0.00465
       62/1    1.06017    1.06070 +/- 0.00455
       63/1    1.05090    1.06051 +/- 0.00447
       64/1    1.06119    1.06053 +/- 0.00439
       65/1    1.07075    1.06071 +/- 0.00431
       66/1    1.06677    1.06082 +/- 0.00424
       67/1    1.01423    1.06000 +/- 0.00424
       68/1    1.03384    1.05955 +/- 0.00419
       69/1    1.02981    1.05905 +/- 0.00415
       70/1    1.00964    1.05822 +/- 0.00416
       71/1    1.04800    1.05806 +/- 0.00410
       72/1    1.09213    1.05861 +/- 0.00407
       73/1    1.09016    1.05911 +/- 0.00403
       74/1    1.03194    1.05868 +/- 0.00399
       75/1    1.00762    1.05790 +/- 0.00401
       76/1    1.02399    1.05738 +/- 0.00398
       77/1    1.08369    1.05778 +/- 0.00394
       78/1    1.04572    1.05760 +/- 0.00389
       79/1    1.01534    1.05699 +/- 0.00388
       80/1    1.11669    1.05784 +/- 0.00392
       81/1    1.03324    1.05749 +/- 0.00388
       82/1    1.09908    1.05807 +/- 0.00387
       83/1    1.02267    1.05758 +/- 0.00384
       84/1    1.07920    1.05788 +/- 0.00380
       85/1    1.08990    1.05830 +/- 0.00377
       86/1    1.04319    1.05811 +/- 0.00373
       87/1    1.09169    1.05854 +/- 0.00371
       88/1    0.98474    1.05760 +/- 0.00378
       89/1    1.02863    1.05723 +/- 0.00375
       90/1    1.08917    1.05763 +/- 0.00372
       91/1    1.08378    1.05795 +/- 0.00369
       92/1    1.02292    1.05752 +/- 0.00367
       93/1    1.12933    1.05839 +/- 0.00373
       94/1    1.01212    1.05784 +/- 0.00372
       95/1    1.07303    1.05802 +/- 0.00369
       96/1    1.04093    1.05782 +/- 0.00365
       97/1    1.07103    1.05797 +/- 0.00361
       98/1    1.03978    1.05776 +/- 0.00357
       99/1    0.99745    1.05709 +/- 0.00360
      100/1    1.00589    1.05652 +/- 0.00360
      101/1    1.02795    1.05620 +/- 0.00358
      102/1    1.03121    1.05593 +/- 0.00355
      103/1    1.10257    1.05643 +/- 0.00354
      104/1    1.08777    1.05677 +/- 0.00352
      105/1    1.06073    1.05681 +/- 0.00349
      106/1    1.00943    1.05631 +/- 0.00348
      107/1    1.09728    1.05674 +/- 0.00347
      108/1    1.08185    1.05699 +/- 0.00345
      109/1    0.99616    1.05638 +/- 0.00347
      110/1    1.10460    1.05686 +/- 0.00347
      111/1    0.99311    1.05623 +/- 0.00349
      112/1    1.11936    1.05685 +/- 0.00351
      113/1    1.05538    1.05683 +/- 0.00348
      114/1    1.03300    1.05660 +/- 0.00345
      115/1    1.08128    1.05684 +/- 0.00343
      116/1    1.06768    1.05694 +/- 0.00339
      117/1    1.06811    1.05705 +/- 0.00336
      118/1    1.09942    1.05744 +/- 0.00336
      119/1    1.04730    1.05735 +/- 0.00333
      120/1    1.04132    1.05720 +/- 0.00330
      121/1    0.92863    1.05604 +/- 0.00347
      122/1    1.05565    1.05604 +/- 0.00344
      123/1    1.06049    1.05608 +/- 0.00341
      124/1    1.09347    1.05641 +/- 0.00339
      125/1    1.04335    1.05629 +/- 0.00337
      126/1    1.10177    1.05668 +/- 0.00336
      127/1    1.03634    1.05651 +/- 0.00333
      128/1    1.05686    1.05651 +/- 0.00331
      129/1    1.01638    1.05618 +/- 0.00330
      130/1    1.02632    1.05593 +/- 0.00328
      131/1    1.01924    1.05562 +/- 0.00326
      132/1    1.10782    1.05605 +/- 0.00327
      133/1    1.09090    1.05634 +/- 0.00325
      134/1    1.04288    1.05623 +/- 0.00323
      135/1    1.03744    1.05608 +/- 0.00320
      136/1    1.05967    1.05610 +/- 0.00318
      137/1    1.04608    1.05603 +/- 0.00315
      138/1    1.09082    1.05630 +/- 0.00314
      139/1    1.03676    1.05615 +/- 0.00312
      140/1    1.05426    1.05613 +/- 0.00310
      141/1    1.10607    1.05651 +/- 0.00310
      142/1    1.08907    1.05676 +/- 0.00308
      143/1    1.01043    1.05641 +/- 0.00308
      144/1    1.02109    1.05615 +/- 0.00307
      145/1    1.07497    1.05629 +/- 0.00305
      146/1    1.03807    1.05615 +/- 0.00303
      147/1    1.06913    1.05625 +/- 0.00301
      148/1    1.04124    1.05614 +/- 0.00299
      149/1    1.04794    1.05608 +/- 0.00297
      150/1    1.07493    1.05621 +/- 0.00295
      151/1    1.07772    1.05637 +/- 0.00293
      152/1    1.10575    1.05672 +/- 0.00293
      153/1    1.11511    1.05712 +/- 0.00294
      154/1    1.05133    1.05708 +/- 0.00292
      155/1    0.94836    1.05633 +/- 0.00299
      156/1    1.07039    1.05643 +/- 0.00298
      157/1    1.03843    1.05631 +/- 0.00296
      158/1    0.99348    1.05588 +/- 0.00297
      159/1    1.10568    1.05622 +/- 0.00297
      160/1    1.01025    1.05591 +/- 0.00296
      161/1    1.12692    1.05638 +/- 0.00298
      162/1    1.08726    1.05658 +/- 0.00297
      163/1    1.01084    1.05628 +/- 0.00296
      164/1    1.05675    1.05629 +/- 0.00294
      165/1    1.03593    1.05616 +/- 0.00293
      166/1    1.06447    1.05621 +/- 0.00291
      167/1    1.10310    1.05651 +/- 0.00291
      168/1    1.03083    1.05635 +/- 0.00289
      169/1    1.01820    1.05611 +/- 0.00288
      170/1    1.02267    1.05590 +/- 0.00287
      171/1    1.08124    1.05605 +/- 0.00286
      172/1    1.02202    1.05584 +/- 0.00285
      173/1    1.06851    1.05592 +/- 0.00283
      174/1    1.08294    1.05609 +/- 0.00282
      175/1    1.09970    1.05635 +/- 0.00282
      176/1    1.00735    1.05606 +/- 0.00282
      177/1    1.06994    1.05614 +/- 0.00280
      178/1    1.09998    1.05640 +/- 0.00280
      179/1    1.08785    1.05659 +/- 0.00279
      180/1    1.03175    1.05644 +/- 0.00277
      181/1    1.06475    1.05649 +/- 0.00276
      182/1    1.06239    1.05652 +/- 0.00274
      183/1    1.09355    1.05674 +/- 0.00273
      184/1    1.05151    1.05671 +/- 0.00272
      185/1    1.07305    1.05680 +/- 0.00270
      186/1    1.00717    1.05652 +/- 0.00270
      187/1    1.05461    1.05651 +/- 0.00269
      188/1    1.06557    1.05656 +/- 0.00267
      189/1    1.03456    1.05644 +/- 0.00266
      190/1    1.05834    1.05645 +/- 0.00265
      191/1    1.03368    1.05632 +/- 0.00263
      192/1    0.99544    1.05599 +/- 0.00264
      193/1    1.06317    1.05603 +/- 0.00263
      194/1    1.03205    1.05589 +/- 0.00262
      195/1    1.06382    1.05594 +/- 0.00260
      196/1    1.06369    1.05598 +/- 0.00259
      197/1    1.07286    1.05607 +/- 0.00258
      198/1    1.06938    1.05614 +/- 0.00256
      199/1    1.01425    1.05592 +/- 0.00256
      200/1    1.05453    1.05591 +/- 0.00255
      201/1    1.08326    1.05605 +/- 0.00254
      202/1    1.07768    1.05617 +/- 0.00253
      203/1    1.09559    1.05637 +/- 0.00252
      204/1    1.09637    1.05658 +/- 0.00252
      205/1    0.98520    1.05621 +/- 0.00253
      206/1    1.03639    1.05611 +/- 0.00252
      207/1    1.06962    1.05618 +/- 0.00251
      208/1    1.03147    1.05605 +/- 0.00250
      209/1    1.00546    1.05580 +/- 0.00250
      210/1    1.04898    1.05577 +/- 0.00249
      211/1    1.06369    1.05581 +/- 0.00247
      212/1    0.98590    1.05546 +/- 0.00249
      213/1    1.01351    1.05525 +/- 0.00248
      214/1    1.06823    1.05532 +/- 0.00247
      215/1    1.03052    1.05520 +/- 0.00246
      216/1    1.08731    1.05535 +/- 0.00245
      217/1    1.07933    1.05547 +/- 0.00245
      218/1    1.04564    1.05542 +/- 0.00243
      219/1    1.02555    1.05528 +/- 0.00243
      220/1    1.02370    1.05513 +/- 0.00242
      221/1    1.09923    1.05534 +/- 0.00242
      222/1    1.05214    1.05532 +/- 0.00241
      223/1    0.99641    1.05504 +/- 0.00241
      224/1    1.09988    1.05525 +/- 0.00241
      225/1    1.05724    1.05526 +/- 0.00240
      226/1    1.05001    1.05524 +/- 0.00239
      227/1    1.06155    1.05527 +/- 0.00238
      228/1    1.08283    1.05539 +/- 0.00237
      229/1    1.10441    1.05562 +/- 0.00237
      230/1    1.05597    1.05562 +/- 0.00236
      231/1    1.09840    1.05581 +/- 0.00235
      232/1    1.07936    1.05592 +/- 0.00235
      233/1    1.08467    1.05605 +/- 0.00234
      234/1    1.04178    1.05598 +/- 0.00233
      235/1    1.08328    1.05611 +/- 0.00232
      236/1    1.03224    1.05600 +/- 0.00231
      237/1    1.01356    1.05581 +/- 0.00231
      238/1    1.04862    1.05578 +/- 0.00230
      239/1    1.03243    1.05568 +/- 0.00229
      240/1    0.99440    1.05541 +/- 0.00230
      241/1    1.00876    1.05521 +/- 0.00230
      242/1    1.10853    1.05544 +/- 0.00230
      243/1    1.05427    1.05544 +/- 0.00229
      244/1    1.09313    1.05560 +/- 0.00229
      245/1    1.06993    1.05566 +/- 0.00228
      246/1    1.04492    1.05561 +/- 0.00227
      247/1    1.03785    1.05554 +/- 0.00226
      248/1    1.09149    1.05569 +/- 0.00225
      249/1    1.10129    1.05588 +/- 0.00225
      250/1    1.06002    1.05590 +/- 0.00224
      251/1    1.03003    1.05579 +/- 0.00224
      252/1    1.06119    1.05581 +/- 0.00223
      253/1    1.05674    1.05582 +/- 0.00222
      254/1    1.07686    1.05590 +/- 0.00221
      255/1    1.05185    1.05588 +/- 0.00220
      256/1    1.04723    1.05585 +/- 0.00219
      257/1    1.06236    1.05588 +/- 0.00219
      258/1    1.05693    1.05588 +/- 0.00218
      259/1    1.12906    1.05617 +/- 0.00219
      260/1    1.08343    1.05628 +/- 0.00218
      261/1    1.03819    1.05621 +/- 0.00217
      262/1    1.08165    1.05631 +/- 0.00217
      263/1    1.10688    1.05651 +/- 0.00217
      264/1    1.06412    1.05654 +/- 0.00216
      265/1    1.02580    1.05642 +/- 0.00215
      266/1    1.05245    1.05641 +/- 0.00215
      267/1    1.01532    1.05625 +/- 0.00214
      268/1    1.06095    1.05626 +/- 0.00214
      269/1    1.12047    1.05651 +/- 0.00214
      270/1    1.13000    1.05679 +/- 0.00215
      271/1    1.09705    1.05695 +/- 0.00215
      272/1    1.07605    1.05702 +/- 0.00214
      273/1    1.04766    1.05699 +/- 0.00213
      274/1    1.03967    1.05692 +/- 0.00213
      275/1    1.05454    1.05691 +/- 0.00212
      276/1    1.02786    1.05680 +/- 0.00211
      277/1    1.02775    1.05669 +/- 0.00211
      278/1    1.10341    1.05687 +/- 0.00211
      279/1    1.08603    1.05698 +/- 0.00210
      280/1    1.01484    1.05682 +/- 0.00210
      281/1    1.01362    1.05666 +/- 0.00210
      282/1    1.14999    1.05700 +/- 0.00212
      283/1    1.02517    1.05689 +/- 0.00212
      284/1    0.99601    1.05667 +/- 0.00212
      285/1    1.07783    1.05674 +/- 0.00211
      286/1    1.02706    1.05663 +/- 0.00211
      287/1    1.01628    1.05649 +/- 0.00211
      288/1    1.00673    1.05631 +/- 0.00211
      289/1    0.97568    1.05602 +/- 0.00212
      290/1    1.00485    1.05584 +/- 0.00212
      291/1    1.07388    1.05590 +/- 0.00211
      292/1    1.03388    1.05582 +/- 0.00211
      293/1    1.09333    1.05596 +/- 0.00210
      294/1    1.06854    1.05600 +/- 0.00210
      295/1    1.02116    1.05588 +/- 0.00209
      296/1    1.05984    1.05589 +/- 0.00208
      297/1    1.05091    1.05588 +/- 0.00208
      298/1    1.08217    1.05597 +/- 0.00207
      299/1    1.08900    1.05608 +/- 0.00207
      300/1    1.06880    1.05612 +/- 0.00206
      301/1    1.12384    1.05636 +/- 0.00207
      302/1    1.03630    1.05629 +/- 0.00206
      303/1    1.09364    1.05642 +/- 0.00206
      304/1    1.04001    1.05636 +/- 0.00205
      305/1    1.07799    1.05643 +/- 0.00205
      306/1    1.07757    1.05651 +/- 0.00204
      307/1    1.07161    1.05656 +/- 0.00203
      308/1    1.12227    1.05678 +/- 0.00204
      309/1    1.06832    1.05682 +/- 0.00203
      310/1    1.07914    1.05689 +/- 0.00203
      311/1    1.05513    1.05688 +/- 0.00202
      312/1    1.03209    1.05680 +/- 0.00202
      313/1    1.08021    1.05688 +/- 0.00201
      314/1    1.10385    1.05703 +/- 0.00201
      315/1    1.07018    1.05708 +/- 0.00200
      316/1    1.00092    1.05689 +/- 0.00201
      317/1    0.99780    1.05670 +/- 0.00201
      318/1    1.08306    1.05679 +/- 0.00200
      319/1    0.99398    1.05658 +/- 0.00201
      320/1    1.06110    1.05660 +/- 0.00200
      321/1    1.04031    1.05655 +/- 0.00200
      322/1    1.05712    1.05655 +/- 0.00199
      323/1    1.06305    1.05657 +/- 0.00198
      324/1    1.11088    1.05674 +/- 0.00198
      325/1    1.06957    1.05678 +/- 0.00198
      326/1    1.07257    1.05683 +/- 0.00197
      327/1    0.96734    1.05655 +/- 0.00199
      328/1    1.02310    1.05644 +/- 0.00198
      329/1    1.05601    1.05644 +/- 0.00198
      330/1    1.06481    1.05647 +/- 0.00197
      331/1    1.07722    1.05653 +/- 0.00197
      332/1    1.08576    1.05662 +/- 0.00196
      333/1    1.05299    1.05661 +/- 0.00196
      334/1    1.05223    1.05660 +/- 0.00195
      335/1    1.05030    1.05658 +/- 0.00194
      336/1    1.05883    1.05659 +/- 0.00194
      337/1    1.05799    1.05659 +/- 0.00193
      338/1    1.05123    1.05657 +/- 0.00193
      339/1    1.10525    1.05672 +/- 0.00193
      340/1    1.05674    1.05672 +/- 0.00192
      341/1    1.07669    1.05678 +/- 0.00191
      342/1    1.08795    1.05688 +/- 0.00191
      343/1    1.08622    1.05697 +/- 0.00191
      344/1    1.06698    1.05700 +/- 0.00190
      345/1    1.01984    1.05688 +/- 0.00190
      346/1    1.03391    1.05682 +/- 0.00190
      347/1    1.07882    1.05688 +/- 0.00189
      348/1    0.98723    1.05668 +/- 0.00190
      349/1    1.05374    1.05667 +/- 0.00189
      350/1    1.02136    1.05656 +/- 0.00189
      351/1    1.03125    1.05649 +/- 0.00188
      352/1    1.01566    1.05637 +/- 0.00188
      353/1    1.01738    1.05626 +/- 0.00188
      354/1    1.04539    1.05622 +/- 0.00188
      355/1    1.01480    1.05610 +/- 0.00187
      356/1    1.08430    1.05619 +/- 0.00187
      357/1    1.02265    1.05609 +/- 0.00187
      358/1    1.11067    1.05625 +/- 0.00187
      359/1    1.01015    1.05611 +/- 0.00187
      360/1    1.02740    1.05603 +/- 0.00186
      361/1    1.04351    1.05600 +/- 0.00186
      362/1    1.07608    1.05605 +/- 0.00185
      363/1    1.01780    1.05594 +/- 0.00185
      364/1    0.99438    1.05577 +/- 0.00186
      365/1    1.07858    1.05583 +/- 0.00185
      366/1    1.07074    1.05588 +/- 0.00185
      367/1    1.10405    1.05601 +/- 0.00185
      368/1    1.04932    1.05599 +/- 0.00184
      369/1    1.03718    1.05594 +/- 0.00184
      370/1    1.11168    1.05610 +/- 0.00184
      371/1    1.09834    1.05621 +/- 0.00184
      372/1    1.01570    1.05610 +/- 0.00184
      373/1    1.09398    1.05620 +/- 0.00183
      374/1    1.02825    1.05613 +/- 0.00183
      375/1    1.04325    1.05609 +/- 0.00183
      376/1    1.03174    1.05603 +/- 0.00182
      377/1    1.09392    1.05613 +/- 0.00182
      378/1    0.99531    1.05596 +/- 0.00182
      379/1    1.11672    1.05613 +/- 0.00182
      380/1    1.04881    1.05611 +/- 0.00182
      381/1    1.01888    1.05601 +/- 0.00182
      382/1    0.99881    1.05585 +/- 0.00182
      383/1    1.03021    1.05579 +/- 0.00182
      384/1    1.04244    1.05575 +/- 0.00181
      385/1    1.12219    1.05593 +/- 0.00181
      386/1    1.07876    1.05599 +/- 0.00181
      387/1    1.10846    1.05613 +/- 0.00181
      388/1    1.04171    1.05609 +/- 0.00181
      389/1    1.06575    1.05611 +/- 0.00180
      390/1    1.08180    1.05618 +/- 0.00180
      391/1    1.09329    1.05628 +/- 0.00180
      392/1    1.05497    1.05628 +/- 0.00179
      393/1    1.08276    1.05635 +/- 0.00179
      394/1    1.06936    1.05638 +/- 0.00178
      395/1    1.09322    1.05647 +/- 0.00178
      396/1    1.09263    1.05657 +/- 0.00178
      397/1    1.07204    1.05661 +/- 0.00178
      398/1    1.11152    1.05675 +/- 0.00178
      399/1    1.08659    1.05683 +/- 0.00177
      400/1    1.12747    1.05701 +/- 0.00178
      401/1    1.02798    1.05693 +/- 0.00178
      402/1    1.00983    1.05681 +/- 0.00178
      403/1    1.11072    1.05695 +/- 0.00178
      404/1    1.05288    1.05694 +/- 0.00177
      405/1    1.01253    1.05683 +/- 0.00177
      406/1    1.07328    1.05687 +/- 0.00177
      407/1    1.00561    1.05674 +/- 0.00177
      408/1    1.08619    1.05681 +/- 0.00176
      409/1    1.05122    1.05680 +/- 0.00176
      410/1    0.95444    1.05654 +/- 0.00177
      411/1    0.96609    1.05632 +/- 0.00178
      412/1    1.11555    1.05647 +/- 0.00179
      413/1    1.05826    1.05647 +/- 0.00178
      414/1    1.03491    1.05642 +/- 0.00178
      415/1    1.07372    1.05646 +/- 0.00177
      416/1    1.04639    1.05644 +/- 0.00177
      417/1    1.07425    1.05648 +/- 0.00177
      418/1    1.05757    1.05648 +/- 0.00176
      419/1    1.11481    1.05662 +/- 0.00176
      420/1    1.04808    1.05660 +/- 0.00176
      421/1    1.03677    1.05656 +/- 0.00176
      422/1    1.01852    1.05646 +/- 0.00175
      423/1    1.06679    1.05649 +/- 0.00175
      424/1    1.04979    1.05647 +/- 0.00174
      425/1    1.10283    1.05658 +/- 0.00174
      426/1    1.01335    1.05648 +/- 0.00174
      427/1    1.07026    1.05651 +/- 0.00174
      428/1    1.06897    1.05654 +/- 0.00174
      429/1    1.08958    1.05662 +/- 0.00173
      430/1    1.09453    1.05671 +/- 0.00173
      431/1    1.07312    1.05675 +/- 0.00173
      432/1    1.07102    1.05678 +/- 0.00172
      433/1    1.13039    1.05696 +/- 0.00173
      434/1    1.03918    1.05692 +/- 0.00172
      435/1    1.02648    1.05684 +/- 0.00172
      436/1    1.10329    1.05695 +/- 0.00172
      437/1    1.05101    1.05694 +/- 0.00172
      438/1    1.00238    1.05681 +/- 0.00172
      439/1    1.05289    1.05680 +/- 0.00171
      440/1    1.03173    1.05674 +/- 0.00171
      441/1    1.00861    1.05663 +/- 0.00171
      442/1    1.05871    1.05664 +/- 0.00171
      443/1    1.04911    1.05662 +/- 0.00170
      444/1    1.06760    1.05665 +/- 0.00170
      445/1    1.02333    1.05657 +/- 0.00170
      446/1    1.04236    1.05654 +/- 0.00169
      447/1    1.05355    1.05653 +/- 0.00169
      448/1    1.11835    1.05667 +/- 0.00169
      449/1    1.07760    1.05672 +/- 0.00169
      450/1    1.04543    1.05669 +/- 0.00169
      451/1    1.00566    1.05658 +/- 0.00169
      452/1    1.05921    1.05658 +/- 0.00168
      453/1    1.06251    1.05660 +/- 0.00168
      454/1    1.12207    1.05674 +/- 0.00168
      455/1    0.98747    1.05659 +/- 0.00168
      456/1    1.06883    1.05662 +/- 0.00168
      457/1    1.08786    1.05669 +/- 0.00168
      458/1    1.06251    1.05670 +/- 0.00167
      459/1    1.04705    1.05668 +/- 0.00167
      460/1    1.06057    1.05669 +/- 0.00167
      461/1    1.09275    1.05677 +/- 0.00167
      462/1    1.04200    1.05673 +/- 0.00166
      463/1    1.04829    1.05671 +/- 0.00166
      464/1    1.04378    1.05669 +/- 0.00166
      465/1    1.03411    1.05664 +/- 0.00165
      466/1    1.03058    1.05658 +/- 0.00165
      467/1    1.07494    1.05662 +/- 0.00165
      468/1    1.03518    1.05657 +/- 0.00164
      469/1    1.00791    1.05647 +/- 0.00164
      470/1    1.08571    1.05653 +/- 0.00164
      471/1    1.12240    1.05667 +/- 0.00164
      472/1    1.06617    1.05669 +/- 0.00164
      473/1    1.10415    1.05680 +/- 0.00164
      474/1    1.13594    1.05697 +/- 0.00165
      475/1    1.04717    1.05695 +/- 0.00164
      476/1    1.10531    1.05705 +/- 0.00164
      477/1    1.10117    1.05714 +/- 0.00164
      478/1    1.05861    1.05715 +/- 0.00164
      479/1    1.07619    1.05719 +/- 0.00163
      480/1    1.12238    1.05733 +/- 0.00164
      481/1    1.03058    1.05727 +/- 0.00163
      482/1    1.04082    1.05723 +/- 0.00163
      483/1    1.08073    1.05728 +/- 0.00163
      484/1    1.08738    1.05735 +/- 0.00163
      485/1    1.02097    1.05727 +/- 0.00162
      486/1    1.06337    1.05728 +/- 0.00162
      487/1    1.03134    1.05723 +/- 0.00162
      488/1    1.04648    1.05721 +/- 0.00162
      489/1    0.99175    1.05707 +/- 0.00162
      490/1    1.01134    1.05698 +/- 0.00162
      491/1    1.03478    1.05693 +/- 0.00161
      492/1    1.12094    1.05706 +/- 0.00162
      493/1    1.06846    1.05709 +/- 0.00161
      494/1    1.04146    1.05705 +/- 0.00161
      495/1    1.07593    1.05709 +/- 0.00161
      496/1    1.04883    1.05708 +/- 0.00160
      497/1    1.02329    1.05701 +/- 0.00160
      498/1    1.06749    1.05703 +/- 0.00160
      499/1    1.06296    1.05704 +/- 0.00160
      500/1    1.05724    1.05704 +/- 0.00159
      501/1    1.04670    1.05702 +/- 0.00159
      502/1    1.09479    1.05710 +/- 0.00159
      503/1    1.05101    1.05708 +/- 0.00159
      504/1    1.02333    1.05702 +/- 0.00158
      505/1    1.01178    1.05692 +/- 0.00158
      506/1    1.07999    1.05697 +/- 0.00158
      507/1    1.13913    1.05714 +/- 0.00159
      508/1    1.08054    1.05718 +/- 0.00158
      509/1    1.04046    1.05715 +/- 0.00158
      510/1    1.06271    1.05716 +/- 0.00158
      511/1    1.05317    1.05715 +/- 0.00157
      512/1    1.02792    1.05709 +/- 0.00157
      513/1    1.05516    1.05709 +/- 0.00157
      514/1    1.05189    1.05708 +/- 0.00157
      515/1    1.00442    1.05698 +/- 0.00157
      516/1    1.00544    1.05687 +/- 0.00157
      517/1    1.02437    1.05681 +/- 0.00156
      518/1    1.08149    1.05686 +/- 0.00156
      519/1    1.09151    1.05693 +/- 0.00156
      520/1    1.03803    1.05689 +/- 0.00156
      521/1    1.12458    1.05702 +/- 0.00156
      522/1    1.11653    1.05714 +/- 0.00156
      523/1    1.02744    1.05708 +/- 0.00156
      524/1    1.04688    1.05706 +/- 0.00156
      525/1    1.10421    1.05715 +/- 0.00156
      526/1    1.09726    1.05723 +/- 0.00156
      527/1    1.13117    1.05737 +/- 0.00156
      528/1    1.00518    1.05727 +/- 0.00156
      529/1    1.04753    1.05725 +/- 0.00156
      530/1    1.03708    1.05721 +/- 0.00155
      531/1    1.02644    1.05716 +/- 0.00155
      532/1    1.11404    1.05726 +/- 0.00155
      533/1    1.02894    1.05721 +/- 0.00155
      534/1    1.02215    1.05714 +/- 0.00155
      535/1    1.03506    1.05710 +/- 0.00155
      536/1    1.07881    1.05714 +/- 0.00154
      537/1    1.00893    1.05705 +/- 0.00154
      538/1    1.01676    1.05697 +/- 0.00154
      539/1    1.10005    1.05706 +/- 0.00154
      540/1    1.03448    1.05701 +/- 0.00154
      541/1    1.05116    1.05700 +/- 0.00154
      542/1    1.10408    1.05709 +/- 0.00154
      543/1    1.02842    1.05704 +/- 0.00154
      544/1    1.10304    1.05712 +/- 0.00154
      545/1    1.04979    1.05711 +/- 0.00153
      546/1    1.06310    1.05712 +/- 0.00153
      547/1    1.03786    1.05708 +/- 0.00153
      548/1    1.05919    1.05709 +/- 0.00152
      549/1    1.06291    1.05710 +/- 0.00152
      550/1    1.08743    1.05716 +/- 0.00152
      551/1    1.03662    1.05712 +/- 0.00152
      552/1    0.99238    1.05700 +/- 0.00152
      553/1    1.11373    1.05710 +/- 0.00152
      554/1    1.06093    1.05711 +/- 0.00152
      555/1    1.07485    1.05714 +/- 0.00151
      556/1    1.01642    1.05707 +/- 0.00151
      557/1    1.04696    1.05705 +/- 0.00151
      558/1    1.03656    1.05701 +/- 0.00151
      559/1    0.96298    1.05684 +/- 0.00152
      560/1    1.06448    1.05685 +/- 0.00151
      561/1    1.04213    1.05683 +/- 0.00151
      562/1    0.97270    1.05668 +/- 0.00152
      563/1    0.99252    1.05656 +/- 0.00152
      564/1    1.07723    1.05660 +/- 0.00151
      565/1    1.08198    1.05664 +/- 0.00151
      566/1    1.05845    1.05665 +/- 0.00151
      567/1    1.02231    1.05658 +/- 0.00151
      568/1    1.08367    1.05663 +/- 0.00151
      569/1    1.00584    1.05654 +/- 0.00151
      570/1    1.03652    1.05651 +/- 0.00150
      571/1    1.06155    1.05651 +/- 0.00150
      572/1    1.09683    1.05659 +/- 0.00150
      573/1    1.07136    1.05661 +/- 0.00150
      574/1    1.02739    1.05656 +/- 0.00150
      575/1    1.06546    1.05658 +/- 0.00149
      576/1    1.09396    1.05664 +/- 0.00149
      577/1    1.06657    1.05666 +/- 0.00149
      578/1    1.03642    1.05662 +/- 0.00149
      579/1    1.06765    1.05664 +/- 0.00149
      580/1    1.07731    1.05668 +/- 0.00148
      581/1    1.06915    1.05670 +/- 0.00148
      582/1    1.03009    1.05666 +/- 0.00148
      583/1    1.07930    1.05670 +/- 0.00148
      584/1    1.03931    1.05666 +/- 0.00147
      585/1    1.06630    1.05668 +/- 0.00147
      586/1    1.05424    1.05668 +/- 0.00147
      587/1    0.95698    1.05650 +/- 0.00148
      588/1    0.98817    1.05639 +/- 0.00148
      589/1    1.04665    1.05637 +/- 0.00148
      590/1    1.06961    1.05639 +/- 0.00147
      591/1    1.06618    1.05641 +/- 0.00147
      592/1    1.05744    1.05641 +/- 0.00147
      593/1    1.00914    1.05633 +/- 0.00147
      594/1    1.09178    1.05639 +/- 0.00147
      595/1    1.01980    1.05633 +/- 0.00147
      596/1    1.05738    1.05633 +/- 0.00146
      597/1    1.04984    1.05632 +/- 0.00146
      598/1    1.07118    1.05634 +/- 0.00146
      599/1    1.01464    1.05627 +/- 0.00146
      600/1    1.04154    1.05625 +/- 0.00146
      601/1    1.02896    1.05620 +/- 0.00146
      602/1    1.07157    1.05623 +/- 0.00145
      603/1    1.07754    1.05626 +/- 0.00145
      604/1    0.99146    1.05615 +/- 0.00145
      605/1    1.05610    1.05615 +/- 0.00145
      606/1    1.09806    1.05623 +/- 0.00145
      607/1    1.10905    1.05631 +/- 0.00145
      608/1    1.05367    1.05631 +/- 0.00145
      609/1    1.11593    1.05641 +/- 0.00145
      610/1    1.07299    1.05644 +/- 0.00145
      611/1    0.96774    1.05629 +/- 0.00145
      612/1    1.05912    1.05629 +/- 0.00145
      613/1    1.06462    1.05631 +/- 0.00145
      614/1    1.10139    1.05638 +/- 0.00145
      615/1    1.09014    1.05644 +/- 0.00144
      616/1    1.05565    1.05644 +/- 0.00144
      617/1    1.04502    1.05642 +/- 0.00144
      618/1    1.13223    1.05654 +/- 0.00144
      619/1    1.06460    1.05656 +/- 0.00144
      620/1    1.04216    1.05653 +/- 0.00144
      621/1    1.03092    1.05649 +/- 0.00144
      622/1    1.03974    1.05646 +/- 0.00143
      623/1    1.09283    1.05652 +/- 0.00143
      624/1    1.04998    1.05651 +/- 0.00143
      625/1    1.03774    1.05648 +/- 0.00143
      626/1    1.05914    1.05649 +/- 0.00143
      627/1    1.10527    1.05656 +/- 0.00143
      628/1    1.06825    1.05658 +/- 0.00142
      629/1    1.09133    1.05664 +/- 0.00142
      630/1    1.04101    1.05661 +/- 0.00142
      631/1    1.06574    1.05663 +/- 0.00142
      632/1    1.04371    1.05661 +/- 0.00142
      633/1    1.07033    1.05663 +/- 0.00142
      634/1    1.06275    1.05664 +/- 0.00141
      635/1    1.06799    1.05666 +/- 0.00141
      636/1    1.10017    1.05673 +/- 0.00141
      637/1    1.02975    1.05668 +/- 0.00141
      638/1    1.01961    1.05663 +/- 0.00141
      639/1    0.97731    1.05650 +/- 0.00141
      640/1    1.09004    1.05655 +/- 0.00141
      641/1    1.04021    1.05653 +/- 0.00141
      642/1    1.04472    1.05651 +/- 0.00141
      643/1    1.01630    1.05644 +/- 0.00140
      644/1    1.06141    1.05645 +/- 0.00140
      645/1    1.07221    1.05648 +/- 0.00140
      646/1    1.03181    1.05644 +/- 0.00140
      647/1    1.09282    1.05650 +/- 0.00140
      648/1    1.09030    1.05655 +/- 0.00140
      649/1    1.05812    1.05655 +/- 0.00139
      650/1    1.05994    1.05656 +/- 0.00139
      651/1    1.02212    1.05650 +/- 0.00139
      652/1    1.05093    1.05649 +/- 0.00139
      653/1    1.11710    1.05659 +/- 0.00139
      654/1    1.02496    1.05654 +/- 0.00139
      655/1    1.08255    1.05658 +/- 0.00139
      656/1    1.09131    1.05663 +/- 0.00139
      657/1    1.05882    1.05664 +/- 0.00138
      658/1    1.01664    1.05657 +/- 0.00138
      659/1    1.04584    1.05656 +/- 0.00138
      660/1    1.08239    1.05660 +/- 0.00138
      661/1    1.07969    1.05663 +/- 0.00138
      662/1    1.05509    1.05663 +/- 0.00138
      663/1    1.05473    1.05663 +/- 0.00137
      664/1    1.09452    1.05669 +/- 0.00137
      665/1    0.99107    1.05659 +/- 0.00137
      666/1    1.06361    1.05660 +/- 0.00137
      667/1    1.04002    1.05657 +/- 0.00137
      668/1    1.00021    1.05649 +/- 0.00137
      669/1    0.98941    1.05638 +/- 0.00137
      670/1    1.07387    1.05641 +/- 0.00137
      671/1    1.02911    1.05637 +/- 0.00137
      672/1    1.03355    1.05633 +/- 0.00137
      673/1    1.05709    1.05634 +/- 0.00137
      674/1    1.04036    1.05631 +/- 0.00136
      675/1    1.11242    1.05640 +/- 0.00136
      676/1    1.02041    1.05634 +/- 0.00136
      677/1    1.03542    1.05631 +/- 0.00136
      678/1    1.02712    1.05627 +/- 0.00136
      679/1    1.01530    1.05621 +/- 0.00136
      680/1    1.05729    1.05621 +/- 0.00136
      681/1    1.00801    1.05614 +/- 0.00136
      682/1    1.04609    1.05612 +/- 0.00136
      683/1    0.98834    1.05602 +/- 0.00136
      684/1    0.96186    1.05588 +/- 0.00136
      685/1    1.02196    1.05583 +/- 0.00136
      686/1    1.10236    1.05590 +/- 0.00136
      687/1    0.99685    1.05581 +/- 0.00136
      688/1    1.01362    1.05575 +/- 0.00136
      689/1    1.02217    1.05570 +/- 0.00136
      690/1    1.04870    1.05569 +/- 0.00136
      691/1    1.05225    1.05568 +/- 0.00136
      692/1    1.04621    1.05567 +/- 0.00135
      693/1    0.97658    1.05555 +/- 0.00136
      694/1    1.06449    1.05557 +/- 0.00136
      695/1    0.98010    1.05546 +/- 0.00136
      696/1    1.00250    1.05538 +/- 0.00136
      697/1    1.09114    1.05543 +/- 0.00136
      698/1    1.05025    1.05542 +/- 0.00136
      699/1    1.04609    1.05541 +/- 0.00135
      700/1    1.02613    1.05537 +/- 0.00135
      701/1    1.07575    1.05540 +/- 0.00135
      702/1    1.02099    1.05535 +/- 0.00135
      703/1    1.04667    1.05534 +/- 0.00135
      704/1    1.05293    1.05533 +/- 0.00135
      705/1    1.04376    1.05532 +/- 0.00134
      706/1    1.07864    1.05535 +/- 0.00134
      707/1    1.05660    1.05535 +/- 0.00134
      708/1    1.09458    1.05541 +/- 0.00134
      709/1    1.16682    1.05557 +/- 0.00135
      710/1    1.07255    1.05559 +/- 0.00135
      711/1    1.05227    1.05559 +/- 0.00134
      712/1    1.03974    1.05556 +/- 0.00134
      713/1    1.01478    1.05551 +/- 0.00134
      714/1    1.07777    1.05554 +/- 0.00134
      715/1    1.02595    1.05550 +/- 0.00134
      716/1    1.11756    1.05558 +/- 0.00134
      717/1    1.07808    1.05562 +/- 0.00134
      718/1    1.00349    1.05554 +/- 0.00134
      719/1    1.00045    1.05546 +/- 0.00134
      720/1    1.06626    1.05548 +/- 0.00134
      721/1    1.09720    1.05554 +/- 0.00134
      722/1    1.03693    1.05551 +/- 0.00133
      723/1    1.02486    1.05547 +/- 0.00133
      724/1    1.05561    1.05547 +/- 0.00133
      725/1    1.08523    1.05551 +/- 0.00133
      726/1    1.02579    1.05547 +/- 0.00133
      727/1    1.06213    1.05548 +/- 0.00133
      728/1    1.08312    1.05552 +/- 0.00133
      729/1    1.07749    1.05555 +/- 0.00132
      730/1    1.05209    1.05554 +/- 0.00132
      731/1    1.08748    1.05559 +/- 0.00132
      732/1    1.11620    1.05567 +/- 0.00132
      733/1    1.04559    1.05566 +/- 0.00132
      734/1    1.03853    1.05563 +/- 0.00132
      735/1    1.05508    1.05563 +/- 0.00132
      736/1    1.06650    1.05565 +/- 0.00132
      737/1    1.06943    1.05567 +/- 0.00131
      738/1    1.03139    1.05563 +/- 0.00131
      739/1    1.10505    1.05570 +/- 0.00131
      740/1    1.03366    1.05567 +/- 0.00131
      741/1    1.00958    1.05561 +/- 0.00131
      742/1    1.06518    1.05562 +/- 0.00131
      743/1    1.09879    1.05568 +/- 0.00131
      744/1    1.09093    1.05573 +/- 0.00131
      745/1    1.08256    1.05576 +/- 0.00131
      746/1    1.09688    1.05582 +/- 0.00131
      747/1    1.04304    1.05580 +/- 0.00130
      748/1    1.07496    1.05583 +/- 0.00130
      749/1    1.15334    1.05596 +/- 0.00131
      750/1    1.05017    1.05595 +/- 0.00131
      751/1    1.06315    1.05596 +/- 0.00130
      752/1    1.01946    1.05591 +/- 0.00130
      753/1    1.05392    1.05591 +/- 0.00130
      754/1    1.01835    1.05586 +/- 0.00130
      755/1    1.02050    1.05581 +/- 0.00130
      756/1    1.02712    1.05577 +/- 0.00130
      757/1    1.04600    1.05576 +/- 0.00130
      758/1    1.06483    1.05577 +/- 0.00130
      759/1    1.08690    1.05581 +/- 0.00129
      760/1    1.05065    1.05581 +/- 0.00129
      761/1    1.07086    1.05583 +/- 0.00129
      762/1    1.12647    1.05592 +/- 0.00129
      763/1    1.05528    1.05592 +/- 0.00129
      764/1    1.12427    1.05601 +/- 0.00129
      765/1    1.04176    1.05599 +/- 0.00129
      766/1    1.02896    1.05596 +/- 0.00129
      767/1    1.04083    1.05594 +/- 0.00129
      768/1    1.07474    1.05596 +/- 0.00129
      769/1    1.06100    1.05597 +/- 0.00128
      770/1    1.05174    1.05596 +/- 0.00128
      771/1    0.94656    1.05582 +/- 0.00129
      772/1    0.96153    1.05570 +/- 0.00129
      773/1    1.03632    1.05567 +/- 0.00129
      774/1    1.05363    1.05567 +/- 0.00129
      775/1    1.12126    1.05575 +/- 0.00129
      776/1    1.13343    1.05585 +/- 0.00129
      777/1    1.11193    1.05593 +/- 0.00129
      778/1    1.12191    1.05601 +/- 0.00130
      779/1    1.07849    1.05604 +/- 0.00129
      780/1    1.11872    1.05612 +/- 0.00130
      781/1    1.05676    1.05612 +/- 0.00129
      782/1    1.03909    1.05610 +/- 0.00129
      783/1    1.03488    1.05608 +/- 0.00129
      784/1    1.06613    1.05609 +/- 0.00129
      785/1    1.03778    1.05606 +/- 0.00129
      786/1    1.05228    1.05606 +/- 0.00129
      787/1    1.05028    1.05605 +/- 0.00128
      788/1    1.06012    1.05606 +/- 0.00128
      789/1    1.12899    1.05615 +/- 0.00128
      790/1    1.09666    1.05620 +/- 0.00128
      791/1    1.07667    1.05623 +/- 0.00128
      792/1    1.04317    1.05621 +/- 0.00128
      793/1    1.04202    1.05619 +/- 0.00128
      794/1    1.02962    1.05616 +/- 0.00128
      795/1    1.07959    1.05619 +/- 0.00128
      796/1    1.06906    1.05621 +/- 0.00128
      797/1    1.05407    1.05620 +/- 0.00127
      798/1    1.08908    1.05625 +/- 0.00127
      799/1    0.99568    1.05617 +/- 0.00127
      800/1    1.07039    1.05619 +/- 0.00127
      801/1    1.07860    1.05622 +/- 0.00127
      802/1    1.06177    1.05622 +/- 0.00127
      803/1    1.12354    1.05631 +/- 0.00127
      804/1    1.11310    1.05638 +/- 0.00127
      805/1    1.00490    1.05631 +/- 0.00127
      806/1    1.01549    1.05626 +/- 0.00127
      807/1    1.11441    1.05634 +/- 0.00127
      808/1    1.00989    1.05628 +/- 0.00127
      809/1    1.06714    1.05629 +/- 0.00127
      810/1    1.02300    1.05625 +/- 0.00127
      811/1    0.99066    1.05617 +/- 0.00127
      812/1    1.01264    1.05611 +/- 0.00127
      813/1    1.04181    1.05610 +/- 0.00127
      814/1    1.04883    1.05609 +/- 0.00127
      815/1    1.05571    1.05609 +/- 0.00126
      816/1    1.04583    1.05607 +/- 0.00126
      817/1    1.11262    1.05614 +/- 0.00126
      818/1    1.03292    1.05611 +/- 0.00126
      819/1    1.03527    1.05609 +/- 0.00126
      820/1    1.06588    1.05610 +/- 0.00126
      821/1    1.09754    1.05615 +/- 0.00126
      822/1    1.03183    1.05612 +/- 0.00126
      823/1    1.07196    1.05614 +/- 0.00126
      824/1    1.05020    1.05613 +/- 0.00125
      825/1    1.10240    1.05619 +/- 0.00125
      826/1    1.05636    1.05619 +/- 0.00125
      827/1    1.04144    1.05617 +/- 0.00125
      828/1    1.08874    1.05621 +/- 0.00125
      829/1    1.02132    1.05617 +/- 0.00125
      830/1    1.11018    1.05624 +/- 0.00125
      831/1    1.02596    1.05620 +/- 0.00125
      832/1    1.03496    1.05617 +/- 0.00125
      833/1    1.02928    1.05614 +/- 0.00125
      834/1    1.13225    1.05623 +/- 0.00125
      835/1    0.99524    1.05616 +/- 0.00125
      836/1    1.05593    1.05616 +/- 0.00125
      837/1    1.02739    1.05612 +/- 0.00125
      838/1    1.05866    1.05613 +/- 0.00124
      839/1    1.04157    1.05611 +/- 0.00124
      840/1    1.03392    1.05608 +/- 0.00124
      841/1    1.04420    1.05607 +/- 0.00124
      842/1    1.10731    1.05613 +/- 0.00124
      843/1    1.02680    1.05610 +/- 0.00124
      844/1    1.05220    1.05609 +/- 0.00124
      845/1    1.07184    1.05611 +/- 0.00124
      846/1    1.01008    1.05605 +/- 0.00124
      847/1    1.08505    1.05609 +/- 0.00124
      848/1    1.03207    1.05606 +/- 0.00123
      849/1    1.04211    1.05604 +/- 0.00123
      850/1    1.03894    1.05602 +/- 0.00123
      851/1    1.03216    1.05599 +/- 0.00123
      852/1    1.05020    1.05599 +/- 0.00123
      853/1    1.07229    1.05601 +/- 0.00123
      854/1    1.00372    1.05595 +/- 0.00123
      855/1    1.09459    1.05599 +/- 0.00123
      856/1    1.04243    1.05598 +/- 0.00123
      857/1    1.07633    1.05600 +/- 0.00123
      858/1    1.07632    1.05602 +/- 0.00122
      859/1    1.06869    1.05604 +/- 0.00122
      860/1    1.08057    1.05607 +/- 0.00122
      861/1    1.06863    1.05608 +/- 0.00122
      862/1    1.07587    1.05610 +/- 0.00122
      863/1    1.09449    1.05615 +/- 0.00122
      864/1    1.03456    1.05612 +/- 0.00122
      865/1    1.01296    1.05607 +/- 0.00122
      866/1    1.11021    1.05614 +/- 0.00122
      867/1    1.06747    1.05615 +/- 0.00122
      868/1    1.10890    1.05621 +/- 0.00122
      869/1    1.02750    1.05618 +/- 0.00121
      870/1    1.06195    1.05619 +/- 0.00121
      871/1    1.06970    1.05620 +/- 0.00121
      872/1    0.97540    1.05611 +/- 0.00121
      873/1    1.03290    1.05608 +/- 0.00121
      874/1    1.09762    1.05613 +/- 0.00121
      875/1    1.00619    1.05607 +/- 0.00121
      876/1    1.13582    1.05616 +/- 0.00121
      877/1    1.02927    1.05613 +/- 0.00121
      878/1    1.02347    1.05609 +/- 0.00121
      879/1    1.07611    1.05612 +/- 0.00121
      880/1    1.05705    1.05612 +/- 0.00121
      881/1    1.06036    1.05612 +/- 0.00121
      882/1    1.02638    1.05609 +/- 0.00121
      883/1    1.05372    1.05609 +/- 0.00121
      884/1    1.04573    1.05607 +/- 0.00121
      885/1    1.02882    1.05604 +/- 0.00120
      886/1    1.05308    1.05604 +/- 0.00120
      887/1    1.06764    1.05605 +/- 0.00120
      888/1    1.02250    1.05602 +/- 0.00120
      889/1    1.04161    1.05600 +/- 0.00120
      890/1    1.09623    1.05604 +/- 0.00120
      891/1    1.05969    1.05605 +/- 0.00120
      892/1    1.06134    1.05605 +/- 0.00120
      893/1    1.04099    1.05604 +/- 0.00120
      894/1    1.09301    1.05608 +/- 0.00119
      895/1    1.05982    1.05608 +/- 0.00119
      896/1    1.08555    1.05612 +/- 0.00119
      897/1    1.07522    1.05614 +/- 0.00119
      898/1    1.02140    1.05610 +/- 0.00119
      899/1    1.07250    1.05612 +/- 0.00119
      900/1    1.08327    1.05615 +/- 0.00119
      901/1    1.05101    1.05614 +/- 0.00119
      902/1    1.11726    1.05621 +/- 0.00119
      903/1    1.08787    1.05625 +/- 0.00119
      904/1    1.09195    1.05629 +/- 0.00119
      905/1    1.03511    1.05626 +/- 0.00119
      906/1    1.05900    1.05627 +/- 0.00118
      907/1    1.07572    1.05629 +/- 0.00118
      908/1    1.06503    1.05630 +/- 0.00118
      909/1    1.10775    1.05635 +/- 0.00118
      910/1    1.04098    1.05634 +/- 0.00118
      911/1    1.02707    1.05630 +/- 0.00118
      912/1    1.08905    1.05634 +/- 0.00118
      913/1    1.07037    1.05636 +/- 0.00118
      914/1    1.10875    1.05641 +/- 0.00118
      915/1    1.00912    1.05636 +/- 0.00118
      916/1    1.06107    1.05637 +/- 0.00118
      917/1    1.05092    1.05636 +/- 0.00118
      918/1    1.09679    1.05641 +/- 0.00117
      919/1    1.04076    1.05639 +/- 0.00117
      920/1    1.02363    1.05635 +/- 0.00117
      921/1    1.09155    1.05639 +/- 0.00117
      922/1    1.06155    1.05640 +/- 0.00117
      923/1    1.04669    1.05639 +/- 0.00117
      924/1    1.01850    1.05635 +/- 0.00117
      925/1    1.03698    1.05632 +/- 0.00117
      926/1    1.01568    1.05628 +/- 0.00117
      927/1    1.05159    1.05627 +/- 0.00117
      928/1    1.02032    1.05624 +/- 0.00117
      929/1    1.02996    1.05621 +/- 0.00116
      930/1    1.02097    1.05617 +/- 0.00116
      931/1    1.04407    1.05616 +/- 0.00116
      932/1    1.01652    1.05611 +/- 0.00116
      933/1    1.05245    1.05611 +/- 0.00116
      934/1    1.01461    1.05606 +/- 0.00116
      935/1    1.04491    1.05605 +/- 0.00116
      936/1    1.02210    1.05601 +/- 0.00116
      937/1    1.05852    1.05602 +/- 0.00116
      938/1    1.07297    1.05604 +/- 0.00116
      939/1    1.02895    1.05601 +/- 0.00116
      940/1    1.01641    1.05596 +/- 0.00116
      941/1    1.04994    1.05596 +/- 0.00115
      942/1    1.04113    1.05594 +/- 0.00115
      943/1    1.08238    1.05597 +/- 0.00115
      944/1    1.00481    1.05592 +/- 0.00115
      945/1    1.06213    1.05592 +/- 0.00115
      946/1    1.06863    1.05594 +/- 0.00115
      947/1    1.12692    1.05601 +/- 0.00115
      948/1    1.08071    1.05604 +/- 0.00115
      949/1    1.02945    1.05601 +/- 0.00115
      950/1    1.07342    1.05603 +/- 0.00115
      951/1    1.09345    1.05607 +/- 0.00115
      952/1    1.08350    1.05610 +/- 0.00115
      953/1    1.06318    1.05610 +/- 0.00115
      954/1    1.08176    1.05613 +/- 0.00114
      955/1    1.07906    1.05616 +/- 0.00114
      956/1    0.96849    1.05606 +/- 0.00115
      957/1    1.00243    1.05601 +/- 0.00115
      958/1    1.05803    1.05601 +/- 0.00115
      959/1    1.11893    1.05607 +/- 0.00115
      960/1    1.10976    1.05613 +/- 0.00115
      961/1    1.12290    1.05620 +/- 0.00115
      962/1    0.98281    1.05612 +/- 0.00115
      963/1    1.05285    1.05612 +/- 0.00115
      964/1    1.10153    1.05617 +/- 0.00115
      965/1    1.04029    1.05615 +/- 0.00115
      966/1    1.04071    1.05614 +/- 0.00114
      967/1    1.01970    1.05610 +/- 0.00114
      968/1    0.98223    1.05602 +/- 0.00115
      969/1    1.02902    1.05599 +/- 0.00114
      970/1    1.03155    1.05597 +/- 0.00114
      971/1    1.08398    1.05600 +/- 0.00114
      972/1    0.98452    1.05592 +/- 0.00114
      973/1    1.08134    1.05595 +/- 0.00114
      974/1    1.05893    1.05595 +/- 0.00114
      975/1    1.05721    1.05595 +/- 0.00114
      976/1    1.04458    1.05594 +/- 0.00114
      977/1    1.05423    1.05594 +/- 0.00114
      978/1    1.03109    1.05591 +/- 0.00114
      979/1    1.07558    1.05593 +/- 0.00114
      980/1    1.07285    1.05595 +/- 0.00114
      981/1    1.06349    1.05596 +/- 0.00113
      982/1    1.04272    1.05595 +/- 0.00113
      983/1    1.06515    1.05595 +/- 0.00113
      984/1    1.07604    1.05598 +/- 0.00113
      985/1    1.04145    1.05596 +/- 0.00113
      986/1    1.09062    1.05600 +/- 0.00113
      987/1    1.05657    1.05600 +/- 0.00113
      988/1    1.09081    1.05603 +/- 0.00113
      989/1    1.03446    1.05601 +/- 0.00113
      990/1    1.05268    1.05601 +/- 0.00113
      991/1    1.07213    1.05602 +/- 0.00112
      992/1    1.07646    1.05604 +/- 0.00112
      993/1    1.05678    1.05604 +/- 0.00112
      994/1    1.06718    1.05606 +/- 0.00112
      995/1    1.08513    1.05609 +/- 0.00112
      996/1    1.01898    1.05605 +/- 0.00112
      997/1    1.06222    1.05605 +/- 0.00112
      998/1    1.08750    1.05609 +/- 0.00112
      999/1    1.04611    1.05608 +/- 0.00112
     1000/1    0.98790    1.05601 +/- 0.00112
 Creating state point statepoint.1000.h5...

 =======================>     TIMING STATISTICS     <=======================

 Total time for initialization     = 3.6868e+00 seconds
   Reading cross sections          = 3.6479e+00 seconds
 Total time in simulation          = 3.9444e+01 seconds
   Time in transport only          = 3.9218e+01 seconds
   Time in inactive batches        = 5.2831e-01 seconds
   Time in active batches          = 3.8915e+01 seconds
   Time synchronizing fission bank = 9.1035e-02 seconds
     Sampling source sites         = 7.7188e-02 seconds
     SEND/RECV source sites        = 1.2944e-02 seconds
   Time accumulating tallies       = 5.0489e-04 seconds
   Time writing statepoints        = 2.1582e-03 seconds
 Total time for finalization       = 1.8180e-06 seconds
 Total time elapsed                = 4.3169e+01 seconds
 Calculation Rate (inactive)       = 18928.3 particles/second
 Calculation Rate (active)         = 25439.8 particles/second

 ============================>     RESULTS     <============================

 k-effective (Collision)     = 1.05469 +/- 0.00081
 k-effective (Track-length)  = 1.05601 +/- 0.00112
 k-effective (Absorption)    = 1.05172 +/- 0.00101
 Combined k-effective        = 1.05371 +/- 0.00067
 Leakage Fraction            = 0.00000 +/- 0.00000

